04-21 20:52:57.630 D/dalvikvm(1168): GC_FOR_ALLOC freed 255K, 19% free 4119K/5024K, paused 22ms, total 22ms
04-21 20:52:57.661 D/dalvikvm(1168): GC_CONCURRENT freed 240K, 13% free 4374K/5024K, paused 3ms+2ms, total 24ms
04-21 20:52:57.661 D/dalvikvm(1168): WAIT_FOR_CONCURRENT_GC blocked 16ms
04-21 20:52:57.661 I/dalvikvm-heap(1168): Grow heap (frag case) to 4.665MB for 232364-byte allocation
04-21 20:52:57.684 D/dalvikvm(1168): GC_FOR_ALLOC freed <1K, 13% free 4601K/5252K, paused 24ms, total 24ms
04-21 20:52:57.848 D/dalvikvm(1168): GC_CONCURRENT freed 405K, 11% free 4918K/5504K, paused 3ms+4ms, total 26ms
04-21 20:52:58.020 D/dalvikvm(1168): GC_CONCURRENT freed 187K, 7% free 5604K/5968K, paused 1ms+2ms, total 33ms
04-21 20:52:58.020 D/dalvikvm(1168): WAIT_FOR_CONCURRENT_GC blocked 11ms
04-21 20:52:58.192 W/Settings(681): Setting auto_time_zone has moved from android.provider.Settings.System to android.provider.Settings.Global, returning read-only value.
04-21 20:52:58.192 D/AlarmManagerService(378): Kernel timezone updated to 300 minutes west of GMT
04-21 20:52:58.192 W/Settings(681): Setting auto_time has moved from android.provider.Settings.System to android.provider.Settings.Global, returning read-only value.
04-21 20:52:58.215 D/dalvikvm(1168): GC_CONCURRENT freed 669K, 13% free 6028K/6876K, paused 1ms+2ms, total 39ms
04-21 20:52:58.215 D/dalvikvm(1168): WAIT_FOR_CONCURRENT_GC blocked 16ms
04-21 20:52:58.465 D/dalvikvm(1168): GC_CONCURRENT freed 881K, 15% free 6347K/7408K, paused 4ms+4ms, total 53ms
04-21 20:52:58.481 D/mrn     (1168): ics: Unknown action []
04-21 20:52:58.481 I/ActivityManager(378): Start proc com.truecaller for broadcast com.truecaller/.service.Receiver: pid=1186 uid=10208 gids={50208, 3003, 1015, 1028}
04-21 20:52:58.497 I/dalvikvm(1186): Turning on JNI app bug workarounds for target SDK version 11...
04-21 20:52:58.512 E/Trace   (1186): error opening trace file: No such file or directory (2)
04-21 20:52:58.645 D/dalvikvm(1186): GC_CONCURRENT freed 255K, 15% free 2501K/2936K, paused 3ms+3ms, total 23ms
04-21 20:52:58.661 I/ActivityManager(378): Start proc com.klinker.android.messaging_donate for broadcast com.klinker.android.messaging_donate/com.klinker.android.messaging_sliding.TextMessageReceiver: pid=1202 uid=10144 gids={50144, 1015, 3003, 1028}
04-21 20:52:58.692 I/ActivityManager(378): Start proc android.process.acore for content provider com.android.providers.contacts/.ContactsProvider2: pid=1214 uid=10000 gids={50000, 3003, 1015, 1028}
04-21 20:52:58.715 E/Trace   (1202): error opening trace file: No such file or directory (2)
04-21 20:52:58.731 E/Trace   (1214): error opening trace file: No such file or directory (2)
04-21 20:52:58.833 D/dalvikvm(1214): GC_CONCURRENT freed 209K, 14% free 2557K/2940K, paused 2ms+3ms, total 24ms
04-21 20:52:58.942 D/CountryDetector(378): The first listener is added
04-21 20:52:59.005 D/dalvikvm(1214): GC_CONCURRENT freed 200K, 12% free 2843K/3220K, paused 4ms+6ms, total 31ms
04-21 20:52:59.348 D/dalvikvm(1202): GC_CONCURRENT freed 256K, 15% free 2530K/2964K, paused 2ms+2ms, total 34ms
04-21 20:52:59.419 D/dalvikvm(936): GC_CONCURRENT freed 317K, 23% free 3393K/4364K, paused 2ms+22ms, total 46ms
04-21 20:52:59.465 D/dalvikvm(540): GC_FOR_ALLOC freed 1433K, 30% free 23256K/32888K, paused 31ms, total 31ms
04-21 20:52:59.481 I/ActivityManager(378): START u0 {flg=0x10000000 cmp=com.klinker.android.messaging_donate/com.klinker.android.messaging_sliding.QuickReply (has extras)} from pid 1202
04-21 20:52:59.551 I/ActivityManager(378): Start proc com.google.android.apps.plus for broadcast com.google.android.apps.plus/.service.CameraMonitor: pid=1238 uid=10123 gids={50123, 3003, 3002, 1015, 1006, 1028}
04-21 20:52:59.559 D/dalvikvm(130): GC_EXPLICIT freed 39K, 9% free 2310K/2528K, paused 2ms+1ms, total 23ms
04-21 20:52:59.575 D/dalvikvm(130): GC_EXPLICIT freed <1K, 9% free 2310K/2528K, paused 2ms+1ms, total 15ms
04-21 20:52:59.590 D/dalvikvm(130): GC_EXPLICIT freed <1K, 9% free 2310K/2528K, paused 1ms+1ms, total 18ms
04-21 20:52:59.598 E/Trace   (1238): error opening trace file: No such file or directory (2)
04-21 20:52:59.630 D/dalvikvm(1202): GC_CONCURRENT freed 213K, 13% free 2760K/3160K, paused 3ms+1ms, total 16ms
04-21 20:52:59.645 E/SQLiteLog(681): (1) no such column: sort_index
04-21 20:52:59.653 E/DatabaseUtils(681): Writing exception to parcel
04-21 20:52:59.653 E/DatabaseUtils(681): android.database.sqlite.SQLiteException: no such column: sort_index (code 1): , while compiling: SELECT _id, sort_index, recipient_ids, snippet, snippet_cs FROM threads ORDER BY  date DESC
04-21 20:52:59.653 E/DatabaseUtils(681): 	at android.database.sqlite.SQLiteConnection.nativePrepareStatement(Native Method)
04-21 20:52:59.653 E/DatabaseUtils(681): 	at android.database.sqlite.SQLiteConnection.acquirePreparedStatement(SQLiteConnection.java:882)
04-21 20:52:59.653 E/DatabaseUtils(681): 	at android.database.sqlite.SQLiteConnection.prepare(SQLiteConnection.java:493)
04-21 20:52:59.653 E/DatabaseUtils(681): 	at android.database.sqlite.SQLiteSession.prepare(SQLiteSession.java:588)
04-21 20:52:59.653 E/DatabaseUtils(681): 	at android.database.sqlite.SQLiteProgram.<init>(SQLiteProgram.java:58)
04-21 20:52:59.653 E/DatabaseUtils(681): 	at android.database.sqlite.SQLiteQuery.<init>(SQLiteQuery.java:37)
04-21 20:52:59.653 E/DatabaseUtils(681): 	at android.database.sqlite.SQLiteDirectCursorDriver.query(SQLiteDirectCursorDriver.java:44)
04-21 20:52:59.653 E/DatabaseUtils(681): 	at android.database.sqlite.SQLiteDatabase.rawQueryWithFactory(SQLiteDatabase.java:1314)
04-21 20:52:59.653 E/DatabaseUtils(681): 	at android.database.sqlite.SQLiteDatabase.queryWithFactory(SQLiteDatabase.java:1161)
04-21 20:52:59.653 E/DatabaseUtils(681): 	at android.database.sqlite.SQLiteDatabase.query(SQLiteDatabase.java:1032)
04-21 20:52:59.653 E/DatabaseUtils(681): 	at android.database.sqlite.SQLiteDatabase.query(SQLiteDatabase.java:1200)
04-21 20:52:59.653 E/DatabaseUtils(681): 	at com.android.providers.telephony.MmsSmsProvider.getSimpleConversations(MmsSmsProvider.java:719)
04-21 20:52:59.653 E/DatabaseUtils(681): 	at com.android.providers.telephony.MmsSmsProvider.query(MmsSmsProvider.java:309)
04-21 20:52:59.653 E/DatabaseUtils(681): 	at android.content.ContentProvider.query(ContentProvider.java:652)
04-21 20:52:59.653 E/DatabaseUtils(681): 	at android.content.ContentProvider$Transport.query(ContentProvider.java:189)
04-21 20:52:59.653 E/DatabaseUtils(681): 	at android.content.ContentProviderNative.onTransact(ContentProviderNative.java:113)
04-21 20:52:59.653 E/DatabaseUtils(681): 	at android.os.Binder.execTransact(Binder.java:351)
04-21 20:52:59.653 E/DatabaseUtils(681): 	at dalvik.system.NativeStart.run(Native Method)
04-21 20:52:59.661 D/dalvikvm(1238): GC_CONCURRENT freed 450K, 21% free 2373K/3000K, paused 2ms+2ms, total 27ms
04-21 20:52:59.661 D/dalvikvm(1238): WAIT_FOR_CONCURRENT_GC blocked 9ms
04-21 20:52:59.723 I/ActivityManager(378): Start proc com.android.inputmethod.latin for service com.android.inputmethod.latin/.spellcheck.AndroidSpellCheckerService: pid=1255 uid=10019 gids={50019, 1028}
04-21 20:52:59.739 D/dalvikvm(1238): GC_CONCURRENT freed 497K, 22% free 2390K/3064K, paused 5ms+1ms, total 30ms
04-21 20:52:59.739 D/dalvikvm(1238): WAIT_FOR_CONCURRENT_GC blocked 17ms
04-21 20:52:59.747 D/libEGL  (1202): loaded /vendor/lib/egl/libEGL_POWERVR_SGX540_120.so
04-21 20:52:59.755 D/libEGL  (1202): loaded /vendor/lib/egl/libGLESv1_CM_POWERVR_SGX540_120.so
04-21 20:52:59.755 D/libEGL  (1202): loaded /vendor/lib/egl/libGLESv2_POWERVR_SGX540_120.so
04-21 20:52:59.778 D/dalvikvm(1238): GC_FOR_ALLOC freed 227K, 22% free 2401K/3064K, paused 13ms, total 13ms
04-21 20:52:59.794 D/dalvikvm(1238): GC_FOR_ALLOC freed 1K, 22% free 2418K/3084K, paused 17ms, total 18ms
04-21 20:52:59.801 D/OpenGLRenderer(1202): Enabling debug mode 0
04-21 20:52:59.848 I/ActivityManager(378): Start proc android.process.media for content provider com.android.providers.media/.MediaProvider: pid=1272 uid=10011 gids={50011, 1015, 1023, 1024, 1028, 2001, 3003, 3007}
04-21 20:52:59.864 E/Trace   (1255): error opening trace file: No such file or directory (2)
04-21 20:52:59.880 D/dalvikvm(1238): GC_FOR_ALLOC freed 95K, 20% free 2502K/3104K, paused 25ms, total 25ms
04-21 20:52:59.919 D/dalvikvm(1214): GC_CONCURRENT freed 189K, 11% free 3060K/3428K, paused 3ms+2ms, total 31ms
04-21 20:52:59.965 E/Trace   (1272): error opening trace file: No such file or directory (2)
04-21 20:53:00.051 D/dalvikvm(1238): GC_CONCURRENT freed 177K, 12% free 2834K/3192K, paused 3ms+8ms, total 58ms
04-21 20:53:00.051 D/dalvikvm(1238): WAIT_FOR_CONCURRENT_GC blocked 1ms
04-21 20:53:00.059 I/DownloadManager(1272): in removeSpuriousFiles
04-21 20:53:00.176 D/dalvikvm(1238): GC_CONCURRENT freed 147K, 10% free 3182K/3500K, paused 2ms+3ms, total 44ms
04-21 20:53:00.239 D/dalvikvm(378): GC_EXPLICIT freed 1707K, 24% free 28021K/36468K, paused 6ms+19ms, total 395ms
04-21 20:53:00.309 D/dalvikvm(1238): GC_CONCURRENT freed 206K, 11% free 3461K/3872K, paused 2ms+6ms, total 39ms
04-21 20:53:00.309 D/dalvikvm(1238): WAIT_FOR_CONCURRENT_GC blocked 25ms
04-21 20:53:00.309 D/dalvikvm(1238): WAIT_FOR_CONCURRENT_GC blocked 25ms
04-21 20:53:00.333 I/ActivityManager(378): Displayed com.klinker.android.messaging_donate/com.klinker.android.messaging_sliding.QuickReply: +818ms
04-21 20:53:00.356 D/dalvikvm(1238): GC_FOR_ALLOC freed 214K, 12% free 3589K/4064K, paused 17ms, total 17ms
04-21 20:53:00.356 I/dalvikvm-heap(1238): Grow heap (frag case) to 3.924MB for 260112-byte allocation
04-21 20:53:00.387 E/a       (10353): Invalid input to AbstructCompatWrapper
04-21 20:53:00.387 E/a       (10353): Invalid input to AbstructCompatWrapper
04-21 20:53:00.387 D/dalvikvm(1238): GC_FOR_ALLOC freed 126K, 14% free 3717K/4320K, paused 35ms, total 35ms
04-21 20:53:00.419 D/dalvikvm(1238): GC_FOR_ALLOC freed 311K, 16% free 3698K/4384K, paused 20ms, total 20ms
04-21 20:53:00.434 D/dalvikvm(1238): GC_FOR_ALLOC freed 62K, 15% free 3762K/4384K, paused 15ms, total 15ms
04-21 20:53:00.450 D/dalvikvm(1238): GC_FOR_ALLOC freed 126K, 12% free 3890K/4384K, paused 14ms, total 15ms
04-21 20:53:00.465 D/dalvikvm(1238): GC_FOR_ALLOC freed 307K, 16% free 3870K/4556K, paused 14ms, total 14ms
04-21 20:53:00.481 D/dalvikvm(1238): GC_FOR_ALLOC freed 62K, 14% free 3933K/4556K, paused 14ms, total 14ms
04-21 20:53:00.481 I/dalvikvm-heap(1238): Grow heap (frag case) to 4.261MB for 260112-byte allocation
04-21 20:53:00.520 D/dalvikvm(1238): GC_FOR_ALLOC freed 126K, 16% free 4061K/4812K, paused 36ms, total 36ms
04-21 20:53:00.637 D/dalvikvm(1238): GC_CONCURRENT freed 340K, 11% free 4290K/4812K, paused 1ms+8ms, total 44ms
04-21 20:53:00.684 D/dalvikvm(540): GC_FOR_ALLOC freed 142K, 26% free 24594K/32888K, paused 101ms, total 108ms
04-21 20:53:00.684 I/dalvikvm-heap(540): Grow heap (frag case) to 24.339MB for 155152-byte allocation
04-21 20:53:00.731 D/LMT::KeyboardStateListener(936): New keyboard state: true
04-21 20:53:00.809 D/dalvikvm(540): GC_FOR_ALLOC freed 11K, 26% free 24734K/33040K, paused 127ms, total 127ms
04-21 20:53:00.934 D/dalvikvm(540): GC_FOR_ALLOC freed <1K, 26% free 24734K/33040K, paused 121ms, total 121ms
04-21 20:53:00.934 I/dalvikvm-heap(540): Grow heap (frag case) to 24.476MB for 155152-byte allocation
04-21 20:53:00.973 D/dalvikvm(1238): GC_CONCURRENT freed 141K, 7% free 4814K/5132K, paused 4ms+2ms, total 92ms
04-21 20:53:00.973 D/dalvikvm(1238): WAIT_FOR_CONCURRENT_GC blocked 48ms
04-21 20:53:01.005 D/dalvikvm(540): GC_FOR_ALLOC freed 0K, 26% free 24886K/33192K, paused 72ms, total 72ms
04-21 20:53:01.059 D/dalvikvm(540): GC_FOR_ALLOC freed <1K, 26% free 24886K/33192K, paused 50ms, total 51ms
04-21 20:53:01.059 I/dalvikvm-heap(540): Grow heap (frag case) to 24.625MB for 155152-byte allocation
04-21 20:53:01.122 D/dalvikvm(540): GC_FOR_ALLOC freed 0K, 25% free 25038K/33344K, paused 62ms, total 62ms
04-21 20:53:01.161 D/dalvikvm(1272): GC_CONCURRENT freed 221K, 14% free 2477K/2876K, paused 25ms+1ms, total 150ms
04-21 20:53:01.184 D/dalvikvm(1238): GC_CONCURRENT freed 524K, 13% free 5126K/5828K, paused 3ms+6ms, total 89ms
04-21 20:53:01.184 D/dalvikvm(1238): WAIT_FOR_CONCURRENT_GC blocked 55ms
04-21 20:53:01.200 D/dalvikvm(540): GC_FOR_ALLOC freed <1K, 25% free 25038K/33344K, paused 75ms, total 75ms
04-21 20:53:01.200 I/dalvikvm-heap(540): Grow heap (frag case) to 24.773MB for 155152-byte allocation
04-21 20:53:01.239 D/dalvikvm(540): GC_FOR_ALLOC freed 20K, 25% free 25169K/33496K, paused 43ms, total 43ms
04-21 20:53:01.278 D/dalvikvm(540): GC_FOR_ALLOC freed <1K, 25% free 25170K/33496K, paused 38ms, total 39ms
04-21 20:53:01.278 I/dalvikvm-heap(540): Grow heap (frag case) to 24.901MB for 155152-byte allocation
04-21 20:53:01.317 D/dalvikvm(540): GC_FOR_ALLOC freed <1K, 25% free 25321K/33648K, paused 38ms, total 38ms
04-21 20:53:01.380 D/dalvikvm(540): GC_FOR_ALLOC freed <1K, 25% free 25322K/33648K, paused 54ms, total 62ms
04-21 20:53:01.380 I/dalvikvm-heap(540): Grow heap (frag case) to 25.049MB for 155152-byte allocation
04-21 20:53:01.419 D/dalvikvm(1238): GC_CONCURRENT freed 211K, 7% free 5856K/6244K, paused 3ms+2ms, total 88ms
04-21 20:53:01.419 D/dalvikvm(1238): WAIT_FOR_CONCURRENT_GC blocked 38ms
04-21 20:53:01.426 D/dalvikvm(540): GC_FOR_ALLOC freed 0K, 25% free 25473K/33800K, paused 44ms, total 44ms
04-21 20:53:01.497 D/gp.PicasaPhotoCP(1238): set fsid first time:-1
04-21 20:53:01.583 W/AssetRedirectionManager(378): Unable to attach target package assets for com.android.gallery3d
04-21 20:53:01.590 D/BluetoothManagerService(378): Message: 20
04-21 20:53:01.590 D/BluetoothManagerService(378): Added callback: android.bluetooth.IBluetoothManagerCallback$Stub$Proxy@421b3600:true
04-21 20:53:01.700 D/dalvikvm(1214): GC_CONCURRENT freed 142K, 9% free 3311K/3636K, paused 3ms+2ms, total 22ms
04-21 20:53:01.770 I/ActivityManager(378): Process com.google.android.gm (pid 977) has died.
04-21 20:53:02.090 I/ActivityManager(378): Process com.google.android.gms (pid 995) has died.
04-21 20:53:02.200 I/ActivityManager(378): Process com.google.android.apps.plus (pid 1238) has died.
04-21 20:53:02.512 W/AssetRedirectionManager(378): Unable to attach target package assets for com.whitepages.scid
04-21 20:53:02.614 D/CountryDetector(378): No listener is left
04-21 20:53:02.614 I/ActivityManager(378): Process android.process.acore (pid 1214) has died.
04-21 20:53:03.973 I/ActivityManager(378): Start proc android.process.acore for broadcast com.android.providers.contacts/.PackageIntentReceiver: pid=1329 uid=10000 gids={50000, 3003, 1015, 1028}
04-21 20:53:04.075 I/InputReader(378): Reconfiguring input devices.  changes=0x00000010
04-21 20:53:04.294 E/Trace   (1329): error opening trace file: No such file or directory (2)
04-21 20:53:04.395 E/Nova.AppsCustomizePagedView(734): Widget ComponentInfo{com.devhd.feedly/com.devhd.feedly.widget.FeedlyWidgetProvider_4_1} has invalid dimensions (0, 0)
04-21 20:53:04.458 D/dalvikvm(1329): GC_CONCURRENT freed 182K, 13% free 2549K/2912K, paused 40ms+8ms, total 71ms
04-21 20:53:04.458 I/ActivityManager(378): Process com.dropbox.android (pid 1080) has died.
04-21 20:53:04.458 W/ActivityManager(378): Scheduling restart of crashed service com.dropbox.android/.service.CameraUploadService in 64403ms
04-21 20:53:04.458 W/ActivityManager(378): Scheduling restart of crashed service com.dropbox.android/.service.NotificationService in 74403ms
04-21 20:53:04.536 I/ActivityManager(378): Start proc com.android.voicedialer for broadcast com.android.voicedialer/.VoiceDialerReceiver: pid=1346 uid=10048 gids={50048, 3002, 1028}
04-21 20:53:04.583 E/Trace   (1346): error opening trace file: No such file or directory (2)
04-21 20:53:04.817 I/ActivityManager(378): Start proc com.android.vending for broadcast com.android.vending/com.google.android.finsky.receivers.PackageMonitorReceiver$RegisteredReceiver: pid=1359 uid=10059 gids={50059, 3003, 1015, 1028}
04-21 20:53:04.840 E/Trace   (1359): error opening trace file: No such file or directory (2)
04-21 20:53:04.872 I/ActivityManager(378): Process android.process.media (pid 1272) has died.
04-21 20:53:05.122 I/ActivityManager(378): Existing provider com.android.providers.contacts/.ContactsProvider2 is crashing; detaching ProcessRecord{421b5b38 1168:com.mrnumber.blocker/u0a10147}
04-21 20:53:05.223 I/ActivityManager(378): Process android.process.acore (pid 1329) has died.
04-21 20:53:05.364 I/ActivityThread(1168): Acquiring provider com.android.contacts for user 0: existing object's process dead
04-21 20:53:05.364 I/ActivityManager(378): Start proc android.process.acore for restart android.process.acore: pid=1374 uid=10000 gids={50000, 3003, 1015, 1028}
04-21 20:53:05.380 I/ActivityManager(378): Process com.android.voicedialer (pid 1346) has died.
04-21 20:53:05.434 E/Trace   (1374): error opening trace file: No such file or directory (2)
04-21 20:53:05.481 I/ActivityManager(378): Process com.truecaller (pid 1186) has died.
04-21 20:53:05.567 W/ActivityManager(378): Scheduling restart of crashed service com.truecaller/.service.TrueCallerService in 83383ms
04-21 20:53:05.700 D/Finsky  (1359): [1] FinskyApp.onCreate: Initializing network with DFE https://android.clients.google.com/fdfe/
04-21 20:53:05.731 I/ActivityManager(378): Process com.jasoncalhoun.android.systeminfowidget (pid 1154) has died.
04-21 20:53:05.731 W/ActivityManager(378): Scheduling restart of crashed service com.jasoncalhoun.android.systeminfowidget/.SystemInfoWidget$UpdateService in 93218ms
04-21 20:53:05.762 D/dalvikvm(1374): GC_CONCURRENT freed 184K, 13% free 2530K/2896K, paused 3ms+11ms, total 34ms
04-21 20:53:05.770 W/ActivityThread(1168): Content provider com.android.providers.contacts.ContactsProvider2 already published as contacts
04-21 20:53:05.770 W/ActivityThread(1168): Content provider com.android.providers.contacts.ContactsProvider2 already published as com.android.contacts
04-21 20:53:05.903 I/ActivityManager(378): Process com.mrnumber.blocker (pid 1168) has died.
04-21 20:53:05.903 W/ActivityManager(378): Scheduling restart of crashed service com.mrnumber.blocker/.service.IncomingCallService in 103042ms
04-21 20:53:05.911 D/dalvikvm(1359): GC_CONCURRENT freed 235K, 15% free 2478K/2888K, paused 81ms+6ms, total 109ms
04-21 20:53:06.051 I/ActivityManager(378): Process android.process.acore (pid 1374) has died.
04-21 20:53:06.208 D/Finsky  (1359): [1] DailyHygiene.goMakeHygieneIfDirty: No need to run daily hygiene.
04-21 20:53:06.458 W/Settings(1359): Setting download_manager_max_bytes_over_mobile has moved from android.provider.Settings.Secure to android.provider.Settings.Global.
04-21 20:53:06.473 W/Settings(1359): Setting download_manager_recommended_max_bytes_over_mobile has moved from android.provider.Settings.Secure to android.provider.Settings.Global.
04-21 20:53:06.497 D/dalvikvm(1359): GC_CONCURRENT freed 296K, 16% free 2609K/3084K, paused 2ms+7ms, total 31ms
04-21 20:53:06.598 I/ActivityManager(378): Start proc com.google.android.gallery3d for broadcast com.google.android.gallery3d/com.android.gallery3d.app.PackagesMonitor: pid=1409 uid=10066 gids={50066, 1006, 3003, 1015, 1028}
04-21 20:53:06.637 E/Trace   (1409): error opening trace file: No such file or directory (2)
04-21 20:53:06.645 I/ActivityManager(378): Process com.android.vending (pid 1359) has died.
04-21 20:53:06.692 W/AssetRedirectionManager(378): Unable to attach target package assets for com.android.gallery3d
04-21 20:53:07.223 I/Choreographer(10353): Skipped 45 frames!  The application may be doing too much work on its main thread.
04-21 20:53:07.684 D/dalvikvm(1409): GC_CONCURRENT freed 425K, 21% free 2397K/3000K, paused 2ms+1ms, total 29ms
04-21 20:53:07.723 D/dalvikvm(1409): GC_CONCURRENT freed 489K, 22% free 2422K/3088K, paused 1ms+1ms, total 15ms
04-21 20:53:07.723 D/dalvikvm(1409): WAIT_FOR_CONCURRENT_GC blocked 7ms
04-21 20:53:07.747 D/dalvikvm(1409): GC_FOR_ALLOC freed 130K, 21% free 2455K/3108K, paused 10ms, total 10ms
04-21 20:53:07.770 I/ActivityManager(378): Start proc android.process.media for content provider com.android.providers.media/.MediaProvider: pid=1425 uid=10011 gids={50011, 1015, 1023, 1024, 1028, 2001, 3003, 3007}
04-21 20:53:07.794 I/ActivityManager(378): Start proc com.google.android.apps.plus for broadcast com.google.android.apps.plus/.service.PackagesMediaMonitor: pid=1437 uid=10123 gids={50123, 3003, 3002, 1015, 1006, 1028}
04-21 20:53:07.825 E/Trace   (1425): error opening trace file: No such file or directory (2)
04-21 20:53:07.864 I/ActivityManager(378): Process android.process.media (pid 1425) has died.
04-21 20:53:07.880 E/Trace   (1437): error opening trace file: No such file or directory (2)
04-21 20:53:07.880 I/ActivityManager(378): Start proc android.process.media for restart android.process.media: pid=1453 uid=10011 gids={50011, 1015, 1023, 1024, 1028, 2001, 3003, 3007}
04-21 20:53:07.942 D/dalvikvm(1409): GC_FOR_ALLOC freed 84K, 21% free 2497K/3144K, paused 20ms, total 20ms
04-21 20:53:07.958 E/Trace   (1453): error opening trace file: No such file or directory (2)
04-21 20:53:08.005 D/dalvikvm(1437): GC_CONCURRENT freed 450K, 21% free 2373K/3000K, paused 2ms+1ms, total 34ms
04-21 20:53:08.005 D/dalvikvm(1437): WAIT_FOR_CONCURRENT_GC blocked 4ms
04-21 20:53:08.036 I/ActivityManager(378): Process android.process.media (pid 1453) has died.
04-21 20:53:08.059 I/ActivityManager(378): Start proc android.process.media for restart android.process.media: pid=1466 uid=10011 gids={50011, 1015, 1023, 1024, 1028, 2001, 3003, 3007}
04-21 20:53:08.075 D/dalvikvm(130): GC_EXPLICIT freed 39K, 9% free 2310K/2528K, paused 1ms+1ms, total 18ms
04-21 20:53:08.090 D/dalvikvm(130): GC_EXPLICIT freed <1K, 9% free 2310K/2528K, paused 2ms+1ms, total 18ms
04-21 20:53:08.106 D/dalvikvm(1437): GC_CONCURRENT freed 474K, 22% free 2389K/3044K, paused 3ms+47ms, total 69ms
04-21 20:53:08.106 D/dalvikvm(130): GC_EXPLICIT freed <1K, 9% free 2310K/2528K, paused 1ms+1ms, total 16ms
04-21 20:53:08.114 E/Trace   (1466): error opening trace file: No such file or directory (2)
04-21 20:53:08.137 D/dalvikvm(1437): GC_FOR_ALLOC freed 242K, 22% free 2417K/3064K, paused 13ms, total 13ms
04-21 20:53:08.145 I/ActivityManager(378): Process android.process.media (pid 1466) has died.
04-21 20:53:08.153 I/ActivityManager(378): Start proc android.process.media for restart android.process.media: pid=1481 uid=10011 gids={50011, 1015, 1023, 1024, 1028, 2001, 3003, 3007}
04-21 20:53:08.208 E/Trace   (1481): error opening trace file: No such file or directory (2)
04-21 20:53:08.294 D/dalvikvm(1437): GC_CONCURRENT freed 192K, 15% free 2639K/3104K, paused 2ms+3ms, total 19ms
04-21 20:53:08.333 I/ActivityManager(378): Process com.google.android.gallery3d (pid 1409) has died.
04-21 20:53:08.348 I/DownloadManager(1481): in removeSpuriousFiles
04-21 20:53:08.450 D/dalvikvm(1437): GC_CONCURRENT freed 126K, 10% free 2942K/3252K, paused 7ms+6ms, total 57ms
04-21 20:53:08.575 D/dalvikvm(1437): GC_CONCURRENT freed 153K, 10% free 3283K/3632K, paused 3ms+5ms, total 47ms
04-21 20:53:08.575 D/dalvikvm(1437): WAIT_FOR_CONCURRENT_GC blocked 9ms
04-21 20:53:08.653 D/dalvikvm(1437): GC_CONCURRENT freed 254K, 12% free 3458K/3920K, paused 2ms+1ms, total 34ms
04-21 20:53:08.747 D/dalvikvm(1437): GC_FOR_ALLOC freed 114K, 12% free 3584K/4048K, paused 48ms, total 52ms
04-21 20:53:08.747 I/dalvikvm-heap(1437): Grow heap (frag case) to 3.919MB for 260112-byte allocation
04-21 20:53:08.801 D/dalvikvm(1437): GC_FOR_ALLOC freed 126K, 14% free 3712K/4304K, paused 52ms, total 52ms
04-21 20:53:08.840 D/dalvikvm(1437): GC_FOR_ALLOC freed 311K, 15% free 3693K/4304K, paused 37ms, total 37ms
04-21 20:53:08.872 D/dalvikvm(1437): GC_FOR_ALLOC freed 62K, 13% free 3760K/4304K, paused 27ms, total 27ms
04-21 20:53:08.872 I/dalvikvm-heap(1437): Grow heap (frag case) to 4.091MB for 260112-byte allocation
04-21 20:53:08.880 I/ActivityManager(378): Start proc com.teslacoilsw.notifier for service com.teslacoilsw.notifier/.NotificationService: pid=1501 uid=10198 gids={50198, 1028}
04-21 20:53:08.887 D/dalvikvm(1437): GC_FOR_ALLOC freed 126K, 15% free 3888K/4560K, paused 19ms, total 19ms
04-21 20:53:08.919 D/dalvikvm(1437): GC_FOR_ALLOC freed 308K, 16% free 3870K/4560K, paused 21ms, total 22ms
04-21 20:53:08.950 D/dalvikvm(1437): GC_FOR_ALLOC freed 62K, 14% free 3934K/4560K, paused 33ms, total 33ms
04-21 20:53:08.965 E/Trace   (1501): error opening trace file: No such file or directory (2)
04-21 20:53:08.973 D/dalvikvm(1437): GC_FOR_ALLOC freed 126K, 11% free 4062K/4560K, paused 18ms, total 18ms
04-21 20:53:09.044 D/dalvikvm(1481): GC_CONCURRENT freed 219K, 14% free 2477K/2876K, paused 2ms+12ms, total 34ms
04-21 20:53:09.067 D/dalvikvm(1437): GC_CONCURRENT freed 337K, 11% free 4273K/4788K, paused 2ms+3ms, total 24ms
04-21 20:53:09.137 I/ActivityManager(378): Process com.teslacoilsw.notifier (pid 1501) has died.
04-21 20:53:09.137 W/ActivityManager(378): Scheduling restart of crashed service com.teslacoilsw.notifier/.NotificationService in 211428ms
04-21 20:53:09.184 D/dalvikvm(1437): GC_CONCURRENT freed 139K, 6% free 4808K/5108K, paused 3ms+3ms, total 46ms
04-21 20:53:09.309 D/dalvikvm(1437): GC_CONCURRENT freed 526K, 13% free 5116K/5820K, paused 3ms+2ms, total 48ms
04-21 20:53:09.309 D/dalvikvm(1437): WAIT_FOR_CONCURRENT_GC blocked 4ms
04-21 20:53:09.458 D/dalvikvm(1437): GC_CONCURRENT freed 211K, 7% free 5843K/6232K, paused 3ms+1ms, total 46ms
04-21 20:53:09.458 D/dalvikvm(1437): WAIT_FOR_CONCURRENT_GC blocked 15ms
04-21 20:53:09.544 I/ActivityManager(378): Start proc com.google.android.inputmethod.latin.dictionarypack for content provider com.google.android.inputmethod.latin.dictionarypack/.DictionaryProvider: pid=1516 uid=10020 gids={50020, 3003, 1015, 1028}
04-21 20:53:09.598 E/Trace   (1516): error opening trace file: No such file or directory (2)
04-21 20:53:09.598 D/gp.PicasaPhotoCP(1437): set fsid first time:-1
04-21 20:53:09.606 I/ActivityManager(378): Start proc net.nurik.roman.dashclock for broadcast net.nurik.roman.dashclock/com.google.android.apps.dashclock.ExtensionPackageChangeReceiver: pid=1530 uid=10103 gids={50103, 3003, 1028}
04-21 20:53:09.684 E/Trace   (1530): error opening trace file: No such file or directory (2)
04-21 20:53:09.794 I/ActivityManager(378): Process com.google.android.inputmethod.latin.dictionarypack (pid 1516) has died.
04-21 20:53:09.880 D/dalvikvm(378): GC_EXPLICIT freed 1582K, 23% free 28162K/36468K, paused 6ms+33ms, total 272ms
04-21 20:53:09.903 D/dalvikvm(1530): GC_CONCURRENT freed 163K, 12% free 2616K/2964K, paused 1ms+1ms, total 50ms
04-21 20:53:09.903 D/dalvikvm(1530): WAIT_FOR_CONCURRENT_GC blocked 21ms
04-21 20:53:09.958 I/ActivityManager(378): Process com.google.android.apps.plus (pid 1437) has died.
04-21 20:53:09.958 W/ActivityManager(378): Scheduling restart of crashed service com.google.android.apps.plus/.service.PackagesMediaMonitor$AsyncService in 108990ms
04-21 20:53:10.098 D/dalvikvm(1530): GC_FOR_ALLOC freed 128K, 15% free 2791K/3272K, paused 19ms, total 19ms
04-21 20:53:10.208 I/ActivityManager(378): Start proc com.jasoncalhoun.android.systeminfowidget for broadcast com.jasoncalhoun.android.systeminfowidget/.SystemInfoWidget: pid=1554 uid=10193 gids={50193, 3002, 3001, 1015, 1028}
04-21 20:53:10.223 I/dalvikvm(1554): Turning on JNI app bug workarounds for target SDK version 3...
04-21 20:53:10.231 I/ActivityManager(378): Start proc me.grantland.dashclock_battery for service me.grantland.dashclock_battery/.BatteryExtension: pid=1566 uid=10102 gids={50102, 1028}
04-21 20:53:10.278 E/Trace   (1566): error opening trace file: No such file or directory (2)
04-21 20:53:10.286 E/Trace   (1554): error opening trace file: No such file or directory (2)
04-21 20:53:10.348 I/ActivityManager(378): Start proc com.google.android.gm for content provider com.google.android.gm/.provider.PublicContentProvider: pid=1586 uid=10092 gids={50092, 3003, 1015, 1028}
04-21 20:53:10.372 I/ActivityManager(378): Start proc android.process.acore for content provider com.android.providers.contacts/.CallLogProvider: pid=1597 uid=10000 gids={50000, 3003, 1015, 1028}
04-21 20:53:10.387 I/ActivityManager(378): Start proc com.google.android.googlequicksearchbox for broadcast com.google.android.googlequicksearchbox/com.google.android.searchcommon.summons.SourceUpdateReceiver: pid=1605 uid=10060 gids={50060, 3003, 1028, 1007, 3002, 1015, 1006}
04-21 20:53:10.458 E/Trace   (1586): error opening trace file: No such file or directory (2)
04-21 20:53:10.458 I/ActivityManager(378): Process android.process.media (pid 1481) has died.
04-21 20:53:10.465 E/Trace   (1597): error opening trace file: No such file or directory (2)
04-21 20:53:10.473 E/Trace   (1605): error opening trace file: No such file or directory (2)
04-21 20:53:10.559 I/ActivityManager(378): Process com.google.android.gm (pid 1586) has died.
04-21 20:53:10.575 I/ActivityManager(378): Start proc com.google.android.gm for restart com.google.android.gm: pid=1630 uid=10092 gids={50092, 3003, 1015, 1028}
04-21 20:53:10.622 E/Trace   (1630): error opening trace file: No such file or directory (2)
04-21 20:53:10.708 I/ActivityManager(378): Process android.process.acore (pid 1597) has died.
04-21 20:53:10.731 I/ActivityManager(378): Start proc android.process.acore for restart android.process.acore: pid=1647 uid=10000 gids={50000, 3003, 1015, 1028}
04-21 20:53:10.747 D/dalvikvm(130): GC_EXPLICIT freed 39K, 9% free 2310K/2528K, paused 1ms+1ms, total 26ms
04-21 20:53:10.770 D/dalvikvm(130): GC_EXPLICIT freed <1K, 9% free 2310K/2528K, paused 1ms+1ms, total 26ms
04-21 20:53:10.794 D/dalvikvm(130): GC_EXPLICIT freed <1K, 9% free 2310K/2528K, paused 2ms+1ms, total 25ms
04-21 20:53:10.801 E/Trace   (1647): error opening trace file: No such file or directory (2)
04-21 20:53:10.872 I/ActivityManager(378): Start proc com.google.android.partnersetup for content provider com.google.android.partnersetup/.RlzAppProvider: pid=1664 uid=10055 gids={50055, 3003, 1028}
04-21 20:53:10.950 D/dalvikvm(1202): GC_CONCURRENT freed 182K, 11% free 2967K/3328K, paused 2ms+13ms, total 44ms
04-21 20:53:11.005 E/Trace   (1664): error opening trace file: No such file or directory (2)
04-21 20:53:11.036 D/dalvikvm(1605): GC_CONCURRENT freed 249K, 15% free 2574K/3000K, paused 3ms+3ms, total 34ms
04-21 20:53:11.036 D/dalvikvm(1605): WAIT_FOR_CONCURRENT_GC blocked 15ms
04-21 20:53:11.036 D/dalvikvm(1605): WAIT_FOR_CONCURRENT_GC blocked 3ms
04-21 20:53:11.044 D/dalvikvm(1605): WAIT_FOR_CONCURRENT_GC blocked 17ms
04-21 20:53:11.044 W/GAV2    (1605): Thread[main,5,main]: Need to call initialize() and be in fallback mode to start dispatch.
04-21 20:53:11.114 D/dalvikvm(1647): GC_CONCURRENT freed 230K, 15% free 2504K/2916K, paused 3ms+5ms, total 52ms
04-21 20:53:11.122 D/dalvikvm(1530): GC_CONCURRENT freed 599K, 24% free 2593K/3372K, paused 2ms+28ms, total 52ms
04-21 20:53:11.145 I/ActivityManager(378): Process com.google.android.gm (pid 1630) has died.
04-21 20:53:11.153 I/ActivityManager(378): Start proc com.google.android.gm for restart com.google.android.gm: pid=1694 uid=10092 gids={50092, 3003, 1015, 1028}
04-21 20:53:11.192 E/Trace   (1694): error opening trace file: No such file or directory (2)
04-21 20:53:11.325 D/ActivityThread(1694): Loading provider com.android.gmail.ui: com.google.android.gm.provider.UiProvider
04-21 20:53:11.356 D/dalvikvm(1694): GC_CONCURRENT freed 282K, 16% free 2465K/2928K, paused 16ms+1ms, total 32ms
04-21 20:53:11.364 I/ActivityManager(378): Process com.google.android.googlequicksearchbox (pid 1605) has died.
04-21 20:53:11.442 I/ActivityManager(378): Start proc com.google.android.gms for service com.google.android.gms/.icing.impl.IndexService: pid=1724 uid=10051 gids={50051, 3003, 2001, 1007, 3006, 1028, 1015}
04-21 20:53:11.481 E/Trace   (1724): error opening trace file: No such file or directory (2)
04-21 20:53:11.481 I/GmsClient(1694): connect: bindService returned true for Intent { act=com.google.android.gms.icing.INDEX_SERVICE }
04-21 20:53:11.512 D/BluetoothManagerService(378): Message: 20
04-21 20:53:11.512 D/BluetoothManagerService(378): Added callback: android.bluetooth.IBluetoothManagerCallback$Stub$Proxy@413e5650:true
04-21 20:53:11.583 D/dalvikvm(13355): GC_FOR_ALLOC freed 355K, 20% free 2844K/3520K, paused 24ms, total 25ms
04-21 20:53:11.653 D/GmsClient(1694): service broker connected, binder: android.os.BinderProxy@413bbef8
04-21 20:53:11.661 I/ActivityManager(378): Process com.google.android.partnersetup (pid 1664) has died.
04-21 20:53:11.692 I/Recovery(1724): Received: Intent { act=com.google.android.gms.INITIALIZE flg=0x10 pkg=com.google.android.gms cmp=com.google.android.gms/.recovery.AccountRecoveryService$Receiver }
04-21 20:53:11.708 D/dalvikvm(1530): GC_CONCURRENT freed 186K, 16% free 2851K/3372K, paused 3ms+17ms, total 60ms
04-21 20:53:11.739 D/dalvikvm(1724): Trying to load lib /data/app-lib/com.google.android.gms-1/libAppDataSearch.so 0x41390530
04-21 20:53:11.801 D/dalvikvm(1724): Added shared lib /data/app-lib/com.google.android.gms-1/libAppDataSearch.so 0x41390530
04-21 20:53:11.801 D/dalvikvm(1724): No JNI_OnLoad found in /data/app-lib/com.google.android.gms-1/libAppDataSearch.so 0x41390530, skipping init
04-21 20:53:11.809 D/Icing   (1724): Init last flush num docs 106 last docstore size 201984
04-21 20:53:11.809 D/Icing   (1724): Docid map file has data, scanning...
04-21 20:53:11.809 D/Icing   (1724): Scanning /data/data/com.google.android.gms/files/AppDataSearch/main/cur/ds.docids found 106 documents, last docstore location 199936
04-21 20:53:11.809 D/Icing   (1724): File /data/data/com.google.android.gms/files/AppDataSearch/main/cur/ds.perdocdata contains 106 records of size 6
04-21 20:53:11.848 D/dalvikvm(1694): GC_CONCURRENT freed 212K, 13% free 2643K/3036K, paused 3ms+5ms, total 30ms
04-21 20:53:11.856 I/Gmail   (1694): calculateUnknownSyncRationalesAndPurgeInBackground: queueing
04-21 20:53:11.864 D/Icing   (1724): Init docstore ok num docs 106 bytes 201984
04-21 20:53:11.887 V/Icing   (1724): Lite index crc computed in 0.092ms
04-21 20:53:11.887 V/Icing   (1724): Lite index init ok in 2.106ms
04-21 20:53:11.887 V/Icing   (1724): Warming lite-index took 0.031ms
04-21 20:53:11.887 V/Icing   (1724): Warming lexicon took 0.183ms
04-21 20:53:11.887 V/Icing   (1724): Warming display mappings took 0.061ms
04-21 20:53:11.887 D/Icing   (1724): Init index ok num docs 106
04-21 20:53:11.887 D/Icing   (1724): Init done
04-21 20:53:11.911 I/Gmail   (1694): calculateUnknownSyncRationalesAndPurgeInBackground: queueing
04-21 20:53:11.934 D/dalvikvm(1724): GC_CONCURRENT freed 288K, 17% free 2416K/2884K, paused 2ms+3ms, total 26ms
04-21 20:53:11.934 I/ActivityManager(378): Process android.process.acore (pid 1647) has died.
04-21 20:53:11.950 I/Gmail   (1694): calculateUnknownSyncRationalesAndPurgeInBackground: running
04-21 20:53:11.965 E/Icing   (1724): App com.google.android.gm not allowed to use icing
04-21 20:53:11.989 E/Gmail   (1694): Search registration failed: 8
04-21 20:53:11.997 I/Gmail   (1694): calculateUnknownSyncRationalesAndPurgeInBackground: running
04-21 20:53:12.294 I/ActivityManager(378): Process com.google.android.gm (pid 1694) has died.
04-21 20:53:12.395 D/dalvikvm(1530): GC_FOR_ALLOC freed 386K, 22% free 2761K/3508K, paused 21ms, total 26ms
04-21 20:53:13.544 I/ActivityManager(378): Start proc com.google.android.apps.plus for broadcast com.google.android.apps.plus/.service.CameraMonitor: pid=1762 uid=10123 gids={50123, 3003, 3002, 1015, 1006, 1028}
04-21 20:53:13.583 E/Trace   (1762): error opening trace file: No such file or directory (2)
04-21 20:53:13.684 D/dalvikvm(1762): GC_CONCURRENT freed 441K, 21% free 2375K/2996K, paused 3ms+13ms, total 35ms
04-21 20:53:13.747 D/dalvikvm(1762): GC_CONCURRENT freed 457K, 21% free 2430K/3064K, paused 3ms+11ms, total 30ms
04-21 20:53:13.747 D/dalvikvm(1762): WAIT_FOR_CONCURRENT_GC blocked 6ms
04-21 20:53:13.817 I/ActivityManager(378): Start proc android.process.media for content provider com.android.providers.media/.MediaProvider: pid=1777 uid=10011 gids={50011, 1015, 1023, 1024, 1028, 2001, 3003, 3007}
04-21 20:53:13.825 D/dalvikvm(1762): GC_CONCURRENT freed 342K, 20% free 2509K/3104K, paused 3ms+11ms, total 29ms
04-21 20:53:13.919 D/dalvikvm(1762): GC_CONCURRENT freed 168K, 12% free 2778K/3128K, paused 1ms+4ms, total 17ms
04-21 20:53:13.989 D/dalvikvm(1762): GC_CONCURRENT freed 147K, 10% free 3131K/3468K, paused 2ms+2ms, total 25ms
04-21 20:53:13.989 D/dalvikvm(1762): WAIT_FOR_CONCURRENT_GC blocked 13ms
04-21 20:53:14.020 D/dalvikvm(378): GC_EXPLICIT freed 1096K, 24% free 28038K/36468K, paused 4ms+11ms, total 182ms
04-21 20:53:14.028 E/Trace   (1777): error opening trace file: No such file or directory (2)
04-21 20:53:14.059 D/dalvikvm(1762): GC_CONCURRENT freed 155K, 10% free 3463K/3820K, paused 1ms+2ms, total 21ms
04-21 20:53:14.059 D/dalvikvm(1762): WAIT_FOR_CONCURRENT_GC blocked 10ms
04-21 20:53:14.067 I/DownloadManager(1777): in removeSpuriousFiles
04-21 20:53:14.098 D/dalvikvm(1762): GC_CONCURRENT freed 280K, 14% free 3586K/4132K, paused 2ms+1ms, total 25ms
04-21 20:53:14.098 D/dalvikvm(1762): WAIT_FOR_CONCURRENT_GC blocked 16ms
04-21 20:53:14.098 I/dalvikvm-heap(1762): Grow heap (frag case) to 3.921MB for 260112-byte allocation
04-21 20:53:14.122 D/dalvikvm(1762): GC_FOR_ALLOC freed 126K, 16% free 3714K/4388K, paused 18ms, total 18ms
04-21 20:53:14.137 D/dalvikvm(1762): GC_FOR_ALLOC freed 311K, 16% free 3695K/4388K, paused 17ms, total 17ms
04-21 20:53:14.161 D/dalvikvm(1762): GC_FOR_ALLOC freed 62K, 15% free 3759K/4388K, paused 16ms, total 16ms
04-21 20:53:14.161 I/dalvikvm-heap(1762): Grow heap (frag case) to 4.090MB for 260112-byte allocation
04-21 20:53:14.169 I/ActivityManager(378): Process com.google.android.gms (pid 1724) has died.
04-21 20:53:14.176 D/dalvikvm(1762): GC_FOR_ALLOC freed 126K, 17% free 3887K/4644K, paused 18ms, total 18ms
04-21 20:53:14.200 D/dalvikvm(1762): GC_FOR_ALLOC freed 307K, 17% free 3867K/4644K, paused 17ms, total 17ms
04-21 20:53:14.215 D/dalvikvm(1762): GC_FOR_ALLOC freed 62K, 16% free 3934K/4644K, paused 16ms, total 16ms
04-21 20:53:14.215 I/dalvikvm-heap(1762): Grow heap (frag case) to 4.261MB for 260112-byte allocation
04-21 20:53:14.239 D/dalvikvm(1762): GC_FOR_ALLOC freed 126K, 18% free 4062K/4900K, paused 18ms, total 18ms
04-21 20:53:14.239 D/dalvikvm(1777): GC_CONCURRENT freed 225K, 15% free 2472K/2876K, paused 2ms+8ms, total 32ms
04-21 20:53:14.294 D/dalvikvm(1762): GC_CONCURRENT freed 344K, 13% free 4304K/4900K, paused 2ms+6ms, total 24ms
04-21 20:53:14.380 D/dalvikvm(1762): GC_CONCURRENT freed 141K, 7% free 4830K/5148K, paused 1ms+2ms, total 22ms
04-21 20:53:14.380 D/dalvikvm(1762): WAIT_FOR_CONCURRENT_GC blocked 5ms
04-21 20:53:14.426 I/ActivityManager(378): Process me.grantland.dashclock_battery (pid 1566) has died.
04-21 20:53:14.426 W/ActivityManager(378): Scheduling restart of crashed service me.grantland.dashclock_battery/.BatteryExtension in 5000ms
04-21 20:53:14.426 W/ActivityManager(378): Scheduling restart of crashed service me.grantland.dashclock_battery/.UpdateService in 104519ms
04-21 20:53:14.473 D/dalvikvm(1762): GC_CONCURRENT freed 526K, 13% free 5149K/5852K, paused 2ms+1ms, total 25ms
04-21 20:53:14.473 D/dalvikvm(1762): WAIT_FOR_CONCURRENT_GC blocked 7ms
04-21 20:53:14.606 D/dalvikvm(1762): GC_CONCURRENT freed 212K, 7% free 5879K/6268K, paused 1ms+2ms, total 33ms
04-21 20:53:14.606 D/dalvikvm(1762): WAIT_FOR_CONCURRENT_GC blocked 18ms
04-21 20:53:14.645 D/gp.PicasaPhotoCP(1762): set fsid first time:-1
04-21 20:53:14.864 I/ActivityManager(378): Process net.nurik.roman.dashclock (pid 1530) has died.
04-21 20:53:14.872 W/ActivityManager(378): Scheduling restart of crashed service net.nurik.roman.dashclock/com.google.android.apps.dashclock.DashClockService in 4997888ms
04-21 20:53:14.911 W/ProcessStats(378): Skipping unknown process pid 1530
04-21 20:53:15.465 I/ActivityManager(378): Process com.google.android.apps.plus (pid 1762) has died.
04-21 20:53:15.551 W/IInputConnectionWrapper(1202): showStatusIcon on inactive InputConnection
04-21 20:53:15.583 E/ActivityThread(1202): Activity com.klinker.android.messaging_sliding.QuickReply has leaked IntentReceiver com.klinker.android.messaging_sliding.QuickReply$1$2@413bb248 that was originally registered here. Are you missing a call to unregisterReceiver()?
04-21 20:53:15.583 E/ActivityThread(1202): android.app.IntentReceiverLeaked: Activity com.klinker.android.messaging_sliding.QuickReply has leaked IntentReceiver com.klinker.android.messaging_sliding.QuickReply$1$2@413bb248 that was originally registered here. Are you missing a call to unregisterReceiver()?
04-21 20:53:15.583 E/ActivityThread(1202): 	at android.app.LoadedApk$ReceiverDispatcher.<init>(LoadedApk.java:795)
04-21 20:53:15.583 E/ActivityThread(1202): 	at android.app.LoadedApk.getReceiverDispatcher(LoadedApk.java:596)
04-21 20:53:15.583 E/ActivityThread(1202): 	at android.app.ContextImpl.registerReceiverInternal(ContextImpl.java:1355)
04-21 20:53:15.583 E/ActivityThread(1202): 	at android.app.ContextImpl.registerReceiver(ContextImpl.java:1335)
04-21 20:53:15.583 E/ActivityThread(1202): 	at android.app.ContextImpl.registerReceiver(ContextImpl.java:1329)
04-21 20:53:15.583 E/ActivityThread(1202): 	at android.content.ContextWrapper.registerReceiver(ContextWrapper.java:423)
04-21 20:53:15.583 E/ActivityThread(1202): 	at com.klinker.android.messaging_sliding.QuickReply$1.onClick(QuickReply.java:534)
04-21 20:53:15.583 E/ActivityThread(1202): 	at android.view.View.performClick(View.java:4204)
04-21 20:53:15.583 E/ActivityThread(1202): 	at android.view.View$PerformClick.run(View.java:17355)
04-21 20:53:15.583 E/ActivityThread(1202): 	at android.os.Handler.handleCallback(Handler.java:725)
04-21 20:53:15.583 E/ActivityThread(1202): 	at android.os.Handler.dispatchMessage(Handler.java:92)
04-21 20:53:15.583 E/ActivityThread(1202): 	at android.os.Looper.loop(Looper.java:137)
04-21 20:53:15.583 E/ActivityThread(1202): 	at android.app.ActivityThread.main(ActivityThread.java:5195)
04-21 20:53:15.583 E/ActivityThread(1202): 	at java.lang.reflect.Method.invokeNative(Native Method)
04-21 20:53:15.583 E/ActivityThread(1202): 	at java.lang.reflect.Method.invoke(Method.java:511)
04-21 20:53:15.583 E/ActivityThread(1202): 	at com.android.internal.os.ZygoteInit$MethodAndArgsCaller.run(ZygoteInit.java:795)
04-21 20:53:15.583 E/ActivityThread(1202): 	at com.android.internal.os.ZygoteInit.main(ZygoteInit.java:562)
04-21 20:53:15.583 E/ActivityThread(1202): 	at dalvik.system.NativeStart.main(Native Method)
04-21 20:53:15.590 E/ActivityThread(1202): Activity com.klinker.android.messaging_sliding.QuickReply has leaked IntentReceiver com.klinker.android.messaging_sliding.QuickReply$1$1@4138fe00 that was originally registered here. Are you missing a call to unregisterReceiver()?
04-21 20:53:15.590 E/ActivityThread(1202): android.app.IntentReceiverLeaked: Activity com.klinker.android.messaging_sliding.QuickReply has leaked IntentReceiver com.klinker.android.messaging_sliding.QuickReply$1$1@4138fe00 that was originally registered here. Are you missing a call to unregisterReceiver()?
04-21 20:53:15.590 E/ActivityThread(1202): 	at android.app.LoadedApk$ReceiverDispatcher.<init>(LoadedApk.java:795)
04-21 20:53:15.590 E/ActivityThread(1202): 	at android.app.LoadedApk.getReceiverDispatcher(LoadedApk.java:596)
04-21 20:53:15.590 E/ActivityThread(1202): 	at android.app.ContextImpl.registerReceiverInternal(ContextImpl.java:1355)
04-21 20:53:15.590 E/ActivityThread(1202): 	at android.app.ContextImpl.registerReceiver(ContextImpl.java:1335)
04-21 20:53:15.590 E/ActivityThread(1202): 	at android.app.ContextImpl.registerReceiver(ContextImpl.java:1329)
04-21 20:53:15.590 E/ActivityThread(1202): 	at android.content.ContextWrapper.registerReceiver(ContextWrapper.java:423)
04-21 20:53:15.590 E/ActivityThread(1202): 	at com.klinker.android.messaging_sliding.QuickReply$1.onClick(QuickReply.java:386)
04-21 20:53:15.590 E/ActivityThread(1202): 	at android.view.View.performClick(View.java:4204)
04-21 20:53:15.590 E/ActivityThread(1202): 	at android.view.View$PerformClick.run(View.java:17355)
04-21 20:53:15.590 E/ActivityThread(1202): 	at android.os.Handler.handleCallback(Handler.java:725)
04-21 20:53:15.590 E/ActivityThread(1202): 	at android.os.Handler.dispatchMessage(Handler.java:92)
04-21 20:53:15.590 E/ActivityThread(1202): 	at android.os.Looper.loop(Looper.java:137)
04-21 20:53:15.590 E/ActivityThread(1202): 	at android.app.ActivityThread.main(ActivityThread.java:5195)
04-21 20:53:15.590 E/ActivityThread(1202): 	at java.lang.reflect.Method.invokeNative(Native Method)
04-21 20:53:15.590 E/ActivityThread(1202): 	at java.lang.reflect.Method.invoke(Method.java:511)
04-21 20:53:15.590 E/ActivityThread(1202): 	at com.android.internal.os.ZygoteInit$MethodAndArgsCaller.run(ZygoteInit.java:795)
04-21 20:53:15.590 E/ActivityThread(1202): 	at com.android.internal.os.ZygoteInit.main(ZygoteInit.java:562)
04-21 20:53:15.590 E/ActivityThread(1202): 	at dalvik.system.NativeStart.main(Native Method)
04-21 20:53:15.630 D/LMT::KeyboardStateListener(936): New keyboard state: false
04-21 20:53:15.700 D/dalvikvm(1202): GC_CONCURRENT freed 212K, 12% free 3145K/3536K, paused 3ms+4ms, total 26ms
04-21 20:53:17.747 I/ActivityManager(378): Start proc com.google.android.googlequicksearchbox for broadcast com.google.android.googlequicksearchbox/com.google.android.apps.sidekick.calendar.CalendarIntentService$CalendarReceiver: pid=1810 uid=10060 gids={50060, 3003, 1028, 1007, 3002, 1015, 1006}
04-21 20:53:17.770 E/Trace   (1810): error opening trace file: No such file or directory (2)
04-21 20:53:17.817 I/ActivityManager(378): Start proc com.google.android.partnersetup for content provider com.google.android.partnersetup/.RlzAppProvider: pid=1827 uid=10055 gids={50055, 3003, 1028}
04-21 20:53:17.856 E/Trace   (1827): error opening trace file: No such file or directory (2)
04-21 20:53:17.942 D/dalvikvm(1810): GC_CONCURRENT freed 208K, 14% free 2504K/2892K, paused 1ms+1ms, total 14ms
04-21 20:53:18.801 W/Settings(681): Setting auto_time_zone has moved from android.provider.Settings.System to android.provider.Settings.Global, returning read-only value.
04-21 20:53:18.801 D/AlarmManagerService(378): Kernel timezone updated to 300 minutes west of GMT
04-21 20:53:18.801 W/Settings(681): Setting auto_time has moved from android.provider.Settings.System to android.provider.Settings.Global, returning read-only value.
04-21 20:53:19.075 W/GAV2    (1810): Thread[main,5,main]: Need to call initialize() and be in fallback mode to start dispatch.
04-21 20:53:19.106 D/dalvikvm(13355): GC_CONCURRENT freed 402K, 19% free 2858K/3520K, paused 4ms+1ms, total 23ms
04-21 20:53:19.130 I/ActivityManager(378): Start proc com.android.providers.calendar for content provider com.android.providers.calendar/.CalendarProvider2: pid=1856 uid=10007 gids={50007, 3003, 1015, 1028}
04-21 20:53:19.137 I/ActivityManager(378): Start proc com.google.android.apps.maps:GoogleLocationService for service com.google.android.apps.maps/com.google.android.location.internal.server.GoogleLocationService: pid=1867 uid=10224 gids={50224, 3003, 1015, 1028}
04-21 20:53:19.161 E/Trace   (1856): error opening trace file: No such file or directory (2)
04-21 20:53:19.169 E/Trace   (1867): error opening trace file: No such file or directory (2)
04-21 20:53:19.184 I/ActivityManager(378): Process com.klinker.android.messaging_donate (pid 1202) has died.
04-21 20:53:19.247 D/dalvikvm(1810): GC_CONCURRENT freed 211K, 13% free 2700K/3092K, paused 2ms+3ms, total 17ms
04-21 20:53:19.684 I/ActivityManager(378): Process android.process.media (pid 1777) has died.
04-21 20:53:19.817 D/dalvikvm(378): GC_EXPLICIT freed 819K, 23% free 28152K/36468K, paused 3ms+10ms, total 120ms
04-21 20:53:19.817 W/KeyguardDisableHandler(378): cleaning up leaked reference: TAG
04-21 20:53:20.051 D/dalvikvm(1810): GC_CONCURRENT freed 261K, 14% free 2835K/3276K, paused 9ms+6ms, total 25ms
04-21 20:53:20.059 I/dalvikvm(1810): Total arena pages for JIT: 11
04-21 20:53:20.059 I/dalvikvm(1810): Total arena pages for JIT: 12
04-21 20:53:20.059 I/dalvikvm(1810): Total arena pages for JIT: 13
04-21 20:53:20.059 I/dalvikvm(1810): Total arena pages for JIT: 14
04-21 20:53:20.059 I/dalvikvm(1810): Total arena pages for JIT: 15
04-21 20:53:20.059 I/dalvikvm(1810): Total arena pages for JIT: 16
04-21 20:53:20.059 I/dalvikvm(1810): Total arena pages for JIT: 17
04-21 20:53:20.528 D/dalvikvm(1867): GC_CONCURRENT freed 222K, 14% free 2600K/3000K, paused 2ms+2ms, total 120ms
04-21 20:53:20.528 D/dalvikvm(1867): WAIT_FOR_CONCURRENT_GC blocked 9ms
04-21 20:53:20.536 D/dalvikvm(1867): GC_FOR_ALLOC freed 132K, 16% free 2702K/3204K, paused 9ms, total 9ms
04-21 20:53:20.645 D/dalvikvm(1867): GC_CONCURRENT freed 445K, 19% free 2767K/3392K, paused 1ms+2ms, total 42ms
04-21 20:53:20.645 D/dalvikvm(1867): WAIT_FOR_CONCURRENT_GC blocked 4ms
04-21 20:53:20.653 I/dalvikvm(1810): Total arena pages for JIT: 18
04-21 20:53:20.669 D/dalvikvm(1810): GC_CONCURRENT freed 288K, 14% free 2962K/3428K, paused 1ms+2ms, total 17ms
04-21 20:53:20.723 D/dalvikvm(1867): GC_CONCURRENT freed 151K, 10% free 3128K/3460K, paused 1ms+2ms, total 24ms
04-21 20:53:20.723 D/dalvikvm(1867): WAIT_FOR_CONCURRENT_GC blocked 4ms
04-21 20:53:20.778 I/ActivityManager(378): Process com.android.inputmethod.latin (pid 1255) has died.
04-21 20:53:20.856 I/ActivityManager(378): Start proc com.google.android.apps.maps:FriendService for broadcast com.google.android.apps.maps/com.google.googlenav.friend.android.ServiceReceiver: pid=1897 uid=10224 gids={50224, 3003, 1015, 1028}
04-21 20:53:20.880 E/Trace   (1897): error opening trace file: No such file or directory (2)
