04-21 20:54:07.979 D/dalvikvm(2629): GC_CONCURRENT freed 450K, 21% free 2373K/3000K, paused 3ms+3ms, total 33ms
04-21 20:54:07.979 D/dalvikvm(2629): WAIT_FOR_CONCURRENT_GC blocked 4ms
04-21 20:54:08.034 D/dalvikvm(2629): GC_CONCURRENT freed 496K, 22% free 2390K/3064K, paused 2ms+2ms, total 19ms
04-21 20:54:08.034 D/dalvikvm(2629): WAIT_FOR_CONCURRENT_GC blocked 7ms
04-21 20:54:08.065 D/dalvikvm(2629): GC_FOR_ALLOC freed 220K, 22% free 2401K/3064K, paused 14ms, total 14ms
04-21 20:54:08.081 D/dalvikvm(2629): GC_FOR_ALLOC freed <1K, 22% free 2418K/3084K, paused 14ms, total 14ms
04-21 20:54:08.104 I/ActivityManager(378): Start proc android.process.media for content provider com.android.providers.media/.MediaProvider: pid=2644 uid=10011 gids={50011, 1015, 1023, 1024, 1028, 2001, 3003, 3007}
04-21 20:54:08.143 D/dalvikvm(2629): GC_FOR_ALLOC freed 96K, 20% free 2502K/3104K, paused 20ms, total 20ms
04-21 20:54:08.143 E/Trace   (2644): error opening trace file: No such file or directory (2)
04-21 20:54:08.159 I/ActivityManager(378): Start proc com.dropbox.android for service com.dropbox.android/.service.CameraUploadService: pid=2658 uid=10108 gids={50108, 3003, 1028, 1015}
04-21 20:54:08.174 D/dalvikvm(130): GC_EXPLICIT freed 40K, 9% free 2310K/2528K, paused 2ms+2ms, total 25ms
04-21 20:54:08.198 D/dalvikvm(130): GC_EXPLICIT freed <1K, 9% free 2310K/2528K, paused 2ms+3ms, total 23ms
04-21 20:54:08.221 D/dalvikvm(130): GC_EXPLICIT freed <1K, 9% free 2310K/2528K, paused 2ms+2ms, total 22ms
04-21 20:54:08.237 E/Trace   (2658): error opening trace file: No such file or directory (2)
04-21 20:54:08.292 D/dalvikvm(2629): GC_CONCURRENT freed 168K, 10% free 2829K/3136K, paused 2ms+4ms, total 39ms
04-21 20:54:08.393 D/dalvikvm(378): GC_EXPLICIT freed 840K, 24% free 28042K/36468K, paused 4ms+12ms, total 163ms
04-21 20:54:08.393 I/ActivityManager(378): Process com.papajohns.android:com.urbanairship.push.process (pid 2496) has died.
04-21 20:54:08.393 W/ActivityManager(378): Scheduling restart of crashed service com.papajohns.android/com.urbanairship.push.PushService in 5000ms
04-21 20:54:08.401 D/dalvikvm(2629): GC_CONCURRENT freed 153K, 10% free 3170K/3496K, paused 2ms+3ms, total 52ms
04-21 20:54:08.401 I/DownloadManager(2644): in removeSpuriousFiles
04-21 20:54:08.417 I/ActivityManager(378): Process com.truecaller (pid 2089) has died.
04-21 20:54:08.424 W/ActivityManager(378): Scheduling restart of crashed service com.truecaller/.service.TrueCallerService in 39713ms
04-21 20:54:08.495 D/dalvikvm(2629): GC_CONCURRENT freed 195K, 11% free 3460K/3860K, paused 2ms+4ms, total 40ms
04-21 20:54:08.495 D/dalvikvm(2629): WAIT_FOR_CONCURRENT_GC blocked 25ms
04-21 20:54:08.510 I/com.dropbox.android.service.DropboxNetworkReceiver(2658): Setting receiver enabled: false
04-21 20:54:08.526 D/dalvikvm(2629): GC_FOR_ALLOC freed 229K, 13% free 3586K/4084K, paused 18ms, total 19ms
04-21 20:54:08.526 I/dalvikvm-heap(2629): Grow heap (frag case) to 3.921MB for 260112-byte allocation
04-21 20:54:08.542 D/dalvikvm(2629): GC_FOR_ALLOC freed 126K, 15% free 3714K/4340K, paused 20ms, total 20ms
04-21 20:54:08.565 D/dalvikvm(2629): GC_FOR_ALLOC freed 311K, 17% free 3698K/4404K, paused 14ms, total 14ms
04-21 20:54:08.573 D/dalvikvm(2658): Trying to load lib /data/app-lib/com.dropbox.android-1/libDbxFileObserver.so 0x413998d8
04-21 20:54:08.573 D/dalvikvm(2658): Added shared lib /data/app-lib/com.dropbox.android-1/libDbxFileObserver.so 0x413998d8
04-21 20:54:08.573 D/dalvikvm(2658): No JNI_OnLoad found in /data/app-lib/com.dropbox.android-1/libDbxFileObserver.so 0x413998d8, skipping init
04-21 20:54:08.581 D/dalvikvm(2629): GC_FOR_ALLOC freed 62K, 15% free 3762K/4404K, paused 14ms, total 14ms
04-21 20:54:08.581 I/dalvikvm-heap(2629): Grow heap (frag case) to 4.093MB for 260112-byte allocation
04-21 20:54:08.604 D/dalvikvm(2629): GC_FOR_ALLOC freed 126K, 17% free 3890K/4660K, paused 23ms, total 23ms
04-21 20:54:08.612 I/ActivityManager(378): Process com.youmail.android.vvm (pid 2610) has died.
04-21 20:54:08.612 W/ActivityManager(378): Scheduling restart of crashed service com.youmail.android.vvm/.service.YMService in 70278ms
04-21 20:54:08.628 D/dalvikvm(2629): GC_FOR_ALLOC freed 307K, 17% free 3869K/4660K, paused 24ms, total 24ms
04-21 20:54:08.651 D/dalvikvm(2629): GC_FOR_ALLOC freed 62K, 16% free 3933K/4660K, paused 19ms, total 20ms
04-21 20:54:08.659 D/dalvikvm(2658): GC_CONCURRENT freed 200K, 14% free 2498K/2876K, paused 3ms+17ms, total 31ms
04-21 20:54:08.659 I/dalvikvm-heap(2629): Grow heap (frag case) to 4.260MB for 260112-byte allocation
04-21 20:54:08.674 D/dalvikvm(2629): GC_FOR_ALLOC freed 126K, 18% free 4061K/4916K, paused 16ms, total 16ms
04-21 20:54:08.690 D/dalvikvm(2644): GC_CONCURRENT freed 236K, 15% free 2459K/2876K, paused 3ms+1ms, total 40ms
04-21 20:54:08.768 D/dalvikvm(2629): GC_CONCURRENT freed 344K, 13% free 4303K/4916K, paused 2ms+2ms, total 36ms
04-21 20:54:08.768 D/dalvikvm(2629): WAIT_FOR_CONCURRENT_GC blocked 17ms
04-21 20:54:08.776 I/com.dropbox.android.util.ad(2658): Watching file: /storage/emulated/0/Android/data/com.dropbox.android/files/scratch/264f7d36
04-21 20:54:08.776 I/com.dropbox.android.util.ad(2658): File not modified: /storage/emulated/0/Android/data/com.dropbox.android/files/scratch/264f7d36
04-21 20:54:08.776 I/com.dropbox.android.util.ad(2658): Watching file: /storage/emulated/0/Android/data/com.dropbox.android/files/scratch/8f229e89/35256236
04-21 20:54:08.846 I/ActivityManager(378): Process com.dropbox.android (pid 2658) has died.
04-21 20:54:08.846 W/ActivityManager(378): Scheduling restart of crashed service com.dropbox.android/.service.CameraUploadService in 276219ms
04-21 20:54:08.885 D/dalvikvm(2629): GC_CONCURRENT freed 141K, 7% free 4830K/5148K, paused 2ms+2ms, total 38ms
04-21 20:54:08.885 D/dalvikvm(2629): WAIT_FOR_CONCURRENT_GC blocked 6ms
04-21 20:54:08.979 D/dalvikvm(2629): GC_CONCURRENT freed 526K, 13% free 5149K/5852K, paused 1ms+2ms, total 24ms
04-21 20:54:08.979 D/dalvikvm(2629): WAIT_FOR_CONCURRENT_GC blocked 7ms
04-21 20:54:09.143 D/dalvikvm(2629): GC_CONCURRENT freed 211K, 7% free 5876K/6268K, paused 2ms+2ms, total 47ms
04-21 20:54:09.143 D/dalvikvm(2629): WAIT_FOR_CONCURRENT_GC blocked 16ms
04-21 20:54:09.198 D/gp.PicasaPhotoCP(2629): set fsid first time:-1
04-21 20:54:10.213 D/dalvikvm(540): GC_CONCURRENT freed 1987K, 24% free 26185K/34104K, paused 3ms+16ms, total 77ms
04-21 20:54:10.604 D/dalvikvm(2127): GC_CONCURRENT freed 216K, 12% free 3132K/3528K, paused 4ms+4ms, total 24ms
04-21 20:54:10.956 D/LMT::KeyboardStateListener(936): New keyboard state: false
04-21 20:54:10.987 W/IInputConnectionWrapper(2127): showStatusIcon on inactive InputConnection
04-21 20:54:11.049 E/ActivityThread(2127): Activity com.klinker.android.messaging_sliding.QuickReply has leaked IntentReceiver com.klinker.android.messaging_sliding.QuickReply$1$2@41467640 that was originally registered here. Are you missing a call to unregisterReceiver()?
04-21 20:54:11.049 E/ActivityThread(2127): android.app.IntentReceiverLeaked: Activity com.klinker.android.messaging_sliding.QuickReply has leaked IntentReceiver com.klinker.android.messaging_sliding.QuickReply$1$2@41467640 that was originally registered here. Are you missing a call to unregisterReceiver()?
04-21 20:54:11.049 E/ActivityThread(2127): 	at android.app.LoadedApk$ReceiverDispatcher.<init>(LoadedApk.java:795)
04-21 20:54:11.049 E/ActivityThread(2127): 	at android.app.LoadedApk.getReceiverDispatcher(LoadedApk.java:596)
04-21 20:54:11.049 E/ActivityThread(2127): 	at android.app.ContextImpl.registerReceiverInternal(ContextImpl.java:1355)
04-21 20:54:11.049 E/ActivityThread(2127): 	at android.app.ContextImpl.registerReceiver(ContextImpl.java:1335)
04-21 20:54:11.049 E/ActivityThread(2127): 	at android.app.ContextImpl.registerReceiver(ContextImpl.java:1329)
04-21 20:54:11.049 E/ActivityThread(2127): 	at android.content.ContextWrapper.registerReceiver(ContextWrapper.java:423)
04-21 20:54:11.049 E/ActivityThread(2127): 	at com.klinker.android.messaging_sliding.QuickReply$1.onClick(QuickReply.java:534)
04-21 20:54:11.049 E/ActivityThread(2127): 	at android.view.View.performClick(View.java:4204)
04-21 20:54:11.049 E/ActivityThread(2127): 	at android.view.View$PerformClick.run(View.java:17355)
04-21 20:54:11.049 E/ActivityThread(2127): 	at android.os.Handler.handleCallback(Handler.java:725)
04-21 20:54:11.049 E/ActivityThread(2127): 	at android.os.Handler.dispatchMessage(Handler.java:92)
04-21 20:54:11.049 E/ActivityThread(2127): 	at android.os.Looper.loop(Looper.java:137)
04-21 20:54:11.049 E/ActivityThread(2127): 	at android.app.ActivityThread.main(ActivityThread.java:5195)
04-21 20:54:11.049 E/ActivityThread(2127): 	at java.lang.reflect.Method.invokeNative(Native Method)
04-21 20:54:11.049 E/ActivityThread(2127): 	at java.lang.reflect.Method.invoke(Method.java:511)
04-21 20:54:11.049 E/ActivityThread(2127): 	at com.android.internal.os.ZygoteInit$MethodAndArgsCaller.run(ZygoteInit.java:795)
04-21 20:54:11.049 E/ActivityThread(2127): 	at com.android.internal.os.ZygoteInit.main(ZygoteInit.java:562)
04-21 20:54:11.049 E/ActivityThread(2127): 	at dalvik.system.NativeStart.main(Native Method)
04-21 20:54:11.057 E/ActivityThread(2127): Activity com.klinker.android.messaging_sliding.QuickReply has leaked IntentReceiver com.klinker.android.messaging_sliding.QuickReply$1$1@41467010 that was originally registered here. Are you missing a call to unregisterReceiver()?
04-21 20:54:11.057 E/ActivityThread(2127): android.app.IntentReceiverLeaked: Activity com.klinker.android.messaging_sliding.QuickReply has leaked IntentReceiver com.klinker.android.messaging_sliding.QuickReply$1$1@41467010 that was originally registered here. Are you missing a call to unregisterReceiver()?
04-21 20:54:11.057 E/ActivityThread(2127): 	at android.app.LoadedApk$ReceiverDispatcher.<init>(LoadedApk.java:795)
04-21 20:54:11.057 E/ActivityThread(2127): 	at android.app.LoadedApk.getReceiverDispatcher(LoadedApk.java:596)
04-21 20:54:11.057 E/ActivityThread(2127): 	at android.app.ContextImpl.registerReceiverInternal(ContextImpl.java:1355)
04-21 20:54:11.057 E/ActivityThread(2127): 	at android.app.ContextImpl.registerReceiver(ContextImpl.java:1335)
04-21 20:54:11.057 E/ActivityThread(2127): 	at android.app.ContextImpl.registerReceiver(ContextImpl.java:1329)
04-21 20:54:11.057 E/ActivityThread(2127): 	at android.content.ContextWrapper.registerReceiver(ContextWrapper.java:423)
04-21 20:54:11.057 E/ActivityThread(2127): 	at com.klinker.android.messaging_sliding.QuickReply$1.onClick(QuickReply.java:386)
04-21 20:54:11.057 E/ActivityThread(2127): 	at android.view.View.performClick(View.java:4204)
04-21 20:54:11.057 E/ActivityThread(2127): 	at android.view.View$PerformClick.run(View.java:17355)
04-21 20:54:11.057 E/ActivityThread(2127): 	at android.os.Handler.handleCallback(Handler.java:725)
04-21 20:54:11.057 E/ActivityThread(2127): 	at android.os.Handler.dispatchMessage(Handler.java:92)
04-21 20:54:11.057 E/ActivityThread(2127): 	at android.os.Looper.loop(Looper.java:137)
04-21 20:54:11.057 E/ActivityThread(2127): 	at android.app.ActivityThread.main(ActivityThread.java:5195)
04-21 20:54:11.057 E/ActivityThread(2127): 	at java.lang.reflect.Method.invokeNative(Native Method)
04-21 20:54:11.057 E/ActivityThread(2127): 	at java.lang.reflect.Method.invoke(Method.java:511)
04-21 20:54:11.057 E/ActivityThread(2127): 	at com.android.internal.os.ZygoteInit$MethodAndArgsCaller.run(ZygoteInit.java:795)
04-21 20:54:11.057 E/ActivityThread(2127): 	at com.android.internal.os.ZygoteInit.main(ZygoteInit.java:562)
04-21 20:54:11.057 E/ActivityThread(2127): 	at dalvik.system.NativeStart.main(Native Method)
04-21 20:54:13.417 I/ActivityManager(378): Start proc com.papajohns.android:com.urbanairship.push.process for service com.papajohns.android/com.urbanairship.push.PushService: pid=2700 uid=10160 gids={50160, 3003, 1015, 1006, 1028}
04-21 20:54:13.432 I/dalvikvm(2700): Turning on JNI app bug workarounds for target SDK version 7...
04-21 20:54:13.456 E/Trace   (2700): error opening trace file: No such file or directory (2)
04-21 20:54:13.456 I/ActivityManager(378): Process com.google.android.apps.plus (pid 2629) has died.
04-21 20:54:13.487 D/ACRA    (2700): Retrieve application default SharedPreferences.
04-21 20:54:13.487 D/ACRA    (2700): Set OnSharedPreferenceChangeListener.
04-21 20:54:13.495 D/ACRA    (2700): ACRA is enabled for com.papajohns.android, intializing...
04-21 20:54:13.518 D/ACRA    (2700): Looking for error files in /data/data/com.papajohns.android/files
04-21 20:54:13.807 D/dalvikvm(2700): GC_CONCURRENT freed 317K, 17% free 2436K/2932K, paused 2ms+2ms, total 15ms
04-21 20:54:13.870 D/dalvikvm(2700): GC_CONCURRENT freed 446K, 21% free 2488K/3112K, paused 2ms+1ms, total 11ms
04-21 20:54:13.870 D/dalvikvm(2700): WAIT_FOR_CONCURRENT_GC blocked 7ms
04-21 20:54:13.893 D/dalvikvm(2700): GC_CONCURRENT freed 408K, 22% free 2491K/3176K, paused 3ms+1ms, total 12ms
04-21 20:54:13.893 D/dalvikvm(2700): WAIT_FOR_CONCURRENT_GC blocked 9ms
04-21 20:54:13.971 I/dalvikvm(2726): Turning on JNI app bug workarounds for target SDK version 7...
04-21 20:54:13.971 I/ActivityManager(378): Start proc com.papajohns.android for broadcast com.papajohns.android/com.urbanairship.CoreReceiver: pid=2726 uid=10160 gids={50160, 3003, 1015, 1006, 1028}
04-21 20:54:13.995 W/Settings(681): Setting auto_time_zone has moved from android.provider.Settings.System to android.provider.Settings.Global, returning read-only value.
04-21 20:54:13.995 E/Trace   (2726): error opening trace file: No such file or directory (2)
04-21 20:54:13.995 D/AlarmManagerService(378): Kernel timezone updated to 300 minutes west of GMT
04-21 20:54:13.995 W/Settings(681): Setting auto_time has moved from android.provider.Settings.System to android.provider.Settings.Global, returning read-only value.
04-21 20:54:14.018 D/ACRA    (2726): Retrieve application default SharedPreferences.
04-21 20:54:14.018 D/ACRA    (2726): Set OnSharedPreferenceChangeListener.
04-21 20:54:14.026 D/ACRA    (2726): ACRA is enabled for com.papajohns.android, intializing...
04-21 20:54:14.034 D/ACRA    (2726): Looking for error files in /data/data/com.papajohns.android/files
04-21 20:54:14.299 D/dalvikvm(2726): GC_CONCURRENT freed 337K, 18% free 2439K/2956K, paused 3ms+1ms, total 20ms
04-21 20:54:16.323 D/dalvikvm(2700): GC_CONCURRENT freed 339K, 19% free 2575K/3176K, paused 4ms+5ms, total 34ms
04-21 20:54:18.643 I/ActivityManager(378): Start proc android.process.acore for broadcast com.android.providers.contacts/.PackageIntentReceiver: pid=2752 uid=10000 gids={50000, 3003, 1015, 1028}
04-21 20:54:18.768 I/InputReader(378): Reconfiguring input devices.  changes=0x00000010
04-21 20:54:18.838 E/Trace   (2752): error opening trace file: No such file or directory (2)
04-21 20:54:18.909 I/ActivityManager(378): Process com.klinker.android.messaging_donate (pid 2127) has died.
04-21 20:54:18.948 E/Nova.AppsCustomizePagedView(734): Widget ComponentInfo{com.devhd.feedly/com.devhd.feedly.widget.FeedlyWidgetProvider_4_1} has invalid dimensions (0, 0)
04-21 20:54:18.987 D/dalvikvm(2752): GC_CONCURRENT freed 174K, 13% free 2533K/2888K, paused 3ms+3ms, total 21ms
04-21 20:54:19.042 I/ActivityManager(378): Start proc com.android.voicedialer for broadcast com.android.voicedialer/.VoiceDialerReceiver: pid=2769 uid=10048 gids={50048, 3002, 1028}
04-21 20:54:19.120 I/ActivityManager(378): Process android.process.media (pid 2644) has died.
04-21 20:54:19.135 E/Trace   (2769): error opening trace file: No such file or directory (2)
04-21 20:54:19.182 I/ActivityManager(378): Start proc com.android.vending for broadcast com.android.vending/com.google.android.finsky.receivers.PackageMonitorReceiver$RegisteredReceiver: pid=2782 uid=10059 gids={50059, 3003, 1015, 1028}
04-21 20:54:19.206 E/Trace   (2782): error opening trace file: No such file or directory (2)
04-21 20:54:19.213 I/ActivityManager(378): Process com.papajohns.android (pid 2726) has died.
04-21 20:54:19.338 I/ActivityManager(378): Process com.android.inputmethod.latin (pid 2278) has died.
04-21 20:54:19.690 D/Finsky  (2782): [1] FinskyApp.onCreate: Initializing network with DFE https://android.clients.google.com/fdfe/
04-21 20:54:19.838 D/dalvikvm(2782): GC_CONCURRENT freed 245K, 15% free 2478K/2904K, paused 7ms+4ms, total 41ms
04-21 20:54:19.885 D/Finsky  (2782): [1] DailyHygiene.goMakeHygieneIfDirty: No need to run daily hygiene.
04-21 20:54:19.901 I/ActivityManager(378): Process android.process.acore (pid 2752) has died.
04-21 20:54:19.909 W/Settings(2782): Setting download_manager_max_bytes_over_mobile has moved from android.provider.Settings.Secure to android.provider.Settings.Global.
04-21 20:54:19.917 D/dalvikvm(563): GC_CONCURRENT freed 3457K, 37% free 6249K/9888K, paused 3ms+13ms, total 75ms
04-21 20:54:19.924 W/Settings(2782): Setting download_manager_recommended_max_bytes_over_mobile has moved from android.provider.Settings.Secure to android.provider.Settings.Global.
04-21 20:54:19.979 D/dalvikvm(2782): GC_CONCURRENT freed 287K, 16% free 2612K/3076K, paused 7ms+2ms, total 42ms
04-21 20:54:20.128 I/ActivityManager(378): Process com.android.voicedialer (pid 2769) has died.
04-21 20:54:20.190 D/dalvikvm(378): GC_EXPLICIT freed 1003K, 23% free 28250K/36468K, paused 43ms+16ms, total 223ms
04-21 20:54:20.190 W/KeyguardDisableHandler(378): cleaning up leaked reference: TAG
04-21 20:54:20.190 I/Choreographer(563): Skipped 33 frames!  The application may be doing too much work on its main thread.
04-21 20:54:20.206 I/ActivityManager(378): Start proc android.process.media for content provider com.android.providers.downloads/.DownloadProvider: pid=2816 uid=10011 gids={50011, 1015, 1023, 1024, 1028, 2001, 3003, 3007}
04-21 20:54:20.221 I/ActivityManager(378): Start proc com.google.android.gallery3d for broadcast com.google.android.gallery3d/com.android.gallery3d.app.PackagesMonitor: pid=2821 uid=10066 gids={50066, 1006, 3003, 1015, 1028}
04-21 20:54:20.245 D/dalvikvm(2782): GC_CONCURRENT freed 211K, 13% free 2854K/3248K, paused 7ms+6ms, total 46ms
04-21 20:54:20.292 E/Trace   (2816): error opening trace file: No such file or directory (2)
04-21 20:54:20.299 E/Trace   (2821): error opening trace file: No such file or directory (2)
04-21 20:54:20.362 I/DownloadManager(2816): in removeSpuriousFiles
04-21 20:54:20.385 W/AssetRedirectionManager(378): Unable to attach target package assets for com.android.gallery3d
04-21 20:54:20.401 I/ActivityManager(378): Process com.android.vending (pid 2782) has died.
04-21 20:54:20.643 D/dalvikvm(2816): GC_CONCURRENT freed 238K, 15% free 2481K/2896K, paused 2ms+2ms, total 21ms
04-21 20:54:20.682 I/ActivityManager(378): Process com.papajohns.android:com.urbanairship.push.process (pid 2700) has died.
04-21 20:54:20.682 W/ActivityManager(378): Scheduling restart of crashed service com.papajohns.android/com.urbanairship.push.PushService in 68210ms
04-21 20:54:20.729 D/dalvikvm(2821): GC_CONCURRENT freed 415K, 20% free 2382K/2976K, paused 2ms+3ms, total 26ms
04-21 20:54:20.807 D/dalvikvm(2821): GC_CONCURRENT freed 401K, 20% free 2418K/3000K, paused 2ms+5ms, total 25ms
04-21 20:54:20.979 D/dalvikvm(2821): GC_CONCURRENT freed 310K, 18% free 2530K/3076K, paused 3ms+15ms, total 37ms
04-21 20:54:20.979 I/ActivityManager(378): Start proc com.google.android.apps.plus for broadcast com.google.android.apps.plus/.service.PackagesMediaMonitor: pid=2850 uid=10123 gids={50123, 3003, 3002, 1015, 1006, 1028}
04-21 20:54:20.979 I/ActivityManager(378): Process android.process.media (pid 2816) has died.
04-21 20:54:21.018 E/Trace   (2850): error opening trace file: No such file or directory (2)
04-21 20:54:21.135 D/dalvikvm(2850): GC_CONCURRENT freed 449K, 21% free 2373K/3000K, paused 3ms+2ms, total 31ms
04-21 20:54:21.135 D/dalvikvm(2850): WAIT_FOR_CONCURRENT_GC blocked 11ms
04-21 20:54:21.151 I/ActivityManager(378): Process com.google.android.gallery3d (pid 2821) has died.
04-21 20:54:21.213 D/dalvikvm(2850): GC_CONCURRENT freed 458K, 22% free 2389K/3028K, paused 1ms+3ms, total 23ms
04-21 20:54:21.284 I/ActivityManager(378): Start proc android.process.media for content provider com.android.providers.media/.MediaProvider: pid=2865 uid=10011 gids={50011, 1015, 1023, 1024, 1028, 2001, 3003, 3007}
04-21 20:54:21.299 D/dalvikvm(2850): GC_CONCURRENT freed 346K, 19% free 2499K/3068K, paused 4ms+5ms, total 30ms
04-21 20:54:21.338 E/Trace   (2865): error opening trace file: No such file or directory (2)
04-21 20:54:21.401 I/DownloadManager(2865): in removeSpuriousFiles
04-21 20:54:21.417 D/dalvikvm(2850): GC_CONCURRENT freed 168K, 10% free 2820K/3124K, paused 2ms+3ms, total 37ms
04-21 20:54:21.503 D/dalvikvm(2850): GC_CONCURRENT freed 160K, 10% free 3161K/3512K, paused 2ms+3ms, total 31ms
04-21 20:54:21.503 D/dalvikvm(2850): WAIT_FOR_CONCURRENT_GC blocked 11ms
04-21 20:54:21.518 I/ActivityManager(378): Process com.jasoncalhoun.android.systeminfowidget (pid 2346) has died.
04-21 20:54:21.518 W/ActivityManager(378): Scheduling restart of crashed service com.jasoncalhoun.android.systeminfowidget/.SystemInfoWidget$UpdateService in 77377ms
04-21 20:54:21.596 D/dalvikvm(2850): GC_CONCURRENT freed 182K, 11% free 3466K/3852K, paused 1ms+1ms, total 27ms
04-21 20:54:21.596 D/dalvikvm(2850): WAIT_FOR_CONCURRENT_GC blocked 18ms
04-21 20:54:21.635 D/dalvikvm(2850): GC_FOR_ALLOC freed 240K, 13% free 3589K/4100K, paused 21ms, total 21ms
04-21 20:54:21.635 I/dalvikvm-heap(2850): Grow heap (frag case) to 3.924MB for 260112-byte allocation
04-21 20:54:21.667 D/dalvikvm(2850): GC_FOR_ALLOC freed 126K, 15% free 3717K/4356K, paused 26ms, total 26ms
04-21 20:54:21.667 D/dalvikvm(2865): GC_CONCURRENT freed 234K, 15% free 2517K/2932K, paused 3ms+34ms, total 59ms
04-21 20:54:21.690 D/dalvikvm(2850): GC_FOR_ALLOC freed 311K, 16% free 3698K/4356K, paused 20ms, total 20ms
04-21 20:54:21.713 D/dalvikvm(2850): GC_FOR_ALLOC freed 62K, 14% free 3762K/4356K, paused 17ms, total 17ms
04-21 20:54:21.713 I/dalvikvm-heap(2850): Grow heap (frag case) to 4.093MB for 260112-byte allocation
04-21 20:54:21.737 D/dalvikvm(2850): GC_FOR_ALLOC freed 126K, 16% free 3890K/4612K, paused 21ms, total 21ms
04-21 20:54:21.753 D/dalvikvm(2850): GC_FOR_ALLOC freed 307K, 17% free 3869K/4612K, paused 17ms, total 17ms
04-21 20:54:21.768 D/dalvikvm(2850): GC_FOR_ALLOC freed 62K, 15% free 3933K/4612K, paused 15ms, total 15ms
04-21 20:54:21.792 D/dalvikvm(2850): GC_FOR_ALLOC freed 126K, 12% free 4061K/4612K, paused 15ms, total 15ms
04-21 20:54:21.854 D/dalvikvm(2850): GC_CONCURRENT freed 344K, 11% free 4302K/4824K, paused 1ms+2ms, total 28ms
04-21 20:54:21.854 D/dalvikvm(2850): WAIT_FOR_CONCURRENT_GC blocked 11ms
04-21 20:54:21.971 D/dalvikvm(2850): GC_CONCURRENT freed 141K, 7% free 4830K/5148K, paused 7ms+5ms, total 35ms
04-21 20:54:21.971 D/dalvikvm(2850): WAIT_FOR_CONCURRENT_GC blocked 11ms
04-21 20:54:22.088 D/dalvikvm(2850): GC_CONCURRENT freed 526K, 13% free 5149K/5852K, paused 1ms+2ms, total 33ms
04-21 20:54:22.088 D/dalvikvm(2850): WAIT_FOR_CONCURRENT_GC blocked 5ms
04-21 20:54:22.284 D/dalvikvm(2850): GC_CONCURRENT freed 211K, 7% free 5876K/6268K, paused 1ms+3ms, total 32ms
04-21 20:54:22.284 D/dalvikvm(2850): WAIT_FOR_CONCURRENT_GC blocked 15ms
04-21 20:54:22.346 D/gp.PicasaPhotoCP(2850): set fsid first time:-1
04-21 20:54:22.385 I/ActivityManager(378): Start proc net.nurik.roman.dashclock for broadcast net.nurik.roman.dashclock/com.google.android.apps.dashclock.ExtensionPackageChangeReceiver: pid=2889 uid=10103 gids={50103, 3003, 1028}
04-21 20:54:22.448 E/Trace   (2889): error opening trace file: No such file or directory (2)
04-21 20:54:22.463 I/ActivityManager(378): Existing provider com.android.providers.media/.MediaProvider is crashing; detaching ProcessRecord{413e08b0 2850:com.google.android.apps.plus/u0a10123}
04-21 20:54:22.471 I/ActivityManager(378): Process android.process.media (pid 2865) has died.
04-21 20:54:22.471 W/ActivityManager(378): Scheduling restart of crashed service com.android.providers.media/.MediaScannerService in 86423ms
04-21 20:54:22.479 I/ActivityThread(2850): Acquiring provider media for user 0: existing object's process dead
04-21 20:54:22.479 I/ActivityManager(378): Start proc android.process.media for restart android.process.media: pid=2904 uid=10011 gids={50011, 1015, 1023, 1024, 1028, 2001, 3003, 3007}
04-21 20:54:22.495 D/dalvikvm(130): GC_EXPLICIT freed 40K, 9% free 2310K/2528K, paused 1ms+2ms, total 16ms
04-21 20:54:22.510 E/Trace   (2904): error opening trace file: No such file or directory (2)
04-21 20:54:22.510 D/dalvikvm(130): GC_EXPLICIT freed <1K, 9% free 2310K/2528K, paused 1ms+1ms, total 15ms
04-21 20:54:22.526 D/dalvikvm(130): GC_EXPLICIT freed <1K, 9% free 2310K/2528K, paused 1ms+3ms, total 17ms
04-21 20:54:22.542 I/DownloadManager(2904): in removeSpuriousFiles
04-21 20:54:22.604 W/ActivityThread(2850): Content provider com.android.providers.media.MediaProvider already published as media
04-21 20:54:22.628 I/ActivityManager(378): Process com.google.android.apps.plus (pid 2850) has died.
04-21 20:54:22.628 W/ActivityManager(378): Scheduling restart of crashed service com.google.android.apps.plus/.service.PackagesMediaMonitor$AsyncService in 86267ms
04-21 20:54:22.659 D/dalvikvm(2904): GC_CONCURRENT freed 233K, 15% free 2465K/2876K, paused 3ms+2ms, total 21ms
04-21 20:54:22.893 I/Choreographer(563): Skipped 35 frames!  The application may be doing too much work on its main thread.
04-21 20:54:22.995 W/InputMethodManagerService(378): Window already focused, ignoring focus gain of: com.android.internal.view.IInputMethodClient$Stub$Proxy@42180a38 attribute=null, token = android.os.BinderProxy@41920cb0
04-21 20:54:23.088 D/dalvikvm(2889): GC_CONCURRENT freed 186K, 13% free 2616K/2988K, paused 36ms+1ms, total 52ms
04-21 20:54:23.088 D/dalvikvm(2889): WAIT_FOR_CONCURRENT_GC blocked 6ms
04-21 20:54:23.307 D/dalvikvm(2889): GC_FOR_ALLOC freed 128K, 16% free 2791K/3296K, paused 9ms, total 9ms
04-21 20:54:23.620 I/ActivityManager(378): Start proc com.jasoncalhoun.android.systeminfowidget for broadcast com.jasoncalhoun.android.systeminfowidget/.SystemInfoWidget: pid=2928 uid=10193 gids={50193, 3002, 3001, 1015, 1028}
04-21 20:54:23.620 I/ActivityManager(378): Process android.process.media (pid 2904) has died.
04-21 20:54:23.620 W/ActivityManager(378): Scheduling restart of crashed service com.android.providers.media/.MediaScannerService in 345692ms
04-21 20:54:23.635 I/dalvikvm(2928): Turning on JNI app bug workarounds for target SDK version 3...
04-21 20:54:23.635 I/ActivityManager(378): Start proc me.grantland.dashclock_battery for service me.grantland.dashclock_battery/.BatteryExtension: pid=2940 uid=10102 gids={50102, 1028}
04-21 20:54:23.659 E/Trace   (2928): error opening trace file: No such file or directory (2)
04-21 20:54:23.667 E/Trace   (2940): error opening trace file: No such file or directory (2)
04-21 20:54:23.706 I/ActivityManager(378): Start proc com.google.android.apps.plus for broadcast com.google.android.apps.plus/.service.CameraMonitor: pid=2962 uid=10123 gids={50123, 3003, 3002, 1015, 1006, 1028}
04-21 20:54:23.721 I/ActivityManager(378): Start proc com.google.android.gm for content provider com.google.android.gm/.provider.PublicContentProvider: pid=2973 uid=10092 gids={50092, 3003, 1015, 1028}
04-21 20:54:23.745 E/Trace   (2962): error opening trace file: No such file or directory (2)
04-21 20:54:23.760 E/Trace   (2973): error opening trace file: No such file or directory (2)
04-21 20:54:23.799 I/ActivityManager(378): Start proc android.process.acore for content provider com.android.providers.contacts/.CallLogProvider: pid=2991 uid=10000 gids={50000, 3003, 1015, 1028}
04-21 20:54:23.807 I/ActivityManager(378): Process me.grantland.dashclock_battery (pid 2940) has died.
04-21 20:54:23.807 W/ActivityManager(378): Scheduling restart of crashed service me.grantland.dashclock_battery/.UpdateService in 34326ms
04-21 20:54:23.807 W/ActivityManager(378): Scheduling restart of crashed service me.grantland.dashclock_battery/.BatteryExtension in 75085ms
04-21 20:54:23.838 D/dalvikvm(2962): GC_CONCURRENT freed 443K, 20% free 2425K/3000K, paused 5ms+8ms, total 34ms
04-21 20:54:23.862 E/Trace   (2991): error opening trace file: No such file or directory (2)
04-21 20:54:23.893 D/dalvikvm(2962): GC_CONCURRENT freed 508K, 21% free 2459K/3080K, paused 2ms+6ms, total 24ms
04-21 20:54:23.924 D/ActivityThread(2973): Loading provider com.android.gmail.ui: com.google.android.gm.provider.UiProvider
04-21 20:54:23.940 D/dalvikvm(2962): GC_FOR_ALLOC freed 289K, 20% free 2520K/3140K, paused 16ms, total 16ms
04-21 20:54:23.963 I/ActivityManager(378): Start proc android.process.media for content provider com.android.providers.media/.MediaProvider: pid=3011 uid=10011 gids={50011, 1015, 1023, 1024, 1028, 2001, 3003, 3007}
04-21 20:54:23.979 I/ActivityManager(378): Process com.google.android.gm (pid 2973) has died.
04-21 20:54:23.995 I/ActivityManager(378): Start proc com.google.android.gm for restart com.google.android.gm: pid=3020 uid=10092 gids={50092, 3003, 1015, 1028}
04-21 20:54:24.042 E/Trace   (3011): error opening trace file: No such file or directory (2)
04-21 20:54:24.057 D/dalvikvm(2962): GC_CONCURRENT freed 187K, 12% free 2838K/3208K, paused 3ms+10ms, total 55ms
04-21 20:54:24.065 E/Trace   (3020): error opening trace file: No such file or directory (2)
04-21 20:54:24.065 D/dalvikvm(2991): GC_CONCURRENT freed 182K, 13% free 2535K/2896K, paused 3ms+6ms, total 61ms
04-21 20:54:24.073 W/Settings(681): Setting auto_time_zone has moved from android.provider.Settings.System to android.provider.Settings.Global, returning read-only value.
04-21 20:54:24.073 D/AlarmManagerService(378): Kernel timezone updated to 300 minutes west of GMT
04-21 20:54:24.073 W/Settings(681): Setting auto_time has moved from android.provider.Settings.System to android.provider.Settings.Global, returning read-only value.
04-21 20:54:24.143 I/DownloadManager(3011): in removeSpuriousFiles
04-21 20:54:24.174 D/dalvikvm(2962): GC_CONCURRENT freed 130K, 10% free 3196K/3520K, paused 2ms+20ms, total 56ms
04-21 20:54:24.174 D/dalvikvm(2962): WAIT_FOR_CONCURRENT_GC blocked 2ms
04-21 20:54:24.182 D/ActivityThread(3020): Loading provider com.android.gmail.ui: com.google.android.gm.provider.UiProvider
04-21 20:54:24.221 D/dalvikvm(3020): GC_CONCURRENT freed 293K, 17% free 2465K/2936K, paused 2ms+1ms, total 38ms
04-21 20:54:24.276 D/dalvikvm(2962): GC_CONCURRENT freed 221K, 11% free 3466K/3888K, paused 2ms+2ms, total 27ms
04-21 20:54:24.276 D/dalvikvm(2962): WAIT_FOR_CONCURRENT_GC blocked 11ms
04-21 20:54:24.292 I/ActivityManager(378): Process android.process.acore (pid 2991) has died.
04-21 20:54:24.299 D/dalvikvm(378): GC_EXPLICIT freed 675K, 23% free 28263K/36468K, paused 4ms+15ms, total 265ms
04-21 20:54:24.315 D/dalvikvm(2962): GC_FOR_ALLOC freed 207K, 13% free 3589K/4080K, paused 28ms, total 30ms
04-21 20:54:24.315 I/dalvikvm-heap(2962): Grow heap (frag case) to 3.924MB for 260112-byte allocation
04-21 20:54:24.323 I/ActivityThread(2889): Acquiring provider call_log for user 0: existing object's process dead
04-21 20:54:24.338 I/ActivityManager(378): Start proc android.process.acore for content provider com.android.providers.contacts/.CallLogProvider: pid=3048 uid=10000 gids={50000, 3003, 1015, 1028}
04-21 20:54:24.385 D/dalvikvm(2962): GC_FOR_ALLOC freed 126K, 15% free 3717K/4336K, paused 66ms, total 66ms
04-21 20:54:24.401 E/Trace   (3048): error opening trace file: No such file or directory (2)
04-21 20:54:24.424 D/dalvikvm(2962): GC_FOR_ALLOC freed 311K, 16% free 3698K/4400K, paused 36ms, total 36ms
04-21 20:54:24.471 D/dalvikvm(2962): GC_FOR_ALLOC freed 62K, 15% free 3762K/4400K, paused 44ms, total 44ms
04-21 20:54:24.479 I/ActivityManager(378): Process com.google.android.gm (pid 3020) has died.
04-21 20:54:24.503 I/ActivityManager(378): Start proc me.grantland.dashclock_battery for service me.grantland.dashclock_battery/.BatteryExtension: pid=3066 uid=10102 gids={50102, 1028}
04-21 20:54:24.510 D/dalvikvm(2962): GC_FOR_ALLOC freed 126K, 12% free 3890K/4400K, paused 40ms, total 40ms
04-21 20:54:24.549 D/dalvikvm(2962): GC_FOR_ALLOC freed 307K, 16% free 3870K/4572K, paused 37ms, total 37ms
04-21 20:54:24.565 E/Trace   (3066): error opening trace file: No such file or directory (2)
04-21 20:54:24.565 D/dalvikvm(3048): GC_CONCURRENT freed 193K, 13% free 2534K/2908K, paused 5ms+5ms, total 39ms
04-21 20:54:24.581 D/dalvikvm(2962): GC_FOR_ALLOC freed 62K, 14% free 3934K/4572K, paused 19ms, total 19ms
04-21 20:54:24.581 I/dalvikvm-heap(2962): Grow heap (frag case) to 4.261MB for 260112-byte allocation
04-21 20:54:24.588 W/ActivityThread(2889): Content provider com.android.providers.contacts.CallLogProvider already published as call_log
04-21 20:54:24.604 D/dalvikvm(2962): GC_FOR_ALLOC freed 126K, 16% free 4062K/4828K, paused 19ms, total 19ms
04-21 20:54:24.667 D/dalvikvm(2962): GC_CONCURRENT freed 344K, 11% free 4305K/4828K, paused 1ms+2ms, total 23ms
04-21 20:54:24.667 D/dalvikvm(2962): WAIT_FOR_CONCURRENT_GC blocked 8ms
04-21 20:54:24.799 D/dalvikvm(2962): GC_CONCURRENT freed 138K, 6% free 4845K/5152K, paused 1ms+1ms, total 27ms
04-21 20:54:24.799 D/dalvikvm(2962): WAIT_FOR_CONCURRENT_GC blocked 1ms
04-21 20:54:24.815 I/ActivityManager(378): Process com.jasoncalhoun.android.systeminfowidget (pid 2928) has died.
04-21 20:54:24.815 W/ActivityManager(378): Scheduling restart of crashed service com.jasoncalhoun.android.systeminfowidget/.SystemInfoWidget$UpdateService in 33320ms
04-21 20:54:24.831 D/dalvikvm(2889): GC_CONCURRENT freed 640K, 24% free 2601K/3420K, paused 48ms+1ms, total 153ms
04-21 20:54:24.846 D/dalvikvm(3011): GC_CONCURRENT freed 225K, 15% free 2471K/2876K, paused 5ms+5ms, total 46ms
04-21 20:54:24.901 D/dalvikvm(2962): GC_CONCURRENT freed 532K, 13% free 5162K/5872K, paused 2ms+2ms, total 25ms
04-21 20:54:24.901 D/dalvikvm(2962): WAIT_FOR_CONCURRENT_GC blocked 4ms
04-21 20:54:25.096 E/MediaScannerService(3011): Exception in handleMessage
04-21 20:54:25.096 E/MediaScannerService(3011): android.os.DeadObjectException
04-21 20:54:25.096 E/MediaScannerService(3011): 	at android.os.BinderProxy.transact(Native Method)
04-21 20:54:25.096 E/MediaScannerService(3011): 	at android.media.IMediaScannerListener$Stub$Proxy.scanCompleted(IMediaScannerListener.java:100)
04-21 20:54:25.096 E/MediaScannerService(3011): 	at com.android.providers.media.MediaScannerService$ServiceHandler.handleMessage(MediaScannerService.java:251)
04-21 20:54:25.096 E/MediaScannerService(3011): 	at android.os.Handler.dispatchMessage(Handler.java:99)
04-21 20:54:25.096 E/MediaScannerService(3011): 	at android.os.Looper.loop(Looper.java:137)
04-21 20:54:25.096 E/MediaScannerService(3011): 	at com.android.providers.media.MediaScannerService.run(MediaScannerService.java:186)
04-21 20:54:25.096 E/MediaScannerService(3011): 	at java.lang.Thread.run(Thread.java:856)
04-21 20:54:25.104 D/dalvikvm(2962): GC_CONCURRENT freed 211K, 7% free 5907K/6296K, paused 2ms+3ms, total 59ms
04-21 20:54:25.104 D/dalvikvm(2962): WAIT_FOR_CONCURRENT_GC blocked 27ms
04-21 20:54:25.159 D/gp.PicasaPhotoCP(2962): set fsid first time:-1
04-21 20:54:25.206 I/ActivityManager(378): Start proc com.google.android.googlequicksearchbox for broadcast com.google.android.googlequicksearchbox/com.google.android.searchcommon.summons.SourceUpdateReceiver: pid=3091 uid=10060 gids={50060, 3003, 1028, 1007, 3002, 1015, 1006}
04-21 20:54:25.237 E/Trace   (3091): error opening trace file: No such file or directory (2)
04-21 20:54:25.307 I/ActivityManager(378): Process android.process.acore (pid 3048) has died.
04-21 20:54:25.393 D/dalvikvm(130): GC_EXPLICIT freed 39K, 9% free 2310K/2528K, paused 1ms+2ms, total 16ms
04-21 20:54:25.401 I/ActivityManager(378): Start proc com.google.android.partnersetup for content provider com.google.android.partnersetup/.RlzAppProvider: pid=3111 uid=10055 gids={50055, 3003, 1028}
04-21 20:54:25.409 D/dalvikvm(130): GC_EXPLICIT freed <1K, 9% free 2310K/2528K, paused 1ms+2ms, total 17ms
04-21 20:54:25.424 D/dalvikvm(130): GC_EXPLICIT freed <1K, 9% free 2310K/2528K, paused 1ms+1ms, total 16ms
04-21 20:54:25.432 E/Trace   (3111): error opening trace file: No such file or directory (2)
04-21 20:54:25.518 D/dalvikvm(2889): GC_CONCURRENT freed 159K, 18% free 2829K/3420K, paused 3ms+1ms, total 41ms
04-21 20:54:25.549 D/dalvikvm(3091): GC_CONCURRENT freed 249K, 15% free 2568K/2988K, paused 3ms+80ms, total 118ms
04-21 20:54:25.604 W/GAV2    (3091): Thread[main,5,main]: Need to call initialize() and be in fallback mode to start dispatch.
04-21 20:54:25.745 I/ActivityManager(378): Start proc com.google.android.apps.maps:GoogleLocationService for service com.google.android.apps.maps/com.google.android.location.internal.server.GoogleLocationService: pid=3142 uid=10224 gids={50224, 3003, 1015, 1028}
04-21 20:54:25.753 I/ActivityManager(378): Start proc com.google.android.gm for broadcast com.google.android.gm/.MailIntentReceiver: pid=3147 uid=10092 gids={50092, 3003, 1015, 1028}
04-21 20:54:25.815 E/Trace   (3147): error opening trace file: No such file or directory (2)
04-21 20:54:25.823 E/Trace   (3142): error opening trace file: No such file or directory (2)
04-21 20:54:25.885 D/ActivityThread(3147): Loading provider com.android.gmail.ui: com.google.android.gm.provider.UiProvider
04-21 20:54:25.932 D/dalvikvm(3147): GC_CONCURRENT freed 270K, 16% free 2463K/2912K, paused 2ms+3ms, total 38ms
04-21 20:54:25.932 I/ActivityManager(378): Process android.process.media (pid 3011) has died.
04-21 20:54:26.003 I/ActivityManager(378): Start proc android.process.media for content provider com.android.providers.media/.MediaProvider: pid=3173 uid=10011 gids={50011, 1015, 1023, 1024, 1028, 2001, 3003, 3007}
04-21 20:54:26.026 I/GmsClient(3147): connect: bindService returned true for Intent { act=com.google.android.gms.icing.INDEX_SERVICE }
04-21 20:54:26.026 I/ActivityManager(378): Start proc com.google.android.gms for service com.google.android.gms/.icing.impl.IndexService: pid=3181 uid=10051 gids={50051, 3003, 2001, 1007, 3006, 1028, 1015}
04-21 20:54:26.042 I/ActivityManager(378): Start proc com.jasoncalhoun.android.systeminfowidget for broadcast com.jasoncalhoun.android.systeminfowidget/.SystemInfoWidget: pid=3196 uid=10193 gids={50193, 3002, 3001, 1015, 1028}
04-21 20:54:26.088 I/dalvikvm(3196): Turning on JNI app bug workarounds for target SDK version 3...
04-21 20:54:26.143 E/Trace   (3181): error opening trace file: No such file or directory (2)
04-21 20:54:26.159 E/Trace   (3196): error opening trace file: No such file or directory (2)
04-21 20:54:26.159 E/Trace   (3173): error opening trace file: No such file or directory (2)
04-21 20:54:26.284 I/ActivityManager(378): Process com.google.android.apps.plus (pid 2962) has died.
04-21 20:54:26.385 D/dalvikvm(3091): GC_CONCURRENT freed 255K, 14% free 2773K/3212K, paused 6ms+9ms, total 39ms
04-21 20:54:26.432 I/Gmail   (3147): calculateUnknownSyncRationalesAndPurgeInBackground: queueing
04-21 20:54:26.440 I/Gmail   (3147): calculateUnknownSyncRationalesAndPurgeInBackground: queueing
04-21 20:54:26.456 D/dalvikvm(378): GC_EXPLICIT freed 723K, 23% free 28182K/36468K, paused 11ms+19ms, total 218ms
04-21 20:54:26.487 I/DownloadManager(3173): in removeSpuriousFiles
04-21 20:54:26.604 D/dalvikvm(3181): Trying to load lib /data/app-lib/com.google.android.gms-1/libAppDataSearch.so 0x41391510
04-21 20:54:26.635 D/dalvikvm(3181): Added shared lib /data/app-lib/com.google.android.gms-1/libAppDataSearch.so 0x41391510
04-21 20:54:26.635 D/dalvikvm(3181): No JNI_OnLoad found in /data/app-lib/com.google.android.gms-1/libAppDataSearch.so 0x41391510, skipping init
04-21 20:54:26.651 D/Icing   (3181): Init last flush num docs 106 last docstore size 201984
04-21 20:54:26.651 D/Icing   (3181): Docid map file has data, scanning...
04-21 20:54:26.651 D/Icing   (3181): Scanning /data/data/com.google.android.gms/files/AppDataSearch/main/cur/ds.docids found 106 documents, last docstore location 199936
04-21 20:54:26.651 D/Icing   (3181): File /data/data/com.google.android.gms/files/AppDataSearch/main/cur/ds.perdocdata contains 106 records of size 6
04-21 20:54:26.651 D/Icing   (3181): Init docstore ok num docs 106 bytes 201984
04-21 20:54:26.667 D/GmsClient(3147): service broker connected, binder: android.os.BinderProxy@41405e80
04-21 20:54:26.667 D/dalvikvm(3147): GC_CONCURRENT freed 271K, 15% free 2658K/3108K, paused 14ms+2ms, total 124ms
04-21 20:54:26.682 V/Icing   (3181): Lite index crc computed in 0.092ms
04-21 20:54:26.682 V/Icing   (3181): Lite index init ok in 1.434ms
04-21 20:54:26.682 V/Icing   (3181): Warming lite-index took 0.031ms
04-21 20:54:26.682 V/Icing   (3181): Warming lexicon took 0.153ms
04-21 20:54:26.682 V/Icing   (3181): Warming display mappings took 0.031ms
04-21 20:54:26.682 D/Icing   (3181): Init index ok num docs 106
04-21 20:54:26.682 D/Icing   (3181): Init done
04-21 20:54:26.729 D/dalvikvm(3181): GC_CONCURRENT freed 293K, 17% free 2416K/2888K, paused 4ms+1ms, total 23ms
04-21 20:54:26.753 D/dalvikvm(2889): GC_FOR_ALLOC freed 343K, 23% free 2698K/3488K, paused 13ms, total 15ms
04-21 20:54:26.799 D/dalvikvm(3142): GC_CONCURRENT freed 196K, 13% free 2615K/2996K, paused 7ms+2ms, total 60ms
04-21 20:54:26.799 D/dalvikvm(3142): WAIT_FOR_CONCURRENT_GC blocked 47ms
04-21 20:54:26.815 I/Gmail   (3147): calculateUnknownSyncRationalesAndPurgeInBackground: running
04-21 20:54:26.815 D/dalvikvm(3142): GC_FOR_ALLOC freed 125K, 16% free 2706K/3220K, paused 14ms, total 14ms
04-21 20:54:26.815 I/dalvikvm-heap(3142): Grow heap (frag case) to 2.993MB for 186718-byte allocation
04-21 20:54:26.815 I/ActivityManager(378): Process com.google.android.googlequicksearchbox (pid 3091) has died.
04-21 20:54:26.831 I/Gmail   (3147): calculateUnknownSyncRationalesAndPurgeInBackground: running
04-21 20:54:26.831 D/dalvikvm(3173): GC_CONCURRENT freed 245K, 15% free 2501K/2924K, paused 1ms+4ms, total 100ms
04-21 20:54:26.838 D/dalvikvm(3142): GC_FOR_ALLOC freed 3K, 16% free 2885K/3404K, paused 23ms, total 23ms
04-21 20:54:26.901 E/Icing   (3181): App com.google.android.gm not allowed to use icing
04-21 20:54:26.917 E/Gmail   (3147): Search registration failed: 8
04-21 20:54:26.924 I/Recovery(3181): Received: Intent { act=com.google.android.gms.INITIALIZE flg=0x10 pkg=com.google.android.gms cmp=com.google.android.gms/.recovery.AccountRecoveryService$Receiver }
04-21 20:54:26.932 I/ActivityManager(378): Start proc com.google.android.googlequicksearchbox for broadcast com.google.android.googlequicksearchbox/com.google.android.apps.sidekick.widget.PredictiveCardsWidgetProvider: pid=3244 uid=10060 gids={50060, 3003, 1028, 1007, 3002, 1015, 1006}
04-21 20:54:26.971 E/Trace   (3244): error opening trace file: No such file or directory (2)
04-21 20:54:27.010 D/dalvikvm(3142): GC_CONCURRENT freed 495K, 19% free 2902K/3576K, paused 3ms+5ms, total 42ms
04-21 20:54:27.010 D/dalvikvm(3142): WAIT_FOR_CONCURRENT_GC blocked 1ms
04-21 20:54:27.135 D/dalvikvm(3244): GC_CONCURRENT freed 226K, 14% free 2578K/2984K, paused 4ms+17ms, total 48ms
04-21 20:54:27.143 W/GAV2    (3244): Thread[main,5,main]: Need to call initialize() and be in fallback mode to start dispatch.
04-21 20:54:27.260 D/dalvikvm(3142): GC_CONCURRENT freed 646K, 24% free 2730K/3576K, paused 2ms+10ms, total 66ms
04-21 20:54:27.268 I/ActivityManager(378): Start proc com.google.android.apps.maps:LocationFriendService for service com.google.android.apps.maps/com.google.googlenav.friend.reporting.LocationReceiverService: pid=3275 uid=10224 gids={50224, 3003, 1015, 1028}
04-21 20:54:27.268 I/ActivityManager(378): Process com.google.android.gm (pid 3147) has died.
04-21 20:54:27.292 E/Trace   (3275): error opening trace file: No such file or directory (2)
04-21 20:54:27.338 I/ActivityManager(378): Start proc com.google.android.apps.maps:FriendService for broadcast com.google.android.apps.maps/com.google.googlenav.friend.android.ServiceReceiver: pid=3289 uid=10224 gids={50224, 3003, 1015, 1028}
04-21 20:54:27.378 E/Trace   (3289): error opening trace file: No such file or directory (2)
04-21 20:54:27.393 I/ActivityManager(378): Process com.google.android.partnersetup (pid 3111) has died.
04-21 20:54:27.440 D/dalvikvm(890): GC_EXPLICIT freed 296K, 17% free 3140K/3760K, paused 70ms+7ms, total 388ms
04-21 20:54:27.456 W/Settings(3142): Setting airplane_mode_on has moved from android.provider.Settings.System to android.provider.Settings.Global, returning read-only value.
04-21 20:54:27.487 D/dalvikvm(3289): GC_CONCURRENT freed 266K, 16% free 2440K/2884K, paused 1ms+2ms, total 21ms
04-21 20:54:27.573 D/dalvikvm(3142): GC_FOR_ALLOC freed 292K, 22% free 2812K/3576K, paused 18ms, total 19ms
04-21 20:54:27.581 D/dalvikvm(3275): GC_CONCURRENT freed 297K, 16% free 2525K/3000K, paused 4ms+2ms, total 40ms
04-21 20:54:27.581 D/dalvikvm(3275): WAIT_FOR_CONCURRENT_GC blocked 5ms
04-21 20:54:27.596 D/dalvikvm(3142): GC_FOR_ALLOC freed 24K, 21% free 2828K/3576K, paused 16ms, total 16ms
04-21 20:54:27.596 I/dalvikvm-heap(3142): Grow heap (frag case) to 2.958MB for 25680-byte allocation
04-21 20:54:27.604 D/dalvikvm(3142): GC_FOR_ALLOC freed 5K, 21% free 2848K/3604K, paused 11ms, total 11ms
04-21 20:54:27.620 D/dalvikvm(3142): GC_FOR_ALLOC freed 0K, 21% free 2848K/3604K, paused 12ms, total 12ms
04-21 20:54:27.620 I/dalvikvm-heap(3142): Grow heap (frag case) to 2.989MB for 38516-byte allocation
04-21 20:54:27.635 D/dalvikvm(3142): GC_FOR_ALLOC freed 25K, 22% free 2860K/3644K, paused 13ms, total 13ms
04-21 20:54:27.667 I/dalvikvm(3275): Total arena pages for JIT: 11
04-21 20:54:27.667 I/dalvikvm(3275): Total arena pages for JIT: 12
04-21 20:54:27.667 I/dalvikvm(3275): Total arena pages for JIT: 13
04-21 20:54:27.667 I/dalvikvm(3275): Total arena pages for JIT: 14
04-21 20:54:27.667 I/dalvikvm(3275): Total arena pages for JIT: 15
04-21 20:54:27.667 I/dalvikvm(3275): Total arena pages for JIT: 16
04-21 20:54:27.667 I/dalvikvm(3275): Total arena pages for JIT: 17
04-21 20:54:27.682 D/dalvikvm(3244): GC_CONCURRENT freed 278K, 15% free 2694K/3152K, paused 3ms+4ms, total 19ms
04-21 20:54:29.049 D/dalvikvm(838): GC_CONCURRENT freed 492K, 18% free 3186K/3872K, paused 6ms+6ms, total 55ms
04-21 20:54:29.182 D/dalvikvm(3142): GC_CONCURRENT freed 465K, 21% free 2907K/3644K, paused 4ms+4ms, total 24ms
04-21 20:54:29.182 D/dalvikvm(3142): WAIT_FOR_CONCURRENT_GC blocked 8ms
04-21 20:54:30.065 D/BluetoothManagerService(378): Message: 20
04-21 20:54:30.065 D/BluetoothManagerService(378): Added callback: android.bluetooth.IBluetoothManagerCallback$Stub$Proxy@41c61a00:true
04-21 20:54:30.081 I/ActivityManager(378): Process android.process.media (pid 3173) has died.
04-21 20:54:32.159 W/GAV2    (3244): Thread[GAThread,5,main]: Service unavailable (code=1), will retry.
04-21 20:54:32.159 W/ActivityManager(378): Unable to start service Intent { act=com.google.android.gms.analytics.service.START (has extras) } U=0: not found
04-21 20:54:32.174 I/GAV2    (3244): Thread[GAThread,5,main]: No campaign data found.
04-21 20:54:32.190 D/dalvikvm(3244): GC_CONCURRENT freed 285K, 15% free 2826K/3292K, paused 4ms+3ms, total 36ms
04-21 20:54:32.963 I/ActivityManager(378): Start proc com.mrnumber.blocker for broadcast com.mrnumber.blocker/.receiver.SmsReceivedBroadcastReceiver: pid=3320 uid=10147 gids={50147, 3003, 1028}
04-21 20:54:33.003 E/Trace   (3320): error opening trace file: No such file or directory (2)
04-21 20:54:33.253 D/dalvikvm(3320): GC_CONCURRENT freed 257K, 15% free 2524K/2960K, paused 3ms+13ms, total 36ms
04-21 20:54:33.354 D/dalvikvm(3320): GC_CONCURRENT freed 157K, 11% free 2851K/3192K, paused 3ms+4ms, total 37ms
04-21 20:54:33.424 D/dalvikvm(3320): GC_CONCURRENT freed 146K, 10% free 3187K/3524K, paused 2ms+2ms, total 17ms
04-21 20:54:33.510 I/ActivityManager(378): Process com.google.android.gms (pid 3181) has died.
04-21 20:54:33.518 D/dalvikvm(3320): GC_CONCURRENT freed 145K, 9% free 3537K/3876K, paused 1ms+5ms, total 27ms
04-21 20:54:33.518 D/dalvikvm(3320): WAIT_FOR_CONCURRENT_GC blocked 5ms
04-21 20:54:33.596 D/dalvikvm(3320): GC_CONCURRENT freed 289K, 12% free 3695K/4192K, paused 3ms+1ms, total 33ms
04-21 20:54:33.596 D/dalvikvm(3320): WAIT_FOR_CONCURRENT_GC blocked 15ms
04-21 20:54:33.628 D/dalvikvm(3320): GC_FOR_ALLOC freed 92K, 10% free 3791K/4192K, paused 25ms, total 25ms
04-21 20:54:33.659 D/dalvikvm(3320): GC_FOR_ALLOC freed 126K, 12% free 3919K/4448K, paused 25ms, total 25ms
04-21 20:54:33.659 I/dalvikvm-heap(3320): Grow heap (frag case) to 4.220MB for 232417-byte allocation
04-21 20:54:33.690 D/dalvikvm(3320): GC_FOR_ALLOC freed 0K, 12% free 4146K/4676K, paused 33ms, total 33ms
04-21 20:54:33.729 D/dalvikvm(3320): GC_FOR_ALLOC freed 373K, 17% free 4019K/4804K, paused 27ms, total 27ms
04-21 20:54:33.760 D/dalvikvm(3320): GC_FOR_ALLOC freed 126K, 14% free 4147K/4804K, paused 28ms, total 28ms
04-21 20:54:33.760 I/dalvikvm-heap(3320): Grow heap (frag case) to 4.443MB for 232364-byte allocation
04-21 20:54:33.799 D/dalvikvm(3320): GC_FOR_ALLOC freed 0K, 14% free 4374K/5032K, paused 40ms, total 40ms
04-21 20:54:33.838 D/dalvikvm(3320): GC_FOR_ALLOC freed 369K, 16% free 4246K/5032K, paused 24ms, total 24ms
04-21 20:54:33.862 D/dalvikvm(3320): GC_FOR_ALLOC freed 126K, 14% free 4374K/5032K, paused 22ms, total 22ms
04-21 20:54:33.862 I/dalvikvm-heap(3320): Grow heap (frag case) to 4.665MB for 232364-byte allocation
04-21 20:54:33.885 D/dalvikvm(3320): GC_FOR_ALLOC freed 0K, 13% free 4601K/5260K, paused 22ms, total 22ms
04-21 20:54:34.018 D/dalvikvm(3320): GC_CONCURRENT freed 410K, 11% free 4940K/5528K, paused 3ms+3ms, total 25ms
04-21 20:54:34.174 D/dalvikvm(3320): GC_CONCURRENT freed 188K, 7% free 5630K/5996K, paused 2ms+2ms, total 29ms
04-21 20:54:34.174 D/dalvikvm(3320): WAIT_FOR_CONCURRENT_GC blocked 10ms
