04-21 20:50:23.231 E/ActivityThread(31598): 	at android.app.ActivityThread.main(ActivityThread.java:5195)
04-21 20:50:23.231 E/ActivityThread(31598): 	at java.lang.reflect.Method.invokeNative(Native Method)
04-21 20:50:23.231 E/ActivityThread(31598): 	at java.lang.reflect.Method.invoke(Method.java:511)
04-21 20:50:23.231 E/ActivityThread(31598): 	at com.android.internal.os.ZygoteInit$MethodAndArgsCaller.run(ZygoteInit.java:795)
04-21 20:50:23.231 E/ActivityThread(31598): 	at com.android.internal.os.ZygoteInit.main(ZygoteInit.java:562)
04-21 20:50:23.231 E/ActivityThread(31598): 	at dalvik.system.NativeStart.main(Native Method)
04-21 20:50:24.247 I/ActivityManager(378): Start proc com.google.android.apps.maps:GoogleLocationService for service com.google.android.apps.maps/com.google.android.location.internal.server.GoogleLocationService: pid=31829 uid=10224 gids={50224, 3003, 1015, 1028}
04-21 20:50:25.106 I/ActivityManager(378): Start proc com.google.android.apps.maps:FriendService for broadcast com.google.android.apps.maps/com.google.googlenav.friend.android.ServiceReceiver: pid=31852 uid=10224 gids={50224, 3003, 1015, 1028}
04-21 20:50:25.301 I/ActivityManager(378): Start proc com.google.android.apps.maps:LocationFriendService for broadcast com.google.android.apps.maps/com.google.googlenav.friend.reporting.LocationReportingIntentReceiver: pid=31865 uid=10224 gids={50224, 3003, 1015, 1028}
04-21 20:50:34.262 I/ActivityManager(378): Start proc com.truecaller for service com.truecaller/.service.TrueCallerService: pid=31894 uid=10208 gids={50208, 3003, 1015, 1028}
04-21 20:50:44.262 I/ActivityManager(378): Start proc com.youmail.android.vvm for service com.youmail.android.vvm/.service.YMService: pid=31912 uid=10221 gids={50221, 3003, 1015, 3002, 1028}
04-21 20:50:53.645 I/ActivityManager(378): Start proc com.mrnumber.blocker for broadcast com.mrnumber.blocker/.receiver.SmsReceivedBroadcastReceiver: pid=31929 uid=10147 gids={50147, 3003, 1028}
04-21 20:50:55.137 I/ActivityManager(378): Start proc android.process.acore for content provider com.android.providers.contacts/.ContactsProvider2: pid=31948 uid=10000 gids={50000, 3003, 1015, 1028}
04-21 20:50:55.465 D/CountryDetector(378): The first listener is added
04-21 20:50:55.520 W/BroadcastQueue(378): Exception when sending broadcast to ComponentInfo{com.klinker.android.messaging_donate/com.klinker.android.messaging_sliding.TextMessageReceiver}
04-21 20:50:55.520 W/BroadcastQueue(378): android.os.TransactionTooLargeException
04-21 20:50:55.520 W/BroadcastQueue(378): 	at android.os.BinderProxy.transact(Native Method)
04-21 20:50:55.520 W/BroadcastQueue(378): 	at android.app.ApplicationThreadProxy.scheduleReceiver(ApplicationThreadNative.java:771)
04-21 20:50:55.520 W/BroadcastQueue(378): 	at com.android.server.am.BroadcastQueue.processCurBroadcastLocked(BroadcastQueue.java:231)
04-21 20:50:55.520 W/BroadcastQueue(378): 	at com.android.server.am.BroadcastQueue.processNextBroadcast(BroadcastQueue.java:778)
04-21 20:50:55.520 W/BroadcastQueue(378): 	at com.android.server.am.ActivityManagerService.finishReceiver(ActivityManagerService.java:12113)
04-21 20:50:55.520 W/BroadcastQueue(378): 	at android.app.ActivityManagerNative.onTransact(ActivityManagerNative.java:375)
04-21 20:50:55.520 W/BroadcastQueue(378): 	at com.android.server.am.ActivityManagerService.onTransact(ActivityManagerService.java:1679)
04-21 20:50:55.520 W/BroadcastQueue(378): 	at android.os.Binder.execTransact(Binder.java:351)
04-21 20:50:55.520 W/BroadcastQueue(378): 	at dalvik.system.NativeStart.run(Native Method)
04-21 20:50:55.544 I/ActivityManager(378): Start proc com.klinker.android.messaging_donate for broadcast com.klinker.android.messaging_donate/com.klinker.android.messaging_sliding.TextMessageReceiver: pid=31968 uid=10144 gids={50144, 1015, 3003, 1028}
04-21 20:50:55.544 I/ActivityManager(378): Process com.klinker.android.messaging_donate (pid 31598) has died and restarted (pid 31968).
04-21 20:50:56.333 I/ActivityManager(378): START u0 {flg=0x10000000 cmp=com.klinker.android.messaging_donate/com.klinker.android.messaging_sliding.QuickReply (has extras)} from pid 31968
04-21 20:50:56.411 I/ActivityManager(378): Process com.android.inputmethod.latin (pid 31644) has died.
04-21 20:50:56.801 I/ActivityManager(378): Start proc com.android.inputmethod.latin for service com.android.inputmethod.latin/.spellcheck.AndroidSpellCheckerService: pid=31988 uid=10019 gids={50019, 1028}
04-21 20:50:56.981 I/ActivityManager(378): Process com.google.android.apps.maps:FriendService (pid 31852) has died.
04-21 20:50:57.419 I/ActivityManager(378): Process com.google.android.apps.maps:LocationFriendService (pid 31865) has died.
04-21 20:50:57.715 D/CountryDetector(378): No listener is left
04-21 20:50:57.715 I/ActivityManager(378): Process android.process.acore (pid 31948) has died.
04-21 20:50:58.880 I/ActivityManager(378): Start proc me.grantland.dashclock_battery for service me.grantland.dashclock_battery/.UpdateService: pid=32032 uid=10102 gids={50102, 1028}
04-21 20:51:02.153 I/ActivityManager(378): Start proc android.process.acore for content provider com.android.providers.contacts/.ContactsProvider2: pid=32073 uid=10000 gids={50000, 3003, 1015, 1028}
04-21 20:51:03.590 I/ActivityManager(378): Process com.klinker.android.messaging_donate (pid 31968) has died.
04-21 20:51:03.817 I/ActivityManager(378): Process com.android.inputmethod.latin (pid 31988) has died.
04-21 20:51:04.012 I/ActivityManager(378): Process com.google.android.apps.maps:GoogleLocationService (pid 31829) has died.
04-21 20:51:04.012 W/ActivityManager(378): Scheduling restart of crashed service com.google.android.apps.maps/com.google.android.location.internal.server.GoogleLocationService in 24848ms
04-21 20:51:04.325 I/ActivityManager(378): Process com.youmail.android.vvm (pid 31912) has died.
04-21 20:51:04.325 W/ActivityManager(378): Scheduling restart of crashed service com.youmail.android.vvm/.service.YMService in 34534ms
04-21 20:51:04.575 I/ActivityManager(378): Process com.truecaller (pid 31894) has died.
04-21 20:51:04.575 W/ActivityManager(378): Scheduling restart of crashed service com.truecaller/.service.TrueCallerService in 44287ms
04-21 20:51:04.708 I/ActivityManager(378): Process me.grantland.dashclock_battery (pid 32032) has died.
04-21 20:51:04.708 W/ActivityManager(378): Scheduling restart of crashed service me.grantland.dashclock_battery/.UpdateService in 54156ms
04-21 20:51:04.981 I/ActivityManager(378): Process android.process.acore (pid 32073) has died.
04-21 20:51:04.981 I/ActivityManager(378): Kill com.mrnumber.blocker (pid 31929): provider com.android.providers.contacts.CallLogProvider in dying process android.process.acore
04-21 20:51:04.989 I/ActivityManager(378): Process com.mrnumber.blocker (pid 31929) has died.
04-21 20:51:04.989 W/ActivityManager(378): Scheduling restart of crashed service com.mrnumber.blocker/.service.IncomingCallService in 63871ms
04-21 20:51:08.872 I/ActivityManager(378): Start proc com.teslacoilsw.notifier for service com.teslacoilsw.notifier/.NotificationService: pid=32093 uid=10198 gids={50198, 1028}
04-21 20:51:15.926 I/ActivityManager(378): Start proc com.ebay.mobile:notifications for broadcast com.ebay.mobile/.notifications.PollAlarmReceiver: pid=32109 uid=10110 gids={50110, 3003, 1015, 1006, 1028}
04-21 20:51:18.872 I/ActivityManager(378): Start proc com.papajohns.android:com.urbanairship.push.process for service com.papajohns.android/com.urbanairship.push.PushService: pid=32133 uid=10160 gids={50160, 3003, 1015, 1006, 1028}
04-21 20:51:19.450 I/ActivityManager(378): Start proc com.papajohns.android for broadcast com.papajohns.android/com.urbanairship.CoreReceiver: pid=32160 uid=10160 gids={50160, 3003, 1015, 1006, 1028}
04-21 20:51:28.872 I/ActivityManager(378): Start proc com.google.android.apps.maps:GoogleLocationService for service com.google.android.apps.maps/com.google.android.location.internal.server.GoogleLocationService: pid=32191 uid=10224 gids={50224, 3003, 1015, 1028}
04-21 20:51:29.575 I/ActivityManager(378): Start proc com.google.android.apps.maps:FriendService for broadcast com.google.android.apps.maps/com.google.googlenav.friend.android.ServiceReceiver: pid=32213 uid=10224 gids={50224, 3003, 1015, 1028}
04-21 20:51:29.700 I/ActivityManager(378): Start proc com.google.android.apps.maps:LocationFriendService for broadcast com.google.android.apps.maps/com.google.googlenav.friend.reporting.LocationReportingIntentReceiver: pid=32227 uid=10224 gids={50224, 3003, 1015, 1028}
04-21 20:51:34.536 I/ActivityManager(378): Process com.papajohns.android (pid 32160) has died.
04-21 20:51:38.872 I/ActivityManager(378): Start proc com.youmail.android.vvm for service com.youmail.android.vvm/.service.YMService: pid=32255 uid=10221 gids={50221, 3003, 1015, 3002, 1028}
04-21 20:51:43.387 I/ActivityManager(378): Process com.ebay.mobile:notifications (pid 32109) has died.
04-21 20:51:48.059 I/ActivityManager(378): Start proc com.koushikdutta.superuser for broadcast com.koushikdutta.superuser/.SuReceiver: pid=32319 uid=10151 gids={50151, 1028}
04-21 20:51:48.145 I/ActivityManager(378): Process com.teslacoilsw.notifier (pid 32093) has died.
04-21 20:51:48.403 I/ActivityManager(378): Process com.google.android.apps.maps:FriendService (pid 32213) has died.
04-21 20:51:48.872 I/ActivityManager(378): Start proc com.truecaller for service com.truecaller/.service.TrueCallerService: pid=32336 uid=10208 gids={50208, 3003, 1015, 1028}
04-21 20:51:52.473 I/ActivityManager(378): START u0 {act=android.intent.action.MAIN cat=[android.intent.category.HOME] flg=0x10200000 cmp=com.teslacoilsw.launcher/com.android.launcher2.Launcher} from pid 378
04-21 20:51:52.817 I/ActivityManager(378): Start proc com.teslacoilsw.notifier for service com.teslacoilsw.notifier/.NotificationService: pid=32355 uid=10198 gids={50198, 1028}
04-21 20:51:52.958 I/ActivityManager(378): Start proc android.process.acore for content provider com.android.providers.contacts/.CallLogProvider: pid=32374 uid=10000 gids={50000, 3003, 1015, 1028}
04-21 20:51:53.020 I/ActivityManager(378): Start proc com.google.android.gm for content provider com.google.android.gm/.provider.PublicContentProvider: pid=32385 uid=10092 gids={50092, 3003, 1015, 1028}
04-21 20:51:53.325 I/ActivityManager(378): Start proc com.google.android.gms for service com.google.android.gms/.icing.impl.IndexService: pid=32404 uid=10051 gids={50051, 3003, 2001, 1007, 3006, 1028, 1015}
04-21 20:51:53.395 D/ActivityThread(32385): Loading provider com.android.gmail.ui: com.google.android.gm.provider.UiProvider
04-21 20:51:54.606 I/ActivityManager(378): Process com.google.android.apps.maps:LocationFriendService (pid 32227) has died.
04-21 20:51:54.762 I/ActivityManager(378): Process android.process.acore (pid 32374) has died.
04-21 20:51:55.786 I/ActivityManager(378): START u0 {act=android.intent.action.MAIN cat=[android.intent.category.LAUNCHER] flg=0x10200000 cmp=com.klinker.android.messaging_donate/.MainActivity bnds=[172,777][320,946]} from pid 734
04-21 20:51:55.864 I/ActivityManager(378): Start proc com.klinker.android.messaging_donate for activity com.klinker.android.messaging_donate/.MainActivity: pid=32443 uid=10144 gids={50144, 1015, 3003, 1028}
04-21 20:51:55.997 I/ActivityManager(378): Process com.rdr.widgets.core (pid 29586) has died.
04-21 20:51:56.044 I/ActivityManager(378): START u0 {act=android.intent.action.MAIN flg=0x10000 cmp=com.klinker.android.messaging_donate/com.klinker.android.messaging_card.MainActivity (has extras)} from pid 32443
04-21 20:51:56.340 I/ActivityManager(378): Start proc android.process.acore for content provider com.android.providers.contacts/.ContactsProvider2: pid=32458 uid=10000 gids={50000, 3003, 1015, 1028}
04-21 20:51:56.364 I/ActivityManager(378): Process com.koushikdutta.superuser (pid 32319) has died.
04-21 20:51:56.544 D/CountryDetector(378): The first listener is added
04-21 20:51:56.551 I/ActivityManager(378): Process com.google.android.gm (pid 32385) has died.
04-21 20:51:56.817 I/ActivityManager(378): Start proc com.android.inputmethod.latin for service com.android.inputmethod.latin/.spellcheck.AndroidSpellCheckerService: pid=32482 uid=10019 gids={50019, 1028}
04-21 20:51:56.989 I/ActivityManager(378): Process com.google.android.gms (pid 32404) has died.
04-21 20:51:57.325 I/ActivityManager(378): Process android.process.acore (pid 32458) has died.
04-21 20:51:57.325 D/CountryDetector(378): No listener is left
04-21 20:51:57.551 I/ActivityManager(378): Start proc android.process.acore for content provider com.android.providers.contacts/.ContactsProvider2: pid=32504 uid=10000 gids={50000, 3003, 1015, 1028}
04-21 20:51:57.895 D/CountryDetector(378): The first listener is added
04-21 20:51:58.872 I/ActivityManager(378): Start proc me.grantland.dashclock_battery for service me.grantland.dashclock_battery/.UpdateService: pid=32536 uid=10102 gids={50102, 1028}
04-21 20:51:58.926 D/CountryDetector(378): No listener is left
04-21 20:51:58.926 I/ActivityManager(378): Process android.process.acore (pid 32504) has died.
04-21 20:51:59.169 I/ActivityManager(378): Start proc android.process.acore for content provider com.android.providers.contacts/.ContactsProvider2: pid=32556 uid=10000 gids={50000, 3003, 1015, 1028}
04-21 20:51:59.442 D/CountryDetector(378): The first listener is added
04-21 20:52:01.059 D/CountryDetector(378): No listener is left
04-21 20:52:01.059 I/ActivityManager(378): Process android.process.acore (pid 32556) has died.
04-21 20:52:04.005 I/ActivityManager(378): Start proc com.levelup.touiteur for broadcast com.levelup.touiteur/.TouiteurServiceStarter: pid=32600 uid=10164 gids={50164, 3003, 1015, 1028}
04-21 20:52:04.551 I/ActivityManager(378): Start proc com.google.android.apps.maps:LocationFriendService for service com.google.android.apps.maps/com.google.googlenav.friend.reporting.LocationReceiverService: pid=32635 uid=10224 gids={50224, 3003, 1015, 1028}
04-21 20:52:04.630 I/ActivityManager(378): Process com.google.android.apps.maps:GoogleLocationService (pid 32191) has died.
04-21 20:52:04.630 W/ActivityManager(378): Scheduling restart of crashed service com.google.android.apps.maps/com.google.android.location.internal.server.GoogleLocationService in 14230ms
04-21 20:52:05.340 I/ActivityManager(378): Start proc com.mrnumber.blocker for broadcast com.mrnumber.blocker/.receiver.SmsReceivedBroadcastReceiver: pid=32668 uid=10147 gids={50147, 3003, 1028}
04-21 20:52:05.403 I/ActivityManager(378): Process com.google.android.apps.maps:LocationFriendService (pid 32635) has died.
04-21 20:52:05.606 I/ActivityManager(378): Start proc com.google.android.inputmethod.latin.dictionarypack for content provider com.google.android.inputmethod.latin.dictionarypack/.DictionaryProvider: pid=32684 uid=10020 gids={50020, 3003, 1015, 1028}
04-21 20:52:05.856 I/ActivityManager(378): Process com.google.android.inputmethod.latin.dictionarypack (pid 32684) has died.
04-21 20:52:06.387 I/ActivityManager(378): Process com.papajohns.android:com.urbanairship.push.process (pid 32133) has died.
04-21 20:52:06.387 W/ActivityManager(378): Scheduling restart of crashed service com.papajohns.android/com.urbanairship.push.PushService in 22473ms
04-21 20:52:07.286 I/ActivityManager(378): Start proc android.process.acore for content provider com.android.providers.contacts/.ContactsProvider2: pid=32706 uid=10000 gids={50000, 3003, 1015, 1028}
04-21 20:52:07.426 I/ActivityManager(378): Process com.youmail.android.vvm (pid 32255) has died.
04-21 20:52:07.434 W/ActivityManager(378): Scheduling restart of crashed service com.youmail.android.vvm/.service.YMService in 31430ms
04-21 20:52:07.606 D/CountryDetector(378): The first listener is added
04-21 20:52:08.497 D/CountryDetector(378): No listener is left
04-21 20:52:08.497 I/ActivityManager(378): Process android.process.acore (pid 32706) has died.
04-21 20:52:08.544 I/ActivityManager(378): Start proc android.process.acore for content provider com.android.providers.contacts/.ContactsProvider2: pid=32742 uid=10000 gids={50000, 3003, 1015, 1028}
04-21 20:52:09.036 D/CountryDetector(378): The first listener is added
04-21 20:52:09.395 I/ActivityManager(378): Process android.process.acore (pid 32742) has died.
04-21 20:52:09.395 D/CountryDetector(378): No listener is left
04-21 20:52:09.403 W/ActivityManager(378): Unable to start service Intent { act=com.google.android.gms.analytics.service.START (has extras) } U=0: not found
04-21 20:52:11.231 I/ActivityManager(378): Start proc android.process.acore for content provider com.android.providers.contacts/.ContactsProvider2: pid=301 uid=10000 gids={50000, 3003, 1015, 1028}
04-21 20:52:11.489 D/CountryDetector(378): The first listener is added
04-21 20:52:12.458 D/CountryDetector(378): No listener is left
04-21 20:52:12.458 I/ActivityManager(378): Process android.process.acore (pid 301) has died.
04-21 20:52:13.372 I/ActivityManager(378): Start proc android.process.acore for content provider com.android.providers.contacts/.ContactsProvider2: pid=336 uid=10000 gids={50000, 3003, 1015, 1028}
04-21 20:52:13.536 I/ActivityManager(378): START u0 {act=android.intent.action.MAIN cat=[android.intent.category.HOME] flg=0x10200000 cmp=com.teslacoilsw.launcher/com.android.launcher2.Launcher} from pid 378
04-21 20:52:13.809 I/ActivityManager(378): Process com.levelup.touiteur (pid 32600) has died.
04-21 20:52:13.809 W/ActivityManager(378): Scheduling restart of crashed service com.levelup.touiteur/.BackgroundTouitLoader in 35054ms
04-21 20:52:14.872 I/WindowState(378): WIN DEATH: Window{41af0a90 u0 com.nolanlawson.logcat/com.nolanlawson.logcat.LogcatActivity}
04-21 20:52:14.872 I/ActivityManager(378): Process com.nolanlawson.logcat (pid 31346) has died.
04-21 20:52:15.684 I/ActivityManager(378): Process com.truecaller (pid 32336) has died.
04-21 20:52:15.692 W/ActivityManager(378): Scheduling restart of crashed service com.truecaller/.service.TrueCallerService in 43173ms
04-21 20:52:16.005 I/ActivityManager(378): Process com.teslacoilsw.notifier (pid 32355) has died.
04-21 20:52:16.005 W/ActivityManager(378): Scheduling restart of crashed service com.teslacoilsw.notifier/.NotificationService in 52857ms
04-21 20:52:16.286 I/ActivityManager(378): Process me.grantland.dashclock_battery (pid 32536) has died.
04-21 20:52:16.286 W/ActivityManager(378): Scheduling restart of crashed service me.grantland.dashclock_battery/.UpdateService in 62576ms
04-21 20:52:16.426 I/WindowState(378): WIN DEATH: Window{41d56500 u0 com.klinker.android.messaging_donate/com.klinker.android.messaging_card.MainActivity}
04-21 20:52:16.426 I/ActivityManager(378): Process com.klinker.android.messaging_donate (pid 32443) has died.
04-21 20:52:17.020 I/ActivityManager(378): Process com.android.inputmethod.latin (pid 32482) has died.
04-21 20:52:17.520 I/ActivityManager(378): Existing provider com.android.providers.contacts/.ContactsProvider2 is crashing; detaching ProcessRecord{425f6728 32668:com.mrnumber.blocker/u0a10147}
04-21 20:52:17.645 I/ActivityManager(378): Process android.process.acore (pid 336) has died.
04-21 20:52:17.676 I/ActivityManager(378): Start proc android.process.acore for restart android.process.acore: pid=363 uid=10000 gids={50000, 3003, 1015, 1028}
04-21 20:52:17.825 W/ActivityThread(32668): Content provider com.android.providers.contacts.ContactsProvider2 already published as contacts
04-21 20:52:17.825 W/ActivityThread(32668): Content provider com.android.providers.contacts.ContactsProvider2 already published as com.android.contacts
04-21 20:52:17.942 W/ActivityThread(32668): Content provider com.android.providers.contacts.ContactsProvider2 already published as contacts
04-21 20:52:17.942 W/ActivityThread(32668): Content provider com.android.providers.contacts.ContactsProvider2 already published as com.android.contacts
04-21 20:52:17.958 W/ActivityThread(32668): Content provider com.android.providers.contacts.ContactsProvider2 already published as contacts
04-21 20:52:17.958 W/ActivityThread(32668): Content provider com.android.providers.contacts.ContactsProvider2 already published as com.android.contacts
04-21 20:52:17.965 W/ActivityThread(32668): Content provider com.android.providers.contacts.ContactsProvider2 already published as contacts
04-21 20:52:17.965 W/ActivityThread(32668): Content provider com.android.providers.contacts.ContactsProvider2 already published as com.android.contacts
04-21 20:52:17.981 W/ActivityThread(32668): Content provider com.android.providers.contacts.ContactsProvider2 already published as contacts
04-21 20:52:17.981 W/ActivityThread(32668): Content provider com.android.providers.contacts.ContactsProvider2 already published as com.android.contacts
04-21 20:52:17.989 W/ActivityThread(32668): Content provider com.android.providers.contacts.ContactsProvider2 already published as contacts
04-21 20:52:17.989 W/ActivityThread(32668): Content provider com.android.providers.contacts.ContactsProvider2 already published as com.android.contacts
04-21 20:52:18.005 W/ActivityThread(32668): Content provider com.android.providers.contacts.ContactsProvider2 already published as contacts
04-21 20:52:18.005 W/ActivityThread(32668): Content provider com.android.providers.contacts.ContactsProvider2 already published as com.android.contacts
04-21 20:52:18.020 W/ActivityThread(32668): Content provider com.android.providers.contacts.ContactsProvider2 already published as contacts
04-21 20:52:18.020 W/ActivityThread(32668): Content provider com.android.providers.contacts.ContactsProvider2 already published as com.android.contacts
04-21 20:52:18.028 W/ActivityThread(32668): Content provider com.android.providers.contacts.ContactsProvider2 already published as contacts
04-21 20:52:18.028 W/ActivityThread(32668): Content provider com.android.providers.contacts.ContactsProvider2 already published as com.android.contacts
04-21 20:52:18.036 W/ActivityThread(32668): Content provider com.android.providers.contacts.ContactsProvider2 already published as contacts
04-21 20:52:18.036 W/ActivityThread(32668): Content provider com.android.providers.contacts.ContactsProvider2 already published as com.android.contacts
04-21 20:52:18.051 W/ActivityThread(32668): Content provider com.android.providers.contacts.ContactsProvider2 already published as contacts
04-21 20:52:18.051 W/ActivityThread(32668): Content provider com.android.providers.contacts.ContactsProvider2 already published as com.android.contacts
04-21 20:52:18.059 W/ActivityThread(32668): Content provider com.android.providers.contacts.ContactsProvider2 already published as contacts
04-21 20:52:18.059 W/ActivityThread(32668): Content provider com.android.providers.contacts.ContactsProvider2 already published as com.android.contacts
04-21 20:52:18.067 W/ActivityThread(32668): Content provider com.android.providers.contacts.ContactsProvider2 already published as contacts
04-21 20:52:18.067 W/ActivityThread(32668): Content provider com.android.providers.contacts.ContactsProvider2 already published as com.android.contacts
04-21 20:52:18.075 W/ActivityThread(32668): Content provider com.android.providers.contacts.ContactsProvider2 already published as contacts
04-21 20:52:18.075 W/ActivityThread(32668): Content provider com.android.providers.contacts.ContactsProvider2 already published as com.android.contacts
04-21 20:52:18.090 W/ActivityThread(32668): Content provider com.android.providers.contacts.ContactsProvider2 already published as contacts
04-21 20:52:18.090 W/ActivityThread(32668): Content provider com.android.providers.contacts.ContactsProvider2 already published as com.android.contacts
04-21 20:52:18.098 W/ActivityThread(32668): Content provider com.android.providers.contacts.ContactsProvider2 already published as contacts
04-21 20:52:18.098 W/ActivityThread(32668): Content provider com.android.providers.contacts.ContactsProvider2 already published as com.android.contacts
04-21 20:52:18.106 W/ActivityThread(32668): Content provider com.android.providers.contacts.ContactsProvider2 already published as contacts
04-21 20:52:18.106 W/ActivityThread(32668): Content provider com.android.providers.contacts.ContactsProvider2 already published as com.android.contacts
04-21 20:52:18.114 W/ActivityThread(32668): Content provider com.android.providers.contacts.ContactsProvider2 already published as contacts
04-21 20:52:18.114 W/ActivityThread(32668): Content provider com.android.providers.contacts.ContactsProvider2 already published as com.android.contacts
04-21 20:52:18.130 W/ActivityThread(32668): Content provider com.android.providers.contacts.ContactsProvider2 already published as contacts
04-21 20:52:18.130 W/ActivityThread(32668): Content provider com.android.providers.contacts.ContactsProvider2 already published as com.android.contacts
04-21 20:52:18.137 W/ActivityThread(32668): Content provider com.android.providers.contacts.ContactsProvider2 already published as contacts
04-21 20:52:18.137 W/ActivityThread(32668): Content provider com.android.providers.contacts.ContactsProvider2 already published as com.android.contacts
04-21 20:52:18.145 W/ActivityThread(32668): Content provider com.android.providers.contacts.ContactsProvider2 already published as contacts
04-21 20:52:18.145 W/ActivityThread(32668): Content provider com.android.providers.contacts.ContactsProvider2 already published as com.android.contacts
04-21 20:52:18.153 W/ActivityThread(32668): Content provider com.android.providers.contacts.ContactsProvider2 already published as contacts
04-21 20:52:18.161 W/ActivityThread(32668): Content provider com.android.providers.contacts.ContactsProvider2 already published as com.android.contacts
04-21 20:52:18.169 W/ActivityThread(32668): Content provider com.android.providers.contacts.ContactsProvider2 already published as contacts
04-21 20:52:18.169 W/ActivityThread(32668): Content provider com.android.providers.contacts.ContactsProvider2 already published as com.android.contacts
04-21 20:52:18.176 W/ActivityThread(32668): Content provider com.android.providers.contacts.ContactsProvider2 already published as contacts
04-21 20:52:18.176 W/ActivityThread(32668): Content provider com.android.providers.contacts.ContactsProvider2 already published as com.android.contacts
04-21 20:52:18.184 W/ActivityThread(32668): Content provider com.android.providers.contacts.ContactsProvider2 already published as contacts
04-21 20:52:18.184 W/ActivityThread(32668): Content provider com.android.providers.contacts.ContactsProvider2 already published as com.android.contacts
04-21 20:52:18.192 W/ActivityThread(32668): Content provider com.android.providers.contacts.ContactsProvider2 already published as contacts
04-21 20:52:18.192 W/ActivityThread(32668): Content provider com.android.providers.contacts.ContactsProvider2 already published as com.android.contacts
04-21 20:52:18.208 W/ActivityThread(32668): Content provider com.android.providers.contacts.ContactsProvider2 already published as contacts
04-21 20:52:18.208 W/ActivityThread(32668): Content provider com.android.providers.contacts.ContactsProvider2 already published as com.android.contacts
04-21 20:52:18.255 W/ActivityThread(32668): Content provider com.android.providers.contacts.ContactsProvider2 already published as contacts
04-21 20:52:18.255 W/ActivityThread(32668): Content provider com.android.providers.contacts.ContactsProvider2 already published as com.android.contacts
04-21 20:52:18.278 W/ActivityThread(32668): Content provider com.android.providers.contacts.ContactsProvider2 already published as contacts
04-21 20:52:18.278 W/ActivityThread(32668): Content provider com.android.providers.contacts.ContactsProvider2 already published as com.android.contacts
04-21 20:52:18.301 W/ActivityThread(32668): Content provider com.android.providers.contacts.ContactsProvider2 already published as contacts
04-21 20:52:18.301 W/ActivityThread(32668): Content provider com.android.providers.contacts.ContactsProvider2 already published as com.android.contacts
04-21 20:52:18.317 W/ActivityThread(32668): Content provider com.android.providers.contacts.ContactsProvider2 already published as contacts
04-21 20:52:18.317 W/ActivityThread(32668): Content provider com.android.providers.contacts.ContactsProvider2 already published as com.android.contacts
04-21 20:52:18.325 W/ActivityThread(32668): Content provider com.android.providers.contacts.ContactsProvider2 already published as contacts
04-21 20:52:18.325 W/ActivityThread(32668): Content provider com.android.providers.contacts.ContactsProvider2 already published as com.android.contacts
04-21 20:52:18.340 W/ActivityThread(32668): Content provider com.android.providers.contacts.ContactsProvider2 already published as contacts
04-21 20:52:18.340 W/ActivityThread(32668): Content provider com.android.providers.contacts.ContactsProvider2 already published as com.android.contacts
04-21 20:52:18.348 W/ActivityThread(32668): Content provider com.android.providers.contacts.ContactsProvider2 already published as contacts
04-21 20:52:18.348 W/ActivityThread(32668): Content provider com.android.providers.contacts.ContactsProvider2 already published as com.android.contacts
04-21 20:52:18.364 W/ActivityThread(32668): Content provider com.android.providers.contacts.ContactsProvider2 already published as contacts
04-21 20:52:18.364 W/ActivityThread(32668): Content provider com.android.providers.contacts.ContactsProvider2 already published as com.android.contacts
04-21 20:52:18.372 W/ActivityThread(32668): Content provider com.android.providers.contacts.ContactsProvider2 already published as contacts
04-21 20:52:18.372 W/ActivityThread(32668): Content provider com.android.providers.contacts.ContactsProvider2 already published as com.android.contacts
04-21 20:52:18.387 W/ActivityThread(32668): Content provider com.android.providers.contacts.ContactsProvider2 already published as contacts
04-21 20:52:18.387 W/ActivityThread(32668): Content provider com.android.providers.contacts.ContactsProvider2 already published as com.android.contacts
04-21 20:52:18.403 W/ActivityThread(32668): Content provider com.android.providers.contacts.ContactsProvider2 already published as contacts
04-21 20:52:18.403 W/ActivityThread(32668): Content provider com.android.providers.contacts.ContactsProvider2 already published as com.android.contacts
04-21 20:52:18.411 W/ActivityThread(32668): Content provider com.android.providers.contacts.ContactsProvider2 already published as contacts
04-21 20:52:18.411 W/ActivityThread(32668): Content provider com.android.providers.contacts.ContactsProvider2 already published as com.android.contacts
04-21 20:52:18.426 W/ActivityThread(32668): Content provider com.android.providers.contacts.ContactsProvider2 already published as contacts
04-21 20:52:18.426 W/ActivityThread(32668): Content provider com.android.providers.contacts.ContactsProvider2 already published as com.android.contacts
04-21 20:52:18.434 W/ActivityThread(32668): Content provider com.android.providers.contacts.ContactsProvider2 already published as contacts
04-21 20:52:18.434 W/ActivityThread(32668): Content provider com.android.providers.contacts.ContactsProvider2 already published as com.android.contacts
04-21 20:52:18.450 W/ActivityThread(32668): Content provider com.android.providers.contacts.ContactsProvider2 already published as contacts
04-21 20:52:18.450 W/ActivityThread(32668): Content provider com.android.providers.contacts.ContactsProvider2 already published as com.android.contacts
04-21 20:52:18.872 I/ActivityManager(378): Start proc com.google.android.apps.maps:GoogleLocationService for service com.google.android.apps.maps/com.google.android.location.internal.server.GoogleLocationService: pid=420 uid=10224 gids={50224, 3003, 1015, 1028}
04-21 20:52:19.317 I/ActivityManager(378): Process android.process.acore (pid 363) has died.
04-21 20:52:19.465 I/ActivityManager(378): Start proc com.google.android.apps.maps:FriendService for broadcast com.google.android.apps.maps/com.google.googlenav.friend.android.ServiceReceiver: pid=468 uid=10224 gids={50224, 3003, 1015, 1028}
04-21 20:52:19.606 I/ActivityManager(378): Start proc com.google.android.apps.maps:LocationFriendService for broadcast com.google.android.apps.maps/com.google.googlenav.friend.reporting.LocationReportingIntentReceiver: pid=506 uid=10224 gids={50224, 3003, 1015, 1028}
04-21 20:52:20.005 I/ActivityManager(378): START u0 {act=android.intent.action.MAIN cat=[android.intent.category.LAUNCHER] flg=0x10200000 cmp=com.speedsoftware.rootexplorer/.RootExplorer bnds=[320,777][468,946]} from pid 734
04-21 20:52:20.090 I/ActivityManager(378): Start proc com.speedsoftware.rootexplorer for activity com.speedsoftware.rootexplorer/.RootExplorer: pid=563 uid=10178 gids={50178, 1015, 1028}
04-21 20:52:20.239 I/ActivityManager(378): START u0 {act=android.intent.action.MAIN cmp=com.speedsoftware.rootexplorer/.RootExplorerPhone} from pid 563
04-21 20:52:20.809 I/ActivityManager(378): Process com.google.android.apps.maps:FriendService (pid 468) has died.
04-21 20:52:20.817 W/ProcessStats(378): Skipping unknown process pid 599
04-21 20:52:21.192 I/ActivityManager(378): Start proc com.koushikdutta.superuser for broadcast com.koushikdutta.superuser/.SuReceiver: pid=619 uid=10151 gids={50151, 1028}
04-21 20:52:21.278 I/ActivityManager(378): Process com.google.android.apps.maps:LocationFriendService (pid 506) has died.
04-21 20:52:21.856 I/ActivityManager(378): Start proc com.google.android.apps.maps:LocationFriendService for service com.google.android.apps.maps/com.google.googlenav.friend.reporting.LocationReceiverService: pid=636 uid=10224 gids={50224, 3003, 1015, 1028}
04-21 20:52:28.872 I/ActivityManager(378): Start proc com.papajohns.android:com.urbanairship.push.process for service com.papajohns.android/com.urbanairship.push.PushService: pid=665 uid=10160 gids={50160, 3003, 1015, 1006, 1028}
04-21 20:52:29.614 I/ActivityManager(378): Start proc com.papajohns.android for broadcast com.papajohns.android/com.urbanairship.CoreReceiver: pid=724 uid=10160 gids={50160, 3003, 1015, 1006, 1028}
04-21 20:52:29.989 I/ActivityManager(378): Process com.koushikdutta.superuser (pid 619) has died.
04-21 20:52:38.880 I/ActivityManager(378): Start proc com.youmail.android.vvm for service com.youmail.android.vvm/.service.YMService: pid=792 uid=10221 gids={50221, 3003, 1015, 3002, 1028}
04-21 20:52:39.036 I/ActivityManager(378): Process com.google.android.apps.maps:LocationFriendService (pid 636) has died.
04-21 20:52:42.544 I/ActivityManager(378): START u0 {act=android.intent.action.CHOOSER flg=0x1 cmp=android/com.android.internal.app.ChooserActivity (has clip) (has extras)} from pid 563
04-21 20:52:42.598 I/ActivityManager(378): Process com.papajohns.android (pid 724) has died.
04-21 20:52:42.817 I/ActivityManager(378): Process com.mrnumber.blocker (pid 32668) has died.
04-21 20:52:42.817 W/ActivityManager(378): Scheduling restart of crashed service com.mrnumber.blocker/.service.IncomingCallService in 46048ms
04-21 20:52:45.434 I/ActivityManager(378): Start proc com.google.android.apps.plus for service com.google.android.apps.plus/.service.EsSyncAdapterService: pid=835 uid=10123 gids={50123, 3003, 3002, 1015, 1006, 1028}
04-21 20:52:45.528 I/ActivityManager(378): Process com.papajohns.android:com.urbanairship.push.process (pid 665) has died.
04-21 20:52:45.536 W/ActivityManager(378): Scheduling restart of crashed service com.papajohns.android/com.urbanairship.push.PushService in 53330ms
04-21 20:52:45.708 I/ActivityManager(378): Process com.jasoncalhoun.android.systeminfowidget (pid 31440) has died.
04-21 20:52:45.708 W/ActivityManager(378): Scheduling restart of crashed service com.jasoncalhoun.android.systeminfowidget/.SystemInfoWidget$UpdateService in 63154ms
04-21 20:52:45.794 I/ActivityManager(378): Start proc com.jasoncalhoun.android.systeminfowidget for broadcast com.jasoncalhoun.android.systeminfowidget/.SystemInfoWidget: pid=871 uid=10193 gids={50193, 3002, 3001, 1015, 1028}
04-21 20:52:45.942 I/ActivityManager(378): Start proc android.process.media for content provider com.android.providers.media/.MediaProvider: pid=924 uid=10011 gids={50011, 1015, 1023, 1024, 1028, 2001, 3003, 3007}
04-21 20:52:45.989 I/ActivityManager(378): Process com.google.android.apps.maps:GoogleLocationService (pid 420) has died.
04-21 20:52:45.989 W/ActivityManager(378): Scheduling restart of crashed service com.google.android.apps.maps/com.google.android.location.internal.server.GoogleLocationService in 62870ms
04-21 20:52:46.614 I/ActivityManager(378): Process com.youmail.android.vvm (pid 792) has died.
04-21 20:52:46.614 W/ActivityManager(378): Scheduling restart of crashed service com.youmail.android.vvm/.service.YMService in 72248ms
04-21 20:52:47.114 I/ActivityManager(378): Process com.jasoncalhoun.android.systeminfowidget (pid 871) has died.
04-21 20:52:47.114 W/ActivityManager(378): Scheduling restart of crashed service com.jasoncalhoun.android.systeminfowidget/.SystemInfoWidget$UpdateService in 81750ms
04-21 20:52:47.981 I/ActivityManager(378): Start proc com.google.android.gm for service com.google.android.gm/.provider.MailSyncAdapterService: pid=977 uid=10092 gids={50092, 3003, 1015, 1028}
04-21 20:52:48.208 I/ActivityManager(378): Start proc com.google.android.gms for service com.google.android.gms/.icing.impl.IndexService: pid=995 uid=10051 gids={50051, 3003, 2001, 1007, 3006, 1028, 1015}
04-21 20:52:48.215 D/ActivityThread(977): Loading provider com.android.gmail.ui: com.google.android.gm.provider.UiProvider
04-21 20:52:48.239 I/ActivityManager(378): Process android.process.media (pid 924) has died.
04-21 20:52:48.872 I/ActivityManager(378): Start proc com.levelup.touiteur for service com.levelup.touiteur/.BackgroundTouitLoader: pid=1033 uid=10164 gids={50164, 3003, 1015, 1028}
04-21 20:52:49.372 I/ActivityManager(378): Start proc com.google.android.apps.maps:LocationFriendService for service com.google.android.apps.maps/com.google.googlenav.friend.reporting.LocationReceiverService: pid=1062 uid=10224 gids={50224, 3003, 1015, 1028}
04-21 20:52:49.403 I/ActivityManager(378): Process com.levelup.touiteur (pid 1033) has died.
04-21 20:52:49.403 W/ActivityManager(378): Scheduling restart of crashed service com.levelup.touiteur/.BackgroundTouitLoader in 140216ms
04-21 20:52:49.567 I/ActivityManager(378): START u0 {act=android.intent.action.SEND typ=*/* flg=0x3000001 cmp=com.dropbox.android/.activity.DropboxSendTo (has clip) (has extras)} from pid 563
04-21 20:52:49.676 I/ActivityManager(378): Start proc com.dropbox.android for activity com.dropbox.android/.activity.DropboxSendTo: pid=1080 uid=10108 gids={50108, 3003, 1028, 1015}
04-21 20:52:49.739 I/ActivityManager(378): Process com.google.android.apps.maps:LocationFriendService (pid 1062) has died.
04-21 20:52:50.817 I/ActivityManager(378): Start proc com.jasoncalhoun.android.systeminfowidget for broadcast com.jasoncalhoun.android.systeminfowidget/.SystemInfoWidget: pid=1112 uid=10193 gids={50193, 3002, 3001, 1015, 1028}
04-21 20:52:51.090 I/ActivityManager(378): Process com.jasoncalhoun.android.systeminfowidget (pid 1112) has died.
04-21 20:52:51.090 W/ActivityManager(378): Scheduling restart of crashed service com.jasoncalhoun.android.systeminfowidget/.SystemInfoWidget$UpdateService in 77770ms
04-21 20:52:52.825 I/ActivityManager(378): Process com.google.android.apps.plus (pid 835) has died.
04-21 20:52:52.825 W/ActivityManager(378): Scheduling restart of crashed service com.google.android.apps.plus/.service.EsService in 86034ms
--------- beginning of /dev/log/main
04-21 20:52:54.176 I/GmsClient(977): connect: bindService returned true for Intent { act=com.google.android.gms.icing.INDEX_SERVICE }
04-21 20:52:54.176 D/GmsClient(977): service broker connected, binder: android.os.BinderProxy@4137f460
04-21 20:52:54.184 E/Icing   (995): App com.google.android.gm not allowed to use icing
04-21 20:52:54.184 E/Gmail   (977): Connection to search failed: 8
04-21 20:52:54.325 D/dalvikvm(540): GC_FOR_ALLOC freed 2796K, 31% free 22804K/32888K, paused 88ms, total 88ms
04-21 20:52:54.364 D/dalvikvm(1080): GC_FOR_ALLOC freed 709K, 12% free 6589K/7476K, paused 19ms, total 21ms
04-21 20:52:54.372 W/CursorWrapperInner(1080): Cursor finalized without prior close()
04-21 20:52:54.395 D/dalvikvm(1080): GC_FOR_ALLOC freed 46K, 12% free 7152K/8084K, paused 16ms, total 16ms
04-21 20:52:54.715 W/WindowManager(378): Rebuild removed 5 windows but added 4
04-21 20:52:54.739 W/WindowManager(378): This window was lost: Window{413fdfe8 u0 com.dropbox.android/com.dropbox.android.activity.DropboxSendTo}
04-21 20:52:54.739 W/WindowManager(378): mDisplayId=0 mSession=Session{41e7d7e8 1080:u0a10108} mClient=android.os.BinderProxy@41de5030
04-21 20:52:54.739 W/WindowManager(378): mOwnerUid=10108 mShowToOwnerOnly=true
04-21 20:52:54.739 W/WindowManager(378): mAttrs=WM.LayoutParams{(0,0)(wrapxwrap) gr=#11 sim=#120 ty=2 fl=#1800002 pfl=0x8 fmt=-3 wanim=0x10302ea}
04-21 20:52:54.739 W/WindowManager(378): Requested w=116 h=116 mLayoutSeq=4970
04-21 20:52:54.739 W/WindowManager(378): mBaseLayer=21000 mSubLayer=0 mAnimLayer=21025+0=21025 mLastLayer=21025
04-21 20:52:54.739 W/WindowManager(378): mToken=AppWindowToken{429771b0 token=Token{41f4ff58 ActivityRecord{413e83c8 u0 com.dropbox.android/.activity.DropboxSendTo}}}
04-21 20:52:54.739 W/WindowManager(378): mRootToken=AppWindowToken{429771b0 token=Token{41f4ff58 ActivityRecord{413e83c8 u0 com.dropbox.android/.activity.DropboxSendTo}}}
04-21 20:52:54.739 W/WindowManager(378): mAppToken=AppWindowToken{429771b0 token=Token{41f4ff58 ActivityRecord{413e83c8 u0 com.dropbox.android/.activity.DropboxSendTo}}}
04-21 20:52:54.739 W/WindowManager(378): mViewVisibility=0x8 mHaveFrame=true mObscured=false
04-21 20:52:54.739 W/WindowManager(378): mSeq=0 mSystemUiVisibility=0x0
04-21 20:52:54.739 W/WindowManager(378): mGivenContentInsets=[0,0][0,0] mGivenVisibleInsets=[0,0][0,0]
04-21 20:52:54.739 W/WindowManager(378): mConfiguration={1.3 311mcc480mnc en_US ldltr sw360dp w360dp h567dp 320dpi nrml port finger -keyb/v/h -nav/h s.8 themeResource=null}
04-21 20:52:54.739 W/WindowManager(378): mHasSurface=true mShownFrame=[302.0,607.0][418.0,723.0] isReadyForDisplay()=false
04-21 20:52:54.739 W/WindowManager(378): mFrame=[302,607][418,723] last=[302,607][418,723]
04-21 20:52:54.739 W/WindowManager(378): mSystemDecorRect=[0,0][116,116] last=[0,0][116,116]
04-21 20:52:54.739 W/WindowManager(378): Frames: containing=[0,50][720,1280] parent=[0,50][720,1280] display=[0,50][720,1184]
04-21 20:52:54.739 W/WindowManager(378):     content=[302,607][418,723] visible=[302,607][418,723]
04-21 20:52:54.739 W/WindowManager(378): Cur insets: content=[0,0][0,0] visible=[0,0][0,0]
04-21 20:52:54.739 W/WindowManager(378): Lst insets: content=[0,0][0,0] visible=[0,0][0,0]
04-21 20:52:54.739 W/WindowManager(378): WindowStateAnimator{41edf718 com.dropbox.android/com.dropbox.android.activity.DropboxSendTo}:
04-21 20:52:54.739 W/WindowManager(378):   mSurface=Surface(name=com.dropbox.android/com.dropbox.android.activity.DropboxSendTo, identity=767)
04-21 20:52:54.739 W/WindowManager(378):   mDrawState=HAS_DRAWN mLastHidden=true
04-21 20:52:54.739 W/WindowManager(378):   Surface: shown=false layer=21025 alpha=0.0 rect=(302.0,607.0) 116.0 x 116.0
04-21 20:52:54.739 W/WindowManager(378):   mShownAlpha=1.0 mAlpha=1.0 mLastAlpha=0.0
04-21 20:52:54.739 W/WindowManager(378): mExiting=false mRemoveOnExit=false mDestroying=true mRemoved=false
04-21 20:52:54.739 W/WindowManager(378): Current app token list:
04-21 20:52:54.739 V/WindowManager(378):   #16: Token{421db120 ActivityRecord{413db8d0 u0 com.speedsoftware.rootexplorer/.RootExplorerPhone}}
04-21 20:52:54.739 V/WindowManager(378):   #15: Token{418d8790 ActivityRecord{41d1def0 u0 com.teslacoilsw.launcher/com.android.launcher2.Launcher}}
04-21 20:52:54.739 V/WindowManager(378):   #14: Token{41d8b758 ActivityRecord{413ca730 u0 com.klinker.android.messaging_donate/com.klinker.android.messaging_card.MainActivity}}
04-21 20:52:54.739 V/WindowManager(378):   #13: Token{41e7c8f0 ActivityRecord{41c0aa48 u0 com.nolanlawson.logcat/.LogcatActivity}}
04-21 20:52:54.739 V/WindowManager(378):   #12: Token{41d55a30 ActivityRecord{413db688 u0 com.android.systemui/.recent.RecentsActivity}}
04-21 20:52:54.739 V/WindowManager(378):   #11: Token{41c607f8 ActivityRecord{413b1a28 u0 com.android.settings/.SubSettings}}
04-21 20:52:54.739 V/WindowManager(378):   #10: Token{424e9278 ActivityRecord{42501a78 u0 com.android.settings/.Settings}}
04-21 20:52:54.739 V/WindowManager(378):   #9: Token{420542b8 ActivityRecord{41c99228 u0 com.android.vending/com.google.android.finsky.activities.MainActivity}}
04-21 20:52:54.739 V/WindowManager(378):   #8: Token{41e7d860 ActivityRecord{421a9740 u0 com.android.browser/.BrowserActivity}}
04-21 20:52:54.739 V/WindowManager(378):   #7: Token{42235be8 ActivityRecord{420d9ce0 u0 com.quoord.tapatalkcyan.activity/.forum.ThreadActivity}}
04-21 20:52:54.739 V/WindowManager(378):   #6: Token{41eed838 ActivityRecord{41e3f0a8 u0 com.quoord.tapatalkcyan.activity/.forum.ForumNavigationActivity}}
04-21 20:52:54.739 V/WindowManager(378):   #5: Token{42064ea8 ActivityRecord{41389030 u0 com.google.android.googlequicksearchbox/.SearchActivity}}
04-21 20:52:54.739 V/WindowManager(378):   #4: Token{4202e0c8 ActivityRecord{41409e98 u0 com.google.android.apps.plus/.phone.HomeActivity}}
04-21 20:52:54.739 V/WindowManager(378):   #3: Token{41ed4760 ActivityRecord{413f4c90 u0 com.android.contacts/.activities.DialtactsActivity}}
04-21 20:52:54.739 V/WindowManager(378):   #2: Token{41cd6ab0 ActivityRecord{413bfad0 u0 com.AppAvenger.TruckStops/.TruckStopsActivity}}
04-21 20:52:54.739 V/WindowManager(378):   #1: Token{41655bf0 ActivityRecord{413b4ac0 u0 com.aws.android.elite/com.aws.android.Typhoon}}
04-21 20:52:54.739 V/WindowManager(378):   #0: Token{421d5f78 ActivityRecord{413cbc20 u0 com.android.phone/.InCallScreen}}
04-21 20:52:54.739 W/WindowManager(378): Final window list:
04-21 20:52:54.739 V/WindowManager(378):   #0: Window{413fcc78 u0 SearchPanel}
04-21 20:52:54.739 V/WindowManager(378):   #1: Window{41cc6ee0 u0 NavigationBar}
04-21 20:52:54.739 V/WindowManager(378):   #2: Window{419f34b8 u0 StatusBar}
04-21 20:52:54.739 V/WindowManager(378):   #3: Window{41c86de8 u0 Keyguard}
04-21 20:52:54.739 V/WindowManager(378):   #4: Window{422bd6e0 u0 InputMethod}
04-21 20:52:54.739 V/WindowManager(378):   #5: Window{41c931f8 u0 }
04-21 20:52:54.739 V/WindowManager(378):   #6: Window{41ae66d8 u0 }
04-21 20:52:54.739 V/WindowManager(378):   #7: Window{41aca9f8 u0 }
04-21 20:52:54.739 V/WindowManager(378):   #8: Window{41ed5f20 u0 com.speedsoftware.rootexplorer/com.speedsoftware.rootexplorer.RootExplorerPhone}
04-21 20:52:54.739 V/WindowManager(378):   #9: Window{41e278f8 u0 com.teslacoilsw.launcher/com.android.launcher2.Launcher}
04-21 20:52:54.739 V/WindowManager(378):   #10: Window{41681360 u0 com.android.systemui/com.android.systemui.recent.RecentsActivity}
04-21 20:52:54.739 V/WindowManager(378):   #11: Window{41c0b148 u0 com.android.phone/com.android.phone.InCallScreen}
04-21 20:52:54.739 V/WindowManager(378):   #12: Window{41c89550 u0 com.android.systemui.ImageWallpaper}
04-21 20:52:55.294 V/GCMRegistrar(1080): Is registered on server: true
04-21 20:52:55.770 D/dalvikvm(2202): GC_CONCURRENT freed 390K, 16% free 3058K/3632K, paused 2ms+1ms, total 41ms
04-21 20:52:55.786 I/ActivityManager(378): Start proc com.jasoncalhoun.android.systeminfowidget for broadcast com.jasoncalhoun.android.systeminfowidget/.SystemInfoWidget: pid=1154 uid=10193 gids={50193, 3002, 3001, 1015, 1028}
04-21 20:52:55.801 I/dalvikvm(1154): Turning on JNI app bug workarounds for target SDK version 3...
04-21 20:52:55.817 E/Trace   (1154): error opening trace file: No such file or directory (2)
04-21 20:52:56.059 D/dalvikvm(1080): GC_CONCURRENT freed 718K, 11% free 7986K/8884K, paused 11ms+5ms, total 55ms
04-21 20:52:56.895 I/ActivityManager(378): Start proc com.mrnumber.blocker for broadcast com.mrnumber.blocker/.receiver.SmsReceivedBroadcastReceiver: pid=1168 uid=10147 gids={50147, 3003, 1028}
04-21 20:52:56.911 E/Trace   (1168): error opening trace file: No such file or directory (2)
04-21 20:52:57.059 D/dalvikvm(1168): GC_CONCURRENT freed 266K, 15% free 2519K/2964K, paused 2ms+3ms, total 23ms
04-21 20:52:57.145 D/dalvikvm(1168): GC_CONCURRENT freed 130K, 11% free 2825K/3140K, paused 3ms+2ms, total 23ms
04-21 20:52:57.247 D/dalvikvm(1168): GC_CONCURRENT freed 138K, 10% free 3144K/3472K, paused 2ms+2ms, total 35ms
04-21 20:52:57.356 D/dalvikvm(1168): GC_CONCURRENT freed 137K, 9% free 3497K/3828K, paused 3ms+4ms, total 42ms
04-21 20:52:57.450 D/dalvikvm(1168): GC_CONCURRENT freed 302K, 13% free 3679K/4184K, paused 2ms+3ms, total 24ms
04-21 20:52:57.450 D/dalvikvm(1168): WAIT_FOR_CONCURRENT_GC blocked 13ms
04-21 20:52:57.473 D/dalvikvm(1168): GC_FOR_ALLOC freed 106K, 13% free 3791K/4312K, paused 21ms, total 21ms
04-21 20:52:57.473 I/dalvikvm-heap(1168): Grow heap (frag case) to 4.122MB for 260112-byte allocation
04-21 20:52:57.505 D/dalvikvm(1168): GC_FOR_ALLOC freed 126K, 15% free 3919K/4568K, paused 27ms, total 27ms
04-21 20:52:57.528 D/dalvikvm(1168): GC_FOR_ALLOC freed <1K, 15% free 3919K/4568K, paused 23ms, total 23ms
04-21 20:52:57.528 I/dalvikvm-heap(1168): Grow heap (frag case) to 4.220MB for 232417-byte allocation
04-21 20:52:57.551 D/dalvikvm(1168): GC_FOR_ALLOC freed 0K, 14% free 4146K/4796K, paused 23ms, total 23ms
04-21 20:52:57.575 D/dalvikvm(1168): GC_FOR_ALLOC freed 373K, 17% free 4019K/4796K, paused 20ms, total 20ms
04-21 20:52:57.606 D/dalvikvm(1168): GC_FOR_ALLOC freed 126K, 14% free 4147K/4796K, paused 26ms, total 26ms
04-21 20:52:57.606 I/dalvikvm-heap(1168): Grow heap (frag case) to 4.443MB for 232364-byte allocation
