04-21 20:53:20.911 W/Settings(1867): Setting airplane_mode_on has moved from android.provider.Settings.System to android.provider.Settings.Global, returning read-only value.
04-21 20:53:20.958 I/ActivityManager(378): Process com.google.android.partnersetup (pid 1827) has died.
04-21 20:53:21.036 D/dalvikvm(1897): GC_CONCURRENT freed 270K, 16% free 2442K/2892K, paused 1ms+2ms, total 22ms
04-21 20:53:21.036 I/ActivityManager(378): Start proc com.google.android.apps.maps:LocationFriendService for broadcast com.google.android.apps.maps/com.google.googlenav.friend.reporting.LocationReportingIntentReceiver: pid=1910 uid=10224 gids={50224, 3003, 1015, 1028}
04-21 20:53:21.051 D/dalvikvm(130): GC_EXPLICIT freed 40K, 9% free 2310K/2528K, paused 1ms+1ms, total 17ms
04-21 20:53:21.051 E/Trace   (1910): error opening trace file: No such file or directory (2)
04-21 20:53:21.067 D/dalvikvm(130): GC_EXPLICIT freed <1K, 9% free 2310K/2528K, paused 1ms+2ms, total 16ms
04-21 20:53:21.083 D/dalvikvm(130): GC_EXPLICIT freed <1K, 9% free 2310K/2528K, paused 1ms+1ms, total 16ms
04-21 20:53:21.137 D/dalvikvm(1910): GC_CONCURRENT freed 295K, 17% free 2412K/2884K, paused 1ms+2ms, total 19ms
04-21 20:53:21.184 D/dalvikvm(1867): GC_CONCURRENT freed 761K, 26% free 2767K/3708K, paused 2ms+6ms, total 70ms
04-21 20:53:21.200 I/ActivityManager(378): Process com.google.android.apps.maps:FriendService (pid 1897) has died.
04-21 20:53:21.208 W/GAV2    (1810): Thread[Thread-15644,5,main]: dispatch call queued.  Need to call GAServiceManager.getInstance().initialize().
04-21 20:53:21.208 D/dalvikvm(1910): GC_CONCURRENT freed 302K, 16% free 2530K/2996K, paused 3ms+2ms, total 26ms
04-21 20:53:21.255 D/dalvikvm(1867): GC_FOR_ALLOC freed 58K, 25% free 2812K/3708K, paused 11ms, total 11ms
04-21 20:53:21.255 I/dalvikvm-heap(1867): Grow heap (frag case) to 2.938MB for 21108-byte allocation
04-21 20:53:21.270 D/dalvikvm(1867): GC_FOR_ALLOC freed 0K, 25% free 2833K/3732K, paused 12ms, total 12ms
04-21 20:53:21.286 D/dalvikvm(1867): GC_FOR_ALLOC freed <1K, 25% free 2833K/3732K, paused 15ms, total 15ms
04-21 20:53:21.286 I/dalvikvm-heap(1867): Grow heap (frag case) to 2.958MB for 20692-byte allocation
04-21 20:53:21.301 D/dalvikvm(1867): GC_FOR_ALLOC freed 20K, 25% free 2832K/3756K, paused 11ms, total 11ms
04-21 20:53:21.301 I/dalvikvm-heap(1867): Grow heap (frag case) to 2.961MB for 25680-byte allocation
04-21 20:53:21.325 D/dalvikvm(1867): GC_FOR_ALLOC freed 5K, 25% free 2851K/3784K, paused 27ms, total 27ms
04-21 20:53:21.333 D/dalvikvm(1810): GC_CONCURRENT freed 398K, 17% free 2977K/3556K, paused 2ms+3ms, total 19ms
04-21 20:53:21.348 D/dalvikvm(1867): GC_FOR_ALLOC freed 4K, 25% free 2850K/3784K, paused 23ms, total 24ms
04-21 20:53:21.348 I/dalvikvm-heap(1867): Grow heap (frag case) to 2.992MB for 38516-byte allocation
04-21 20:53:21.364 D/dalvikvm(1867): GC_FOR_ALLOC freed 25K, 26% free 2863K/3824K, paused 15ms, total 15ms
04-21 20:53:21.395 D/dalvikvm(540): GC_FOR_ALLOC freed 1442K, 26% free 25201K/33800K, paused 43ms, total 43ms
04-21 20:53:21.395 I/dalvikvm-heap(540): Grow heap (frag case) to 24.932MB for 155152-byte allocation
04-21 20:53:21.426 D/dalvikvm(540): GC_FOR_ALLOC freed 0K, 26% free 25353K/33952K, paused 32ms, total 32ms
04-21 20:53:21.465 D/dalvikvm(540): GC_FOR_ALLOC freed 17K, 26% free 25336K/33952K, paused 36ms, total 36ms
04-21 20:53:21.465 I/dalvikvm-heap(540): Grow heap (frag case) to 25.064MB for 155152-byte allocation
04-21 20:53:21.497 D/dalvikvm(540): GC_FOR_ALLOC freed <1K, 26% free 25488K/34104K, paused 36ms, total 36ms
04-21 20:53:21.528 D/dalvikvm(540): GC_FOR_ALLOC freed 3689K, 37% free 21799K/34104K, paused 27ms, total 27ms
04-21 20:53:21.739 I/CalendarProvider2(1856): Sending notification intent: Intent { act=android.intent.action.PROVIDER_CHANGED dat=content://com.android.calendar }
04-21 20:53:21.739 W/ContentResolver(1856): Failed to get type for: content://com.android.calendar (Unknown URL content://com.android.calendar)
04-21 20:53:21.762 I/ActivityManager(378): Start proc com.android.calendar for broadcast com.android.calendar/.alerts.AlertReceiver: pid=1937 uid=10176 gids={50176, 3003, 1028}
04-21 20:53:21.794 E/Trace   (1937): error opening trace file: No such file or directory (2)
04-21 20:53:21.872 D/AlertReceiver(1937): onReceive: a=android.intent.action.PROVIDER_CHANGED Intent { act=android.intent.action.PROVIDER_CHANGED dat=content://com.android.calendar flg=0x10 cmp=com.android.calendar/.alerts.AlertReceiver }
04-21 20:53:21.895 D/AlertService(1937): 0 Action = android.intent.action.PROVIDER_CHANGED
04-21 20:53:21.895 D/AlertService(1937): Beginning updateAlertNotification
04-21 20:53:21.919 D/AlertService(1937): No fired or scheduled alerts
04-21 20:53:21.965 I/ActivityManager(378): Process com.google.android.apps.maps:LocationFriendService (pid 1910) has died.
04-21 20:53:22.458 D/dalvikvm(1867): GC_CONCURRENT freed 469K, 25% free 2905K/3824K, paused 3ms+2ms, total 27ms
04-21 20:53:22.458 D/dalvikvm(1867): WAIT_FOR_CONCURRENT_GC blocked 11ms
04-21 20:53:22.489 I/ActivityManager(378): Start proc com.google.android.apps.maps:LocationFriendService for service com.google.android.apps.maps/com.google.googlenav.friend.reporting.LocationReceiverService: pid=1960 uid=10224 gids={50224, 3003, 1015, 1028}
04-21 20:53:22.528 E/Trace   (1960): error opening trace file: No such file or directory (2)
04-21 20:53:22.575 D/dalvikvm(838): GC_CONCURRENT freed 463K, 20% free 3106K/3872K, paused 3ms+6ms, total 29ms
04-21 20:53:22.575 D/dalvikvm(838): WAIT_FOR_CONCURRENT_GC blocked 6ms
04-21 20:53:24.075 W/GAV2    (1810): Thread[GAThread,5,main]: Service unavailable (code=1), will retry.
04-21 20:53:24.075 W/ActivityManager(378): Unable to start service Intent { act=com.google.android.gms.analytics.service.START (has extras) } U=0: not found
04-21 20:53:24.090 I/GAV2    (1810): Thread[GAThread,5,main]: No campaign data found.
04-21 20:53:24.442 D/dalvikvm(563): GC_CONCURRENT freed 839K, 13% free 7867K/8952K, paused 2ms+13ms, total 56ms
04-21 20:53:24.481 I/ActivityManager(378): Process com.google.android.apps.maps:LocationFriendService (pid 1960) has died.
04-21 20:53:26.739 I/ActivityManager(378): Start proc com.google.android.apps.plus for broadcast com.google.android.apps.plus/.service.CameraMonitor: pid=1989 uid=10123 gids={50123, 3003, 3002, 1015, 1006, 1028}
04-21 20:53:26.778 E/Trace   (1989): error opening trace file: No such file or directory (2)
04-21 20:53:26.903 D/dalvikvm(1989): GC_CONCURRENT freed 437K, 21% free 2385K/3000K, paused 2ms+4ms, total 38ms
04-21 20:53:26.903 D/dalvikvm(1989): WAIT_FOR_CONCURRENT_GC blocked 2ms
04-21 20:53:26.973 D/dalvikvm(1989): GC_CONCURRENT freed 492K, 22% free 2389K/3060K, paused 2ms+3ms, total 24ms
04-21 20:53:27.028 D/dalvikvm(1989): GC_FOR_ALLOC freed 215K, 22% free 2417K/3080K, paused 21ms, total 21ms
04-21 20:53:27.059 I/ActivityManager(378): Start proc android.process.media for content provider com.android.providers.media/.MediaProvider: pid=2004 uid=10011 gids={50011, 1015, 1023, 1024, 1028, 2001, 3003, 3007}
04-21 20:53:27.106 E/Trace   (2004): error opening trace file: No such file or directory (2)
04-21 20:53:27.114 I/ActivityManager(378): Process com.android.calendar (pid 1937) has died.
04-21 20:53:27.130 D/dalvikvm(1989): GC_FOR_ALLOC freed 95K, 20% free 2502K/3100K, paused 51ms, total 51ms
04-21 20:53:27.184 I/DownloadManager(2004): in removeSpuriousFiles
04-21 20:53:27.239 D/dalvikvm(1989): GC_CONCURRENT freed 156K, 11% free 2818K/3152K, paused 1ms+18ms, total 33ms
04-21 20:53:27.325 D/dalvikvm(2004): GC_CONCURRENT freed 224K, 14% free 2474K/2876K, paused 3ms+1ms, total 24ms
04-21 20:53:27.325 D/dalvikvm(1989): GC_CONCURRENT freed 165K, 11% free 3153K/3508K, paused 2ms+2ms, total 22ms
04-21 20:53:27.325 D/dalvikvm(1989): WAIT_FOR_CONCURRENT_GC blocked 5ms
04-21 20:53:27.380 D/dalvikvm(1989): GC_CONCURRENT freed 174K, 10% free 3466K/3844K, paused 2ms+2ms, total 20ms
04-21 20:53:27.380 D/dalvikvm(1989): WAIT_FOR_CONCURRENT_GC blocked 7ms
04-21 20:53:27.411 D/dalvikvm(1989): GC_FOR_ALLOC freed 250K, 13% free 3589K/4108K, paused 16ms, total 16ms
04-21 20:53:27.411 I/dalvikvm-heap(1989): Grow heap (frag case) to 3.924MB for 260112-byte allocation
04-21 20:53:27.434 D/dalvikvm(1989): GC_FOR_ALLOC freed 126K, 15% free 3717K/4364K, paused 19ms, total 19ms
04-21 20:53:27.458 D/dalvikvm(1989): GC_FOR_ALLOC freed 311K, 16% free 3698K/4364K, paused 22ms, total 22ms
04-21 20:53:27.481 D/dalvikvm(1989): GC_FOR_ALLOC freed 62K, 14% free 3762K/4364K, paused 24ms, total 24ms
04-21 20:53:27.489 I/dalvikvm-heap(1989): Grow heap (frag case) to 4.093MB for 260112-byte allocation
04-21 20:53:27.512 D/dalvikvm(1989): GC_FOR_ALLOC freed 126K, 16% free 3890K/4620K, paused 26ms, total 26ms
04-21 20:53:27.544 D/dalvikvm(1989): GC_FOR_ALLOC freed 307K, 17% free 3869K/4620K, paused 19ms, total 19ms
04-21 20:53:27.575 D/dalvikvm(1989): GC_FOR_ALLOC freed 62K, 15% free 3933K/4620K, paused 27ms, total 27ms
04-21 20:53:27.598 D/dalvikvm(1989): GC_FOR_ALLOC freed 126K, 13% free 4061K/4620K, paused 22ms, total 22ms
04-21 20:53:27.700 D/dalvikvm(1989): GC_CONCURRENT freed 333K, 12% free 4260K/4792K, paused 5ms+3ms, total 36ms
04-21 20:53:27.708 I/ActivityManager(378): Process com.android.providers.calendar (pid 1856) has died.
04-21 20:53:27.840 D/dalvikvm(1989): GC_CONCURRENT freed 124K, 7% free 4719K/5024K, paused 4ms+5ms, total 38ms
04-21 20:53:27.981 D/dalvikvm(1989): GC_CONCURRENT freed 319K, 9% free 5207K/5704K, paused 2ms+1ms, total 31ms
04-21 20:53:27.981 D/dalvikvm(1989): WAIT_FOR_CONCURRENT_GC blocked 22ms
04-21 20:53:28.145 D/dalvikvm(1989): GC_CONCURRENT freed 411K, 10% free 5752K/6344K, paused 2ms+2ms, total 33ms
04-21 20:53:28.239 D/gp.PicasaPhotoCP(1989): set fsid first time:-1
04-21 20:53:28.403 W/Settings(681): Setting auto_time_zone has moved from android.provider.Settings.System to android.provider.Settings.Global, returning read-only value.
04-21 20:53:28.403 D/AlarmManagerService(378): Kernel timezone updated to 300 minutes west of GMT
04-21 20:53:28.403 W/Settings(681): Setting auto_time has moved from android.provider.Settings.System to android.provider.Settings.Global, returning read-only value.
04-21 20:53:28.505 D/dalvikvm(378): GC_EXPLICIT freed 495K, 23% free 28153K/36468K, paused 6ms+13ms, total 203ms
04-21 20:53:29.083 W/GAV2    (1810): Thread[Service Reconnect,5,main]: Service unavailable (code=1), using local store.
04-21 20:53:29.083 W/ActivityManager(378): Unable to start service Intent { act=com.google.android.gms.analytics.service.START (has extras) } U=0: not found
04-21 20:53:29.169 I/ActivityManager(378): Process com.google.android.googlequicksearchbox (pid 1810) has died.
04-21 20:53:34.739 I/ActivityManager(378): Start proc android.process.acore for content provider com.android.providers.contacts/.ContactsProvider2: pid=2032 uid=10000 gids={50000, 3003, 1015, 1028}
04-21 20:53:34.778 E/Trace   (2032): error opening trace file: No such file or directory (2)
04-21 20:53:34.919 D/dalvikvm(2032): GC_CONCURRENT freed 185K, 12% free 2561K/2904K, paused 4ms+4ms, total 34ms
04-21 20:53:35.801 D/dalvikvm(1554): GC_CONCURRENT freed 336K, 18% free 2379K/2896K, paused 1ms+2ms, total 23ms
04-21 20:53:35.942 D/dalvikvm(2032): GC_CONCURRENT freed 149K, 11% free 2807K/3136K, paused 4ms+10ms, total 35ms
04-21 20:53:36.161 W/AssetRedirectionManager(378): Unable to attach target package assets for com.android.gallery3d
04-21 20:53:36.192 I/ActivityManager(378): Process com.google.android.apps.plus (pid 1989) has died.
04-21 20:53:36.270 D/dalvikvm(2032): GC_CONCURRENT freed 149K, 10% free 3059K/3388K, paused 2ms+2ms, total 16ms
04-21 20:53:36.551 I/ActivityManager(378): Process android.process.media (pid 2004) has died.
04-21 20:53:36.747 W/AssetRedirectionManager(378): Unable to attach target package assets for com.whitepages.scid
04-21 20:53:36.833 I/ActivityManager(378): Process android.process.acore (pid 2032) has died.
04-21 20:53:37.270 I/ActivityManager(378): Start proc com.mrnumber.blocker for broadcast com.mrnumber.blocker/.receiver.SmsReceivedBroadcastReceiver: pid=2060 uid=10147 gids={50147, 3003, 1028}
04-21 20:53:37.309 E/Trace   (2060): error opening trace file: No such file or directory (2)
04-21 20:53:37.450 D/dalvikvm(2060): GC_CONCURRENT freed 274K, 16% free 2549K/3000K, paused 3ms+3ms, total 33ms
04-21 20:53:37.450 D/dalvikvm(2060): WAIT_FOR_CONCURRENT_GC blocked 3ms
04-21 20:53:37.512 D/dalvikvm(2060): GC_CONCURRENT freed 154K, 11% free 2907K/3240K, paused 1ms+2ms, total 16ms
04-21 20:53:37.512 D/dalvikvm(2060): WAIT_FOR_CONCURRENT_GC blocked 1ms
04-21 20:53:37.575 D/dalvikvm(2060): GC_CONCURRENT freed 149K, 10% free 3258K/3600K, paused 2ms+2ms, total 18ms
04-21 20:53:37.575 D/dalvikvm(2060): WAIT_FOR_CONCURRENT_GC blocked 3ms
04-21 20:53:37.630 D/dalvikvm(2060): GC_CONCURRENT freed 145K, 9% free 3608K/3948K, paused 1ms+1ms, total 21ms
04-21 20:53:37.630 D/dalvikvm(2060): WAIT_FOR_CONCURRENT_GC blocked 8ms
04-21 20:53:37.676 D/dalvikvm(2060): GC_CONCURRENT freed 295K, 12% free 3726K/4232K, paused 3ms+1ms, total 18ms
04-21 20:53:37.676 D/dalvikvm(2060): WAIT_FOR_CONCURRENT_GC blocked 14ms
04-21 20:53:37.692 D/dalvikvm(2060): GC_FOR_ALLOC freed 62K, 11% free 3790K/4232K, paused 14ms, total 14ms
04-21 20:53:37.692 I/dalvikvm-heap(2060): Grow heap (frag case) to 4.121MB for 260112-byte allocation
04-21 20:53:37.708 D/dalvikvm(2060): GC_FOR_ALLOC freed 126K, 13% free 3918K/4488K, paused 15ms, total 15ms
04-21 20:53:37.723 D/dalvikvm(2060): GC_FOR_ALLOC freed <1K, 13% free 3918K/4488K, paused 13ms, total 13ms
04-21 20:53:37.723 I/dalvikvm-heap(2060): Grow heap (frag case) to 4.219MB for 232417-byte allocation
04-21 20:53:37.739 D/dalvikvm(2060): GC_FOR_ALLOC freed 255K, 18% free 3890K/4716K, paused 14ms, total 14ms
04-21 20:53:37.755 D/dalvikvm(2060): GC_FOR_ALLOC freed 118K, 15% free 4018K/4716K, paused 14ms, total 14ms
04-21 20:53:37.755 I/dalvikvm-heap(2060): Grow heap (frag case) to 4.343MB for 260112-byte allocation
04-21 20:53:37.770 D/dalvikvm(2060): GC_FOR_ALLOC freed 126K, 17% free 4146K/4972K, paused 15ms, total 15ms
04-21 20:53:37.794 D/dalvikvm(2060): GC_FOR_ALLOC freed 369K, 15% free 4245K/4972K, paused 14ms, total 14ms
04-21 20:53:37.809 D/dalvikvm(2060): GC_FOR_ALLOC freed 126K, 13% free 4373K/4972K, paused 14ms, total 14ms
04-21 20:53:37.872 D/dalvikvm(2060): GC_CONCURRENT freed 351K, 11% free 4706K/5236K, paused 1ms+2ms, total 18ms
04-21 20:53:37.973 D/dalvikvm(2060): GC_CONCURRENT freed 162K, 6% free 5335K/5676K, paused 1ms+2ms, total 25ms
04-21 20:53:37.973 D/dalvikvm(2060): WAIT_FOR_CONCURRENT_GC blocked 9ms
04-21 20:53:38.098 D/dalvikvm(2060): GC_CONCURRENT freed 653K, 13% free 5693K/6524K, paused 2ms+2ms, total 31ms
04-21 20:53:38.098 D/dalvikvm(2060): WAIT_FOR_CONCURRENT_GC blocked 8ms
04-21 20:53:38.120 D/dalvikvm(2107): GC_CONCURRENT freed 227K, 13% free 2843K/3248K, paused 2ms+6ms, total 27ms
04-21 20:53:38.120 D/dalvikvm(2107): WAIT_FOR_CONCURRENT_GC blocked 14ms
04-21 20:53:38.159 I/dalvikvm(2153): Turning on JNI app bug workarounds for target SDK version 7...
04-21 20:53:38.174 E/Trace   (2153): error opening trace file: No such file or directory (2)
04-21 20:53:38.213 D/ACRA    (2153): Retrieve application default SharedPreferences.
04-21 20:53:38.221 D/ACRA    (2153): Set OnSharedPreferenceChangeListener.
04-21 20:53:38.229 D/ACRA    (2153): ACRA is enabled for com.papajohns.android, intializing...
04-21 20:53:38.237 D/ACRA    (2153): Looking for error files in /data/data/com.papajohns.android/files
04-21 20:53:38.325 D/dalvikvm(2060): GC_CONCURRENT freed 244K, 7% free 6583K/7004K, paused 3ms+2ms, total 38ms
04-21 20:53:38.325 D/dalvikvm(2060): WAIT_FOR_CONCURRENT_GC blocked 16ms
04-21 20:53:38.393 D/dalvikvm(681): GC_EXPLICIT freed 421K, 18% free 4983K/6028K, paused 3ms+10ms, total 43ms
04-21 20:53:38.442 D/mrn     (2060): ics: Unknown action []
04-21 20:53:38.442 I/ActivityManager(378): Start proc com.truecaller for broadcast com.truecaller/.service.Receiver: pid=2089 uid=10208 gids={50208, 3003, 1015, 1028}
04-21 20:53:38.450 I/dalvikvm(2089): Turning on JNI app bug workarounds for target SDK version 11...
04-21 20:53:38.465 E/Trace   (2089): error opening trace file: No such file or directory (2)
04-21 20:53:38.542 D/dalvikvm(2127): GC_CONCURRENT freed 237K, 15% free 2515K/2936K, paused 3ms+1ms, total 25ms
04-21 20:53:38.551 I/ActivityManager(378): Start proc android.process.acore for content provider com.android.providers.contacts/.ContactsProvider2: pid=2107 uid=10000 gids={50000, 3003, 1015, 1028}
04-21 20:53:38.575 D/dalvikvm(2089): GC_CONCURRENT freed 258K, 15% free 2512K/2948K, paused 3ms+3ms, total 31ms
04-21 20:53:38.575 E/Trace   (2107): error opening trace file: No such file or directory (2)
04-21 20:53:38.583 I/ActivityManager(378): Start proc com.klinker.android.messaging_donate for broadcast com.klinker.android.messaging_donate/com.klinker.android.messaging_sliding.TextMessageReceiver: pid=2127 uid=10144 gids={50144, 1015, 3003, 1028}
04-21 20:53:38.614 E/Trace   (2127): error opening trace file: No such file or directory (2)
04-21 20:53:38.620 D/dalvikvm(936): GC_CONCURRENT freed 325K, 17% free 3519K/4204K, paused 1ms+1ms, total 34ms
04-21 20:53:38.645 I/ActivityManager(378): Process com.google.android.apps.maps:GoogleLocationService (pid 1867) has died.
04-21 20:53:38.073 D/CountryDetector(378): The first listener is added
04-21 20:53:38.143 I/ActivityManager(378): Start proc com.papajohns.android:com.urbanairship.push.process for service com.papajohns.android/com.urbanairship.push.PushService: pid=2153 uid=10160 gids={50160, 3003, 1015, 1006, 1028}
04-21 20:53:38.276 I/ActivityManager(378): Process com.jasoncalhoun.android.systeminfowidget (pid 1554) has died.
04-21 20:53:38.276 W/ActivityManager(378): Scheduling restart of crashed service com.jasoncalhoun.android.systeminfowidget/.SystemInfoWidget$UpdateService in 5000ms
04-21 20:53:38.645 W/ActivityManager(378): Scheduling restart of crashed service com.google.android.apps.maps/com.google.android.location.internal.server.GoogleLocationService in 50216ms
04-21 20:53:38.651 I/ActivityManager(378): START u0 {flg=0x10000000 cmp=com.klinker.android.messaging_donate/com.klinker.android.messaging_sliding.QuickReply (has extras)} from pid 2127
04-21 20:53:38.700 D/dalvikvm(2107): GC_CONCURRENT freed 203K, 14% free 2556K/2940K, paused 3ms+2ms, total 21ms
04-21 20:53:38.721 I/ActivityManager(378): Start proc com.android.calendar for broadcast com.android.calendar/.widget.CalendarAppWidgetService$CalendarFactory: pid=2169 uid=10176 gids={50176, 3003, 1028}
04-21 20:53:38.723 W/Settings(681): Setting auto_time_zone has moved from android.provider.Settings.System to android.provider.Settings.Global, returning read-only value.
04-21 20:53:38.723 D/AlarmManagerService(378): Kernel timezone updated to 300 minutes west of GMT
04-21 20:53:38.723 W/Settings(681): Setting auto_time has moved from android.provider.Settings.System to android.provider.Settings.Global, returning read-only value.
04-21 20:53:38.723 D/SystemClock(681): Setting time of day to sec=1366595618
04-21 20:53:38.729 D/dalvikvm(130): GC_EXPLICIT freed 39K, 9% free 2310K/2528K, paused 1ms+2ms, total 20ms
04-21 20:53:38.745 D/dalvikvm(130): GC_EXPLICIT freed <1K, 9% free 2310K/2528K, paused 1ms+1ms, total 18ms
04-21 20:53:38.760 D/dalvikvm(130): GC_EXPLICIT freed <1K, 9% free 2310K/2528K, paused 1ms+1ms, total 15ms
04-21 20:53:38.784 D/dalvikvm(2153): GC_CONCURRENT freed 354K, 18% free 2437K/2972K, paused 4ms+3ms, total 80ms
04-21 20:53:38.784 E/Trace   (2169): error opening trace file: No such file or directory (2)
04-21 20:53:38.862 I/ActivityManager(378): Start proc com.android.deskclock for broadcast com.android.deskclock/.AlarmInitReceiver: pid=2197 uid=10010 gids={50010, 1028}
04-21 20:53:38.870 D/dalvikvm(2127): GC_CONCURRENT freed 230K, 14% free 2720K/3132K, paused 3ms+15ms, total 44ms
04-21 20:53:38.870 D/CountryDetector(378): No listener is left
04-21 20:53:38.878 I/ActivityManager(378): Start proc com.android.providers.calendar for content provider com.android.providers.calendar/.CalendarProvider2: pid=2204 uid=10007 gids={50007, 3003, 1015, 1028}
04-21 20:53:38.878 I/ActivityManager(378): Process android.process.acore (pid 2107) has died.
04-21 20:53:38.932 I/ActivityManager(378): Start proc android.process.acore for content provider com.android.providers.contacts/.ContactsProvider2: pid=2232 uid=10000 gids={50000, 3003, 1015, 1028}
04-21 20:53:38.956 E/Trace   (2197): error opening trace file: No such file or directory (2)
04-21 20:53:38.995 E/Trace   (2204): error opening trace file: No such file or directory (2)
04-21 20:53:39.010 E/Trace   (2232): error opening trace file: No such file or directory (2)
04-21 20:53:39.073 I/ActivityManager(378): Process com.android.calendar (pid 2169) has died.
04-21 20:53:39.104 V/AlarmClock(2197): No next alarm
04-21 20:53:39.112 V/AlarmClock(2197): AlarmInitReceiver finished
04-21 20:53:39.190 D/dalvikvm(2153): GC_CONCURRENT freed 485K, 22% free 2464K/3128K, paused 3ms+7ms, total 62ms
04-21 20:53:39.190 D/dalvikvm(2153): WAIT_FOR_CONCURRENT_GC blocked 35ms
04-21 20:53:39.253 D/dalvikvm(2232): GC_CONCURRENT freed 175K, 13% free 2542K/2896K, paused 11ms+4ms, total 37ms
04-21 20:53:39.378 D/dalvikvm(2153): GC_CONCURRENT freed 389K, 22% free 2466K/3140K, paused 2ms+1ms, total 18ms
04-21 20:53:39.378 D/dalvikvm(2153): WAIT_FOR_CONCURRENT_GC blocked 9ms
04-21 20:53:39.424 I/ActivityManager(378): Process com.android.deskclock (pid 2197) has died.
04-21 20:53:39.432 D/dalvikvm(378): GC_EXPLICIT freed 1347K, 24% free 28009K/36468K, paused 10ms+12ms, total 182ms
04-21 20:53:39.440 I/ActivityManager(378): Start proc com.baloota.dumpster for broadcast com.baloota.dumpster/com.movend.activities.MoVendListener: pid=2260 uid=10109 gids={50109, 1015, 3003, 1028}
04-21 20:53:39.471 E/Trace   (2260): error opening trace file: No such file or directory (2)
04-21 20:53:39.479 E/SQLiteLog(681): (1) no such column: sort_index
04-21 20:53:39.526 E/DatabaseUtils(681): Writing exception to parcel
04-21 20:53:39.526 E/DatabaseUtils(681): android.database.sqlite.SQLiteException: no such column: sort_index (code 1): , while compiling: SELECT _id, sort_index, recipient_ids, snippet, snippet_cs FROM threads ORDER BY  date DESC
04-21 20:53:39.526 E/DatabaseUtils(681): 	at android.database.sqlite.SQLiteConnection.nativePrepareStatement(Native Method)
04-21 20:53:39.526 E/DatabaseUtils(681): 	at android.database.sqlite.SQLiteConnection.acquirePreparedStatement(SQLiteConnection.java:882)
04-21 20:53:39.526 E/DatabaseUtils(681): 	at android.database.sqlite.SQLiteConnection.prepare(SQLiteConnection.java:493)
04-21 20:53:39.526 E/DatabaseUtils(681): 	at android.database.sqlite.SQLiteSession.prepare(SQLiteSession.java:588)
04-21 20:53:39.526 E/DatabaseUtils(681): 	at android.database.sqlite.SQLiteProgram.<init>(SQLiteProgram.java:58)
04-21 20:53:39.526 E/DatabaseUtils(681): 	at android.database.sqlite.SQLiteQuery.<init>(SQLiteQuery.java:37)
04-21 20:53:39.526 E/DatabaseUtils(681): 	at android.database.sqlite.SQLiteDirectCursorDriver.query(SQLiteDirectCursorDriver.java:44)
04-21 20:53:39.526 E/DatabaseUtils(681): 	at android.database.sqlite.SQLiteDatabase.rawQueryWithFactory(SQLiteDatabase.java:1314)
04-21 20:53:39.526 E/DatabaseUtils(681): 	at android.database.sqlite.SQLiteDatabase.queryWithFactory(SQLiteDatabase.java:1161)
04-21 20:53:39.526 E/DatabaseUtils(681): 	at android.database.sqlite.SQLiteDatabase.query(SQLiteDatabase.java:1032)
04-21 20:53:39.526 E/DatabaseUtils(681): 	at android.database.sqlite.SQLiteDatabase.query(SQLiteDatabase.java:1200)
04-21 20:53:39.526 E/DatabaseUtils(681): 	at com.android.providers.telephony.MmsSmsProvider.getSimpleConversations(MmsSmsProvider.java:719)
04-21 20:53:39.526 E/DatabaseUtils(681): 	at com.android.providers.telephony.MmsSmsProvider.query(MmsSmsProvider.java:309)
04-21 20:53:39.526 E/DatabaseUtils(681): 	at android.content.ContentProvider.query(ContentProvider.java:652)
04-21 20:53:39.526 E/DatabaseUtils(681): 	at android.content.ContentProvider$Transport.query(ContentProvider.java:189)
04-21 20:53:39.526 E/DatabaseUtils(681): 	at android.content.ContentProviderNative.onTransact(ContentProviderNative.java:113)
04-21 20:53:39.526 E/DatabaseUtils(681): 	at android.os.Binder.execTransact(Binder.java:351)
04-21 20:53:39.526 E/DatabaseUtils(681): 	at dalvik.system.NativeStart.run(Native Method)
04-21 20:53:39.565 D/CountryDetector(378): The first listener is added
04-21 20:53:39.620 D/dalvikvm(2232): GC_CONCURRENT freed 213K, 13% free 2842K/3232K, paused 2ms+2ms, total 23ms
04-21 20:53:39.620 D/dalvikvm(2232): WAIT_FOR_CONCURRENT_GC blocked 6ms
04-21 20:53:39.635 I/ActivityManager(378): Process com.mrnumber.blocker (pid 2060) has died.
04-21 20:53:39.635 W/ActivityManager(378): Scheduling restart of crashed service com.mrnumber.blocker/.service.IncomingCallService in 58498ms
04-21 20:53:39.753 I/ActivityManager(378): Start proc com.android.inputmethod.latin for service com.android.inputmethod.latin/.spellcheck.AndroidSpellCheckerService: pid=2278 uid=10019 gids={50019, 1028}
04-21 20:53:39.823 D/libEGL  (2127): loaded /vendor/lib/egl/libEGL_POWERVR_SGX540_120.so
04-21 20:53:39.823 E/Trace   (2278): error opening trace file: No such file or directory (2)
04-21 20:53:39.854 D/libEGL  (2127): loaded /vendor/lib/egl/libGLESv1_CM_POWERVR_SGX540_120.so
04-21 20:53:39.870 D/libEGL  (2127): loaded /vendor/lib/egl/libGLESv2_POWERVR_SGX540_120.so
04-21 20:53:39.878 D/ACRA    (2260): Retrieve application default SharedPreferences.
04-21 20:53:39.893 D/ACRA    (2260): Set OnSharedPreferenceChangeListener.
04-21 20:53:39.901 D/ACRA    (2260): ACRA is enabled for com.baloota.dumpster, intializing...
04-21 20:53:39.924 D/ACRA    (2260): Looking for error files in /data/data/com.baloota.dumpster/files
04-21 20:53:39.932 D/dalvikvm(2260): GC_CONCURRENT freed 247K, 15% free 2560K/2988K, paused 3ms+2ms, total 53ms
04-21 20:53:40.003 D/OpenGLRenderer(2127): Enabling debug mode 0
04-21 20:53:40.088 I/ActivityManager(378): Start proc com.papajohns.android for broadcast com.papajohns.android/com.urbanairship.CoreReceiver: pid=2296 uid=10160 gids={50160, 3003, 1015, 1006, 1028}
04-21 20:53:40.104 I/dalvikvm(2296): Turning on JNI app bug workarounds for target SDK version 7...
04-21 20:53:40.112 I/ActivityManager(378): Displayed com.klinker.android.messaging_donate/com.klinker.android.messaging_sliding.QuickReply: +1s389ms
04-21 20:53:40.135 E/Trace   (2296): error opening trace file: No such file or directory (2)
04-21 20:53:40.151 E/a       (10353): Invalid input to AbstructCompatWrapper
04-21 20:53:40.151 E/a       (10353): Invalid input to AbstructCompatWrapper
04-21 20:53:40.151 D/dalvikvm(2127): GC_CONCURRENT freed 146K, 10% free 2963K/3292K, paused 4ms+16ms, total 43ms
04-21 20:53:40.206 I/ActivityManager(378): Process com.baloota.dumpster (pid 2260) has died.
04-21 20:53:40.221 I/CalendarProvider2(2204): Sending notification intent: Intent { act=android.intent.action.PROVIDER_CHANGED dat=content://com.android.calendar }
04-21 20:53:40.221 W/ContentResolver(2204): Failed to get type for: content://com.android.calendar (Unknown URL content://com.android.calendar)
04-21 20:53:40.245 D/ACRA    (2296): Retrieve application default SharedPreferences.
04-21 20:53:40.245 D/ACRA    (2296): Set OnSharedPreferenceChangeListener.
04-21 20:53:40.253 D/ACRA    (2296): ACRA is enabled for com.papajohns.android, intializing...
04-21 20:53:40.276 D/ACRA    (2296): Looking for error files in /data/data/com.papajohns.android/files
04-21 20:53:40.362 D/LMT::KeyboardStateListener(936): New keyboard state: true
04-21 20:53:40.596 D/dalvikvm(2232): GC_CONCURRENT freed 132K, 9% free 3221K/3532K, paused 25ms+2ms, total 103ms
04-21 20:53:40.596 D/dalvikvm(2232): WAIT_FOR_CONCURRENT_GC blocked 10ms
04-21 20:53:40.674 I/ActivityManager(378): Process com.android.providers.calendar (pid 2204) has died.
04-21 20:53:40.706 D/dalvikvm(2296): GC_CONCURRENT freed 357K, 19% free 2442K/2980K, paused 3ms+3ms, total 34ms
04-21 20:53:40.760 I/ActivityManager(378): Start proc com.jasoncalhoun.android.systeminfowidget for broadcast com.jasoncalhoun.android.systeminfowidget/.SystemInfoWidget: pid=2346 uid=10193 gids={50193, 3002, 3001, 1015, 1028}
04-21 20:53:40.776 I/dalvikvm(2346): Turning on JNI app bug workarounds for target SDK version 3...
04-21 20:53:40.815 E/Trace   (2346): error opening trace file: No such file or directory (2)
04-21 20:53:40.831 D/CountryDetector(378): No listener is left
04-21 20:53:40.838 I/ActivityManager(378): Process android.process.acore (pid 2232) has died.
04-21 20:53:40.885 I/ActivityManager(378): Start proc com.android.calendar for broadcast com.android.calendar/.alerts.AlertReceiver: pid=2360 uid=10176 gids={50176, 3003, 1028}
04-21 20:53:40.924 E/Trace   (2360): error opening trace file: No such file or directory (2)
04-21 20:53:40.963 D/dalvikvm(2153): GC_CONCURRENT freed 310K, 20% free 2541K/3140K, paused 10ms+5ms, total 42ms
04-21 20:53:40.987 D/AlertReceiver(2360): onReceive: a=android.intent.action.PROVIDER_CHANGED Intent { act=android.intent.action.PROVIDER_CHANGED dat=content://com.android.calendar flg=0x10 cmp=com.android.calendar/.alerts.AlertReceiver }
04-21 20:53:41.003 D/AlertService(2360): 0 Action = android.intent.action.PROVIDER_CHANGED
04-21 20:53:41.003 D/AlertService(2360): Beginning updateAlertNotification
04-21 20:53:41.018 I/ActivityManager(378): Start proc com.android.providers.calendar for content provider com.android.providers.calendar/.CalendarProvider2: pid=2383 uid=10007 gids={50007, 3003, 1015, 1028}
04-21 20:53:41.034 I/ActivityManager(378): Start proc com.google.android.apps.plus for broadcast com.google.android.apps.plus/.service.CameraMonitor: pid=2394 uid=10123 gids={50123, 3003, 3002, 1015, 1006, 1028}
04-21 20:53:41.049 E/Trace   (2383): error opening trace file: No such file or directory (2)
04-21 20:53:41.088 I/ActivityManager(378): Start proc android.process.acore for content provider com.android.providers.contacts/.ContactsProvider2: pid=2410 uid=10000 gids={50000, 3003, 1015, 1028}
04-21 20:53:41.096 I/ActivityManager(378): Process com.papajohns.android (pid 2296) has died.
04-21 20:53:41.104 D/dalvikvm(130): GC_EXPLICIT freed 39K, 9% free 2310K/2528K, paused 1ms+1ms, total 25ms
04-21 20:53:41.120 D/dalvikvm(130): GC_EXPLICIT freed <1K, 9% free 2310K/2528K, paused 1ms+1ms, total 16ms
04-21 20:53:41.135 D/dalvikvm(130): GC_EXPLICIT freed <1K, 9% free 2310K/2528K, paused 2ms+1ms, total 17ms
04-21 20:53:41.151 E/Trace   (2410): error opening trace file: No such file or directory (2)
04-21 20:53:41.167 E/Trace   (2394): error opening trace file: No such file or directory (2)
04-21 20:53:41.284 I/ActivityManager(378): Process com.papajohns.android:com.urbanairship.push.process (pid 2153) has died.
04-21 20:53:41.284 W/ActivityManager(378): Scheduling restart of crashed service com.papajohns.android/com.urbanairship.push.PushService in 5000ms
04-21 20:53:41.299 D/dalvikvm(2410): GC_CONCURRENT freed 227K, 15% free 2500K/2912K, paused 3ms+5ms, total 26ms
04-21 20:53:41.323 D/dalvikvm(2394): GC_CONCURRENT freed 450K, 21% free 2372K/3000K, paused 3ms+9ms, total 39ms
04-21 20:53:41.323 D/dalvikvm(2394): WAIT_FOR_CONCURRENT_GC blocked 2ms
04-21 20:53:41.354 D/AlertService(2360): No fired or scheduled alerts
04-21 20:53:41.385 D/dalvikvm(2394): GC_CONCURRENT freed 496K, 22% free 2390K/3064K, paused 2ms+1ms, total 27ms
04-21 20:53:41.385 D/dalvikvm(2394): WAIT_FOR_CONCURRENT_GC blocked 12ms
04-21 20:53:41.424 D/dalvikvm(2394): GC_FOR_ALLOC freed 222K, 22% free 2401K/3064K, paused 13ms, total 13ms
04-21 20:53:41.432 D/dalvikvm(2394): GC_FOR_ALLOC freed <1K, 22% free 2418K/3084K, paused 11ms, total 11ms
04-21 20:53:41.456 I/ActivityManager(378): Start proc android.process.media for content provider com.android.providers.media/.MediaProvider: pid=2434 uid=10011 gids={50011, 1015, 1023, 1024, 1028, 2001, 3003, 3007}
04-21 20:53:41.487 D/dalvikvm(2394): GC_FOR_ALLOC freed 95K, 20% free 2502K/3104K, paused 29ms, total 29ms
04-21 20:53:41.495 E/Trace   (2434): error opening trace file: No such file or directory (2)
04-21 20:53:41.534 I/DownloadManager(2434): in removeSpuriousFiles
04-21 20:53:41.588 D/dalvikvm(2394): GC_CONCURRENT freed 178K, 10% free 2858K/3172K, paused 1ms+6ms, total 52ms
04-21 20:53:41.651 I/ActivityManager(378): Process com.android.calendar (pid 2360) has died.
04-21 20:53:41.667 D/dalvikvm(2394): GC_CONCURRENT freed 161K, 10% free 3194K/3548K, paused 2ms+2ms, total 36ms
04-21 20:53:41.667 D/dalvikvm(2394): WAIT_FOR_CONCURRENT_GC blocked 9ms
04-21 20:53:41.729 D/dalvikvm(2394): GC_CONCURRENT freed 217K, 11% free 3462K/3884K, paused 3ms+2ms, total 21ms
04-21 20:53:41.729 D/dalvikvm(2394): WAIT_FOR_CONCURRENT_GC blocked 11ms
04-21 20:53:41.753 D/dalvikvm(2394): GC_FOR_ALLOC freed 189K, 12% free 3589K/4076K, paused 18ms, total 19ms
04-21 20:53:41.753 I/dalvikvm-heap(2394): Grow heap (frag case) to 3.924MB for 260112-byte allocation
04-21 20:53:41.784 D/dalvikvm(2394): GC_FOR_ALLOC freed 126K, 15% free 3717K/4332K, paused 25ms, total 25ms
04-21 20:53:41.799 D/dalvikvm(2434): GC_CONCURRENT freed 219K, 14% free 2481K/2880K, paused 11ms+4ms, total 46ms
04-21 20:53:41.807 D/dalvikvm(2394): GC_FOR_ALLOC freed 311K, 16% free 3698K/4396K, paused 19ms, total 19ms
04-21 20:53:41.823 D/dalvikvm(2394): GC_FOR_ALLOC freed 62K, 15% free 3762K/4396K, paused 15ms, total 15ms
04-21 20:53:41.838 D/dalvikvm(2394): GC_FOR_ALLOC freed 126K, 12% free 3890K/4396K, paused 18ms, total 18ms
04-21 20:53:41.838 I/ActivityManager(378): Process android.process.acore (pid 2410) has died.
04-21 20:53:41.862 D/dalvikvm(2394): GC_FOR_ALLOC freed 307K, 16% free 3869K/4568K, paused 18ms, total 18ms
04-21 20:53:41.885 D/dalvikvm(2394): GC_FOR_ALLOC freed 62K, 14% free 3933K/4568K, paused 18ms, total 18ms
04-21 20:53:41.885 I/dalvikvm-heap(2394): Grow heap (frag case) to 4.260MB for 260112-byte allocation
04-21 20:53:41.901 D/dalvikvm(2394): GC_FOR_ALLOC freed 126K, 16% free 4061K/4824K, paused 20ms, total 20ms
04-21 20:53:41.963 D/dalvikvm(2394): GC_CONCURRENT freed 345K, 11% free 4306K/4828K, paused 2ms+2ms, total 25ms
04-21 20:53:41.963 D/dalvikvm(2394): WAIT_FOR_CONCURRENT_GC blocked 8ms
04-21 20:53:42.065 D/dalvikvm(2394): GC_CONCURRENT freed 141K, 7% free 4834K/5152K, paused 1ms+2ms, total 30ms
04-21 20:53:42.065 D/dalvikvm(2394): WAIT_FOR_CONCURRENT_GC blocked 11ms
04-21 20:53:42.167 D/dalvikvm(2394): GC_CONCURRENT freed 526K, 13% free 5153K/5856K, paused 2ms+1ms, total 32ms
04-21 20:53:42.167 D/dalvikvm(2394): WAIT_FOR_CONCURRENT_GC blocked 8ms
04-21 20:53:42.315 D/dalvikvm(2394): GC_CONCURRENT freed 210K, 7% free 5876K/6264K, paused 2ms+3ms, total 37ms
04-21 20:53:42.315 D/dalvikvm(2394): WAIT_FOR_CONCURRENT_GC blocked 16ms
04-21 20:53:42.338 I/CalendarProvider2(2383): Sending notification intent: Intent { act=android.intent.action.PROVIDER_CHANGED dat=content://com.android.calendar }
04-21 20:53:42.338 W/ContentResolver(2383): Failed to get type for: content://com.android.calendar (Unknown URL content://com.android.calendar)
04-21 20:53:42.362 D/gp.PicasaPhotoCP(2394): set fsid first time:-1
04-21 20:53:42.393 I/ActivityManager(378): Start proc com.android.calendar for broadcast com.android.calendar/.widget.CalendarAppWidgetProvider: pid=2457 uid=10176 gids={50176, 3003, 1028}
04-21 20:53:42.565 D/dalvikvm(378): GC_EXPLICIT freed 659K, 24% free 28029K/36468K, paused 3ms+10ms, total 136ms
04-21 20:53:42.581 E/Trace   (2457): error opening trace file: No such file or directory (2)
04-21 20:53:42.620 I/ActivityManager(378): Process com.google.android.apps.plus (pid 2394) has died.
04-21 20:53:42.628 D/AlertReceiver(2457): onReceive: a=android.intent.action.PROVIDER_CHANGED Intent { act=android.intent.action.PROVIDER_CHANGED dat=content://com.android.calendar flg=0x10 cmp=com.android.calendar/.alerts.AlertReceiver }
04-21 20:53:42.643 D/AlertService(2457): 0 Action = android.intent.action.PROVIDER_CHANGED
04-21 20:53:42.643 D/AlertService(2457): Beginning updateAlertNotification
04-21 20:53:42.667 D/AlertService(2457): No fired or scheduled alerts
04-21 20:53:42.737 E/MediaScannerService(2434): Exception in handleMessage
04-21 20:53:42.737 E/MediaScannerService(2434): android.os.DeadObjectException
04-21 20:53:42.737 E/MediaScannerService(2434): 	at android.os.BinderProxy.transact(Native Method)
04-21 20:53:42.737 E/MediaScannerService(2434): 	at android.media.IMediaScannerListener$Stub$Proxy.scanCompleted(IMediaScannerListener.java:100)
04-21 20:53:42.737 E/MediaScannerService(2434): 	at com.android.providers.media.MediaScannerService$ServiceHandler.handleMessage(MediaScannerService.java:251)
04-21 20:53:42.737 E/MediaScannerService(2434): 	at android.os.Handler.dispatchMessage(Handler.java:99)
04-21 20:53:42.737 E/MediaScannerService(2434): 	at android.os.Looper.loop(Looper.java:137)
04-21 20:53:42.737 E/MediaScannerService(2434): 	at com.android.providers.media.MediaScannerService.run(MediaScannerService.java:186)
04-21 20:53:42.737 E/MediaScannerService(2434): 	at java.lang.Thread.run(Thread.java:856)
04-21 20:53:42.940 E/SpannableStringBuilder(2127): SPAN_EXCLUSIVE_EXCLUSIVE spans cannot have a zero length
04-21 20:53:42.940 E/SpannableStringBuilder(2127): SPAN_EXCLUSIVE_EXCLUSIVE spans cannot have a zero length
04-21 20:53:45.057 D/BluetoothManagerService(378): Message: 20
04-21 20:53:45.065 D/BluetoothManagerService(378): Added callback: android.bluetooth.IBluetoothManagerCallback$Stub$Proxy@42180400:true
04-21 20:53:46.307 I/ActivityManager(378): Start proc com.papajohns.android:com.urbanairship.push.process for service com.papajohns.android/com.urbanairship.push.PushService: pid=2496 uid=10160 gids={50160, 3003, 1015, 1006, 1028}
04-21 20:53:46.323 I/dalvikvm(2496): Turning on JNI app bug workarounds for target SDK version 7...
04-21 20:53:46.346 E/Trace   (2496): error opening trace file: No such file or directory (2)
04-21 20:53:46.378 D/ACRA    (2496): Retrieve application default SharedPreferences.
04-21 20:53:46.378 D/ACRA    (2496): Set OnSharedPreferenceChangeListener.
04-21 20:53:46.385 D/ACRA    (2496): ACRA is enabled for com.papajohns.android, intializing...
04-21 20:53:46.401 D/ACRA    (2496): Looking for error files in /data/data/com.papajohns.android/files
04-21 20:53:46.706 D/dalvikvm(2496): GC_CONCURRENT freed 312K, 16% free 2480K/2944K, paused 2ms+3ms, total 23ms
04-21 20:53:46.760 D/dalvikvm(2496): GC_CONCURRENT freed 515K, 23% free 2472K/3172K, paused 2ms+1ms, total 14ms
04-21 20:53:46.760 D/dalvikvm(2496): WAIT_FOR_CONCURRENT_GC blocked 4ms
04-21 20:53:46.784 D/dalvikvm(2496): GC_CONCURRENT freed 409K, 22% free 2475K/3172K, paused 3ms+1ms, total 12ms
04-21 20:53:46.784 D/dalvikvm(2496): WAIT_FOR_CONCURRENT_GC blocked 8ms
04-21 20:53:46.870 I/dalvikvm(2525): Turning on JNI app bug workarounds for target SDK version 7...
04-21 20:53:46.870 I/ActivityManager(378): Start proc com.papajohns.android for broadcast com.papajohns.android/com.urbanairship.CoreReceiver: pid=2525 uid=10160 gids={50160, 3003, 1015, 1006, 1028}
04-21 20:53:46.885 E/Trace   (2525): error opening trace file: No such file or directory (2)
04-21 20:53:46.917 D/ACRA    (2525): Retrieve application default SharedPreferences.
04-21 20:53:46.917 D/ACRA    (2525): Set OnSharedPreferenceChangeListener.
04-21 20:53:46.924 D/ACRA    (2525): ACRA is enabled for com.papajohns.android, intializing...
04-21 20:53:46.932 D/ACRA    (2525): Looking for error files in /data/data/com.papajohns.android/files
04-21 20:53:47.229 D/dalvikvm(2525): GC_CONCURRENT freed 323K, 17% free 2454K/2956K, paused 2ms+2ms, total 16ms
04-21 20:53:47.338 D/dalvikvm(2496): GC_CONCURRENT freed 288K, 19% free 2576K/3172K, paused 1ms+2ms, total 21ms
04-21 20:53:47.401 I/ActivityManager(378): Process com.papajohns.android (pid 2525) has died.
04-21 20:53:50.432 D/dalvikvm(10353): GC_CONCURRENT freed 3712K, 24% free 13049K/17080K, paused 4ms+18ms, total 108ms
04-21 20:53:51.799 I/ActivityManager(378): Start proc com.google.android.inputmethod.latin.dictionarypack for content provider com.google.android.inputmethod.latin.dictionarypack/.DictionaryProvider: pid=2552 uid=10020 gids={50020, 3003, 1015, 1028}
04-21 20:53:51.831 E/Trace   (2552): error opening trace file: No such file or directory (2)
04-21 20:53:51.995 I/ActivityManager(378): Process android.process.media (pid 2434) has died.
04-21 20:53:53.229 I/ActivityManager(378): Process com.android.calendar (pid 2457) has died.
04-21 20:53:54.448 I/ActivityManager(378): Start proc com.google.android.apps.plus for broadcast com.google.android.apps.plus/.service.CameraMonitor: pid=2568 uid=10123 gids={50123, 3003, 3002, 1015, 1006, 1028}
04-21 20:53:54.487 E/Trace   (2568): error opening trace file: No such file or directory (2)
04-21 20:53:54.534 I/ActivityManager(378): Process com.android.providers.calendar (pid 2383) has died.
04-21 20:53:54.596 D/dalvikvm(2568): GC_CONCURRENT freed 449K, 21% free 2374K/3000K, paused 3ms+2ms, total 32ms
04-21 20:53:54.596 D/dalvikvm(2568): WAIT_FOR_CONCURRENT_GC blocked 5ms
04-21 20:53:54.643 D/dalvikvm(2568): GC_CONCURRENT freed 497K, 22% free 2390K/3064K, paused 1ms+7ms, total 21ms
04-21 20:53:54.643 D/dalvikvm(2568): WAIT_FOR_CONCURRENT_GC blocked 12ms
04-21 20:53:54.706 D/dalvikvm(2568): GC_FOR_ALLOC freed 242K, 21% free 2439K/3064K, paused 25ms, total 25ms
04-21 20:53:54.729 I/ActivityManager(378): Start proc android.process.media for content provider com.android.providers.media/.MediaProvider: pid=2584 uid=10011 gids={50011, 1015, 1023, 1024, 1028, 2001, 3003, 3007}
04-21 20:53:54.760 D/dalvikvm(2568): GC_FOR_ALLOC freed 64K, 20% free 2519K/3124K, paused 25ms, total 25ms
04-21 20:53:54.799 E/Trace   (2584): error opening trace file: No such file or directory (2)
04-21 20:53:54.870 I/DownloadManager(2584): in removeSpuriousFiles
04-21 20:53:54.979 D/dalvikvm(2568): GC_CONCURRENT freed 172K, 9% free 2914K/3184K, paused 2ms+8ms, total 49ms
04-21 20:53:55.065 D/dalvikvm(2568): GC_CONCURRENT freed 177K, 11% free 3235K/3604K, paused 1ms+5ms, total 29ms
04-21 20:53:55.104 D/dalvikvm(2584): GC_CONCURRENT freed 230K, 15% free 2469K/2880K, paused 3ms+3ms, total 31ms
04-21 20:53:55.135 D/dalvikvm(2568): GC_CONCURRENT freed 254K, 12% free 3462K/3924K, paused 2ms+2ms, total 26ms
04-21 20:53:55.135 D/dalvikvm(2568): WAIT_FOR_CONCURRENT_GC blocked 3ms
04-21 20:53:55.159 D/dalvikvm(2568): GC_FOR_ALLOC freed 140K, 12% free 3589K/4052K, paused 17ms, total 17ms
04-21 20:53:55.159 I/dalvikvm-heap(2568): Grow heap (frag case) to 3.924MB for 260112-byte allocation
04-21 20:53:55.182 D/dalvikvm(2568): GC_FOR_ALLOC freed 126K, 14% free 3717K/4308K, paused 21ms, total 21ms
04-21 20:53:55.213 D/dalvikvm(2568): GC_FOR_ALLOC freed 311K, 16% free 3698K/4372K, paused 29ms, total 29ms
04-21 20:53:55.229 I/ActivityManager(378): Process com.google.android.inputmethod.latin.dictionarypack (pid 2552) has died.
04-21 20:53:55.253 D/dalvikvm(2568): GC_FOR_ALLOC freed 62K, 14% free 3762K/4372K, paused 32ms, total 32ms
04-21 20:53:55.268 D/dalvikvm(2568): GC_FOR_ALLOC freed 126K, 12% free 3890K/4372K, paused 17ms, total 17ms
04-21 20:53:55.284 D/dalvikvm(2568): GC_FOR_ALLOC freed 307K, 15% free 3870K/4544K, paused 16ms, total 16ms
04-21 20:53:55.307 D/dalvikvm(2568): GC_FOR_ALLOC freed 62K, 14% free 3934K/4544K, paused 19ms, total 20ms
04-21 20:53:55.307 I/dalvikvm-heap(2568): Grow heap (frag case) to 4.261MB for 260112-byte allocation
04-21 20:53:55.331 D/dalvikvm(2568): GC_FOR_ALLOC freed 126K, 16% free 4062K/4800K, paused 19ms, total 19ms
04-21 20:53:55.393 D/dalvikvm(2568): GC_CONCURRENT freed 332K, 12% free 4255K/4800K, paused 1ms+8ms, total 26ms
04-21 20:53:55.487 D/dalvikvm(2568): GC_CONCURRENT freed 130K, 7% free 4740K/5048K, paused 2ms+2ms, total 24ms
04-21 20:53:55.588 D/dalvikvm(2568): GC_CONCURRENT freed 320K, 9% free 5228K/5720K, paused 2ms+1ms, total 30ms
04-21 20:53:55.737 D/dalvikvm(2568): GC_CONCURRENT freed 415K, 10% free 5788K/6380K, paused 3ms+2ms, total 35ms
04-21 20:53:55.737 D/dalvikvm(2568): WAIT_FOR_CONCURRENT_GC blocked 10ms
04-21 20:53:55.792 D/gp.PicasaPhotoCP(2568): set fsid first time:-1
04-21 20:53:56.721 E/SpannableStringBuilder(2127): SPAN_EXCLUSIVE_EXCLUSIVE spans cannot have a zero length
04-21 20:53:56.721 E/SpannableStringBuilder(2127): SPAN_EXCLUSIVE_EXCLUSIVE spans cannot have a zero length
04-21 20:53:58.151 I/ActivityManager(378): Start proc com.youmail.android.vvm for service com.youmail.android.vvm/.service.YMService: pid=2610 uid=10221 gids={50221, 3003, 1015, 3002, 1028}
04-21 20:53:58.190 E/Trace   (2610): error opening trace file: No such file or directory (2)
04-21 20:53:58.198 I/ActivityManager(378): Process com.google.android.apps.plus (pid 2568) has died.
04-21 20:53:58.284 D/YMApplication(2610): Created - I am com.youmail.android.vvm.YMApplication@4139a0e8
04-21 20:53:58.292 D/YMApplication(2610): App onCreate() starting
04-21 20:53:58.299 D/SystemInfo(2610): sdkVersion set to 17 via int SDK_INT value
04-21 20:53:58.299 D/SystemInfo(2610): init(): ANDRD-592-0: userAgent: [YouMailAndroid/3.7.00[1094] (mysid 4.2.2; toro/google/Galaxy Nexus; en-US) Android-Runtime/0.9 YouMailAPI/3,4]
04-21 20:53:58.307 D/VVMPrefs(2610): Reloading preferences file YouMail_7042587272 user is 7042587272
04-21 20:53:58.331 D/YMApplication(2610): Previous version = 1094, running version = 1094
04-21 20:53:58.331 D/YMApplication(2610): doFixups begin
04-21 20:53:58.331 D/YMApplication(2610): FYI: API ROOT is "androidapi.youmail.com/api"
04-21 20:53:58.331 D/YMApplication(2610): doFixups ended
04-21 20:53:58.331 I/BluetoothWrapper(2610): Using Android 2.0 Bluetooth semantics
04-21 20:53:58.338 D/BluetoothManagerService(378): Message: 20
04-21 20:53:58.338 D/BluetoothManagerService(378): Added callback: android.bluetooth.IBluetoothManagerCallback$Stub$Proxy@42965db0:true
04-21 20:53:58.338 I/Android2xBluetoothA2dp(2610): Found newer A2dp
04-21 20:53:58.338 D/BluetoothManagerService(378): Message: 30
04-21 20:53:58.338 I/Android2xBluetoothA2dp(2610): Got proxy for newer A2dp
04-21 20:53:58.346 D/BluetoothAdapter(2610): 1094539024: getState() :  mService = null. Returning STATE_OFF
04-21 20:53:58.346 I/ContactWrapper(2610): Using Android 2.0 Contact semantics
04-21 20:53:58.378 D/FolderUtil(2610): getAllFolders query(FOLDERS_CONTENT_URI) returned 4 rows
04-21 20:53:58.378 D/YMApplication(2610): App onCreate() done - passing to super
04-21 20:53:58.385 D/dalvikvm(2610): GC_CONCURRENT freed 230K, 15% free 2482K/2892K, paused 4ms+3ms, total 24ms
04-21 20:53:58.385 I/YMService(2610): Constructed
04-21 20:53:58.393 D/YMContentProvider(2610): deleted messages from messages table. count: 0
04-21 20:53:58.393 I/YMApiDataListener(2610): Deleted 0 messages of invalid/gone status
04-21 20:53:58.393 I/YMApiDataListener(2610): Restored notification message count 0
04-21 20:53:58.401 D/YMApiDataListener(2610): Notification update to 0, but same as before - ignoring
04-21 20:53:58.401 D/YMService(2610): Using PlatformAuthTokenProvider
04-21 20:53:58.401 W/VVMPrefs(2610): Not reloading preferences file for user 7042587272 active account is 7042587272
04-21 20:53:58.401 D/YMService(2610): initialize called with account = Account {name=7042587272, type=com.youmail.android.account}
04-21 20:53:58.409 I/YMService(2610): initialize apiRoot is androidapi.youmail.com/api
04-21 20:53:58.409 D/YMService(2610): onConnectionStateChanged called
04-21 20:53:58.409 D/YMService(2610): Previous data connection state was unknown
04-21 20:53:58.409 D/YMService(2610): onConnectionStateChanged called but the DataConnectionState case is not handled. DataConnectionState is null
04-21 20:53:58.417 D/YMApiDataListener(2610): onPollComplete called with lastPollTime:Dec 31, 1969 at 6:00 PM -0600
04-21 20:53:58.417 I/YMApiDataListener(2610): All Auto Polling disabled
04-21 20:53:58.417 D/YMService(2610): onCreate() complete
04-21 20:53:58.417 D/WakeLock(2610): ApiService acquired, now 1 locks held (+)
04-21 20:53:58.417 D/WakeLock(2610): WakeLock DUMP: ApiService
04-21 20:53:58.417 E/YMService(2610): Got service start with no intent... bad!
04-21 20:53:58.417 E/YMService(2610): Intent was null for startId: 331
04-21 20:53:58.417 D/WakeLock(2610): ApiService released (held for 2mS), now 0 locks held (-)
04-21 20:53:58.417 I/BluetoothWrapper(2610): Got Intent { act=com.youmail.android.intent.broadcast.BLUETOOTH_STATUS flg=0x10 (has extras) }
04-21 20:53:58.417 I/BluetoothWrapper(2610): Bluetooth status changed 0 -> 1
04-21 20:53:58.417 D/WakeLock(2610): ApiService acquired, now 1 locks held (+)
04-21 20:53:58.417 D/WakeLock(2610): WakeLock DUMP: ApiService
04-21 20:53:58.424 D/YMService(2610): onStart with Intent { act=com.youmail.android.intent.service.YouMailApi dat=loaded://service/0 (has extras) }: 0/API_SERVICE_FIRST OR API_SERVICE_PREPARE
04-21 20:53:58.424 W/YMService(2610): Got an unexpected intent Intent { act=com.youmail.android.intent.service.YouMailApi dat=loaded://service/0 (has extras) }
04-21 20:53:58.424 D/YMService(2610): Completed Intent { act=com.youmail.android.intent.service.YouMailApi dat=loaded://service/0 (has extras) }: 0/API_SERVICE_FIRST OR API_SERVICE_PREPARE (Wake lock held for 2 mS)
04-21 20:53:58.424 D/WakeLock(2610): ApiService released (held for 3mS), now 0 locks held (-)
04-21 20:54:05.112 D/dalvikvm(2346): GC_CONCURRENT freed 318K, 18% free 2380K/2876K, paused 3ms+6ms, total 41ms
04-21 20:54:07.120 I/ActivityManager(378): Process android.process.media (pid 2584) has died.
04-21 20:54:07.854 I/ActivityManager(378): Start proc com.google.android.apps.plus for broadcast com.google.android.apps.plus/.service.CameraMonitor: pid=2629 uid=10123 gids={50123, 3003, 3002, 1015, 1006, 1028}
04-21 20:54:07.885 E/Trace   (2629): error opening trace file: No such file or directory (2)
